<!doctype html public "-//w3c//dtd html 4.0 transitional//en">
<html><head>
<title>Static Call Graph - [.\_build\CUSTOM-SR3_nRF52832_Custom_Board.axf]</title></head>
<body><HR>
<H1>Static Call Graph for image .\_build\CUSTOM-SR3_nRF52832_Custom_Board.axf</H1><HR>
<BR><P>#&#060CALLGRAPH&#062# ARM Linker, 5060750: Last Updated: Tue May 22 00:15:38 2018
<BR><P>
<H3>Maximum Stack Usage =       3096 bytes + Unknown(Cycles, Untraceable Function Pointers)</H3><H3>
Call chain for Maximum Stack Depth:</H3>
m_audio_process &rArr; drv_audio_codec_encode &rArr; opus_encode &rArr; opus_encode_native &rArr; celt_encode_with_ec &rArr; quant_all_bands &rArr; quant_band_stereo &rArr; quant_band &rArr; quant_partition &rArr;  quant_partition (Cycle)
<P>
<H3>
Mutually Recursive functions
</H3> <LI><a href="#[6]">NMI_Handler</a>&nbsp;&nbsp;&nbsp;&rArr;&nbsp;&nbsp;&nbsp;<a href="#[6]">NMI_Handler</a><BR>
 <LI><a href="#[8]">MemoryManagement_Handler</a>&nbsp;&nbsp;&nbsp;&rArr;&nbsp;&nbsp;&nbsp;<a href="#[8]">MemoryManagement_Handler</a><BR>
 <LI><a href="#[9]">BusFault_Handler</a>&nbsp;&nbsp;&nbsp;&rArr;&nbsp;&nbsp;&nbsp;<a href="#[9]">BusFault_Handler</a><BR>
 <LI><a href="#[a]">UsageFault_Handler</a>&nbsp;&nbsp;&nbsp;&rArr;&nbsp;&nbsp;&nbsp;<a href="#[a]">UsageFault_Handler</a><BR>
 <LI><a href="#[b]">SVC_Handler</a>&nbsp;&nbsp;&nbsp;&rArr;&nbsp;&nbsp;&nbsp;<a href="#[b]">SVC_Handler</a><BR>
 <LI><a href="#[c]">DebugMon_Handler</a>&nbsp;&nbsp;&nbsp;&rArr;&nbsp;&nbsp;&nbsp;<a href="#[c]">DebugMon_Handler</a><BR>
 <LI><a href="#[d]">PendSV_Handler</a>&nbsp;&nbsp;&nbsp;&rArr;&nbsp;&nbsp;&nbsp;<a href="#[d]">PendSV_Handler</a><BR>
 <LI><a href="#[e]">SysTick_Handler</a>&nbsp;&nbsp;&nbsp;&rArr;&nbsp;&nbsp;&nbsp;<a href="#[e]">SysTick_Handler</a><BR>
 <LI><a href="#[1e]">CCM_AAR_IRQHandler</a>&nbsp;&nbsp;&nbsp;&rArr;&nbsp;&nbsp;&nbsp;<a href="#[1e]">CCM_AAR_IRQHandler</a><BR>
 <LI><a href="#[1d3]">nrf_memobj_write</a>&nbsp;&nbsp;&nbsp;&rArr;&nbsp;&nbsp;&nbsp;<a href="#[139]">assert_nrf_callback</a><BR>
 <LI><a href="#[148]">app_error_handler</a>&nbsp;&nbsp;&nbsp;&rArr;&nbsp;&nbsp;&nbsp;<a href="#[83]">app_error_fault_handler</a><BR>
 <LI><a href="#[172]">nrf_balloc_free</a>&nbsp;&nbsp;&nbsp;&rArr;&nbsp;&nbsp;&nbsp;<a href="#[139]">assert_nrf_callback</a><BR>
 <LI><a href="#[13e]">nrf_log_frontend_std_4</a>&nbsp;&nbsp;&nbsp;&rArr;&nbsp;&nbsp;&nbsp;<a href="#[366]">std_n</a><BR>
 <LI><a href="#[164]">nrf_log_frontend_std_2</a>&nbsp;&nbsp;&nbsp;&rArr;&nbsp;&nbsp;&nbsp;<a href="#[366]">std_n</a><BR>
 <LI><a href="#[173]">nrf_balloc_alloc</a>&nbsp;&nbsp;&nbsp;&rArr;&nbsp;&nbsp;&nbsp;<a href="#[139]">assert_nrf_callback</a><BR>
 <LI><a href="#[366]">std_n</a>&nbsp;&nbsp;&nbsp;&rArr;&nbsp;&nbsp;&nbsp;<a href="#[139]">assert_nrf_callback</a><BR>
 <LI><a href="#[19c]">buf_prealloc</a>&nbsp;&nbsp;&nbsp;&rArr;&nbsp;&nbsp;&nbsp;<a href="#[139]">assert_nrf_callback</a><BR>
 <LI><a href="#[10d]">__asm___12_nrf_atfifo_c_51f461e1__nrf_atfifo_wspace_close</a>&nbsp;&nbsp;&nbsp;&rArr;&nbsp;&nbsp;&nbsp;<a href="#[10d]">__asm___12_nrf_atfifo_c_51f461e1__nrf_atfifo_wspace_close</a><BR>
 <LI><a href="#[10e]">__asm___12_nrf_atfifo_c_51f461e1__nrf_atfifo_rspace_close</a>&nbsp;&nbsp;&nbsp;&rArr;&nbsp;&nbsp;&nbsp;<a href="#[10e]">__asm___12_nrf_atfifo_c_51f461e1__nrf_atfifo_rspace_close</a><BR>
 <LI><a href="#[112]">qsort</a>&nbsp;&nbsp;&nbsp;&rArr;&nbsp;&nbsp;&nbsp;<a href="#[112]">qsort</a><BR>
 <LI><a href="#[103]">nrf_fstorage_sys_evt_handler</a>&nbsp;&nbsp;&nbsp;&rArr;&nbsp;&nbsp;&nbsp;<a href="#[22e]">queue_process</a><BR>
 <LI><a href="#[3bb]">quant_partition</a>&nbsp;&nbsp;&nbsp;&rArr;&nbsp;&nbsp;&nbsp;<a href="#[3bb]">quant_partition</a><BR>
 <LI><a href="#[226]">encode_multiframe_packet</a>&nbsp;&nbsp;&nbsp;&rArr;&nbsp;&nbsp;&nbsp;<a href="#[228]">opus_encode_native</a><BR>
 <LI><a href="#[130]">uECC_vli_numBits</a>&nbsp;&nbsp;&nbsp;&rArr;&nbsp;&nbsp;&nbsp;<a href="#[130]">uECC_vli_numBits</a><BR>
 <LI><a href="#[12b]">bcopy</a>&nbsp;&nbsp;&nbsp;&rArr;&nbsp;&nbsp;&nbsp;<a href="#[12b]">bcopy</a><BR>
</UL>
<P>
<H3>
Function Pointers
</H3><UL>
 <LI><a href="#[9]">BusFault_Handler</a> from arm_startup_nrf52.o(.text) referenced from arm_startup_nrf52.o(RESET)
 <LI><a href="#[1e]">CCM_AAR_IRQHandler</a> from arm_startup_nrf52.o(.text) referenced from arm_startup_nrf52.o(RESET)
 <LI><a href="#[22]">COMP_LPCOMP_IRQHandler</a> from arm_startup_nrf52.o(.text) referenced from arm_startup_nrf52.o(RESET)
 <LI><a href="#[c]">DebugMon_Handler</a> from arm_startup_nrf52.o(.text) referenced from arm_startup_nrf52.o(RESET)
 <LI><a href="#[1d]">ECB_IRQHandler</a> from arm_startup_nrf52.o(.text) referenced from arm_startup_nrf52.o(RESET)
 <LI><a href="#[33]">FPU_IRQHandler</a> from arm_startup_nrf52.o(.text) referenced from arm_startup_nrf52.o(RESET)
 <LI><a href="#[15]">GPIOTE_IRQHandler</a> from nrf_drv_gpiote.o(i.GPIOTE_IRQHandler) referenced from arm_startup_nrf52.o(RESET)
 <LI><a href="#[7]">HardFault_Handler</a> from hardfault_handler_keil.o(.emb_text) referenced from arm_startup_nrf52.o(RESET)
 <LI><a href="#[35]">HardFault_c_handler</a> from hardfault_implementation.o(i.HardFault_c_handler) referenced from hardfault_handler_keil.o(.emb_text)
 <LI><a href="#[32]">I2S_IRQHandler</a> from arm_startup_nrf52.o(.text) referenced from arm_startup_nrf52.o(RESET)
 <LI><a href="#[2d]">MWU_IRQHandler</a> from arm_startup_nrf52.o(.text) referenced from arm_startup_nrf52.o(RESET)
 <LI><a href="#[8]">MemoryManagement_Handler</a> from arm_startup_nrf52.o(.text) referenced from arm_startup_nrf52.o(RESET)
 <LI><a href="#[14]">NFCT_IRQHandler</a> from hal_nfc_t2t.o(i.NFCT_IRQHandler) referenced from arm_startup_nrf52.o(RESET)
 <LI><a href="#[6]">NMI_Handler</a> from arm_startup_nrf52.o(.text) referenced from arm_startup_nrf52.o(RESET)
 <LI><a href="#[2c]">PDM_IRQHandler</a> from nrf_drv_pdm.o(i.PDM_IRQHandler) referenced from arm_startup_nrf52.o(RESET)
 <LI><a href="#[f]">POWER_CLOCK_IRQHandler</a> from nrf_drv_clock.o(i.POWER_CLOCK_IRQHandler) referenced from arm_startup_nrf52.o(RESET)
 <LI><a href="#[2b]">PWM0_IRQHandler</a> from nrf_drv_pwm.o(i.PWM0_IRQHandler) referenced from arm_startup_nrf52.o(RESET)
 <LI><a href="#[2e]">PWM1_IRQHandler</a> from nrf_drv_pwm.o(i.PWM1_IRQHandler) referenced from arm_startup_nrf52.o(RESET)
 <LI><a href="#[2f]">PWM2_IRQHandler</a> from arm_startup_nrf52.o(.text) referenced from arm_startup_nrf52.o(RESET)
 <LI><a href="#[d]">PendSV_Handler</a> from arm_startup_nrf52.o(.text) referenced from arm_startup_nrf52.o(RESET)
 <LI><a href="#[21]">QDEC_IRQHandler</a> from arm_startup_nrf52.o(.text) referenced from arm_startup_nrf52.o(RESET)
 <LI><a href="#[10]">RADIO_IRQHandler</a> from arm_startup_nrf52.o(.text) referenced from arm_startup_nrf52.o(RESET)
 <LI><a href="#[1c]">RNG_IRQHandler</a> from nrf_drv_rng.o(i.RNG_IRQHandler) referenced from arm_startup_nrf52.o(RESET)
 <LI><a href="#[1a]">RTC0_IRQHandler</a> from arm_startup_nrf52.o(.text) referenced from arm_startup_nrf52.o(RESET)
 <LI><a href="#[20]">RTC1_IRQHandler</a> from app_timer.o(i.RTC1_IRQHandler) referenced from arm_startup_nrf52.o(RESET)
 <LI><a href="#[31]">RTC2_IRQHandler</a> from arm_startup_nrf52.o(.text) referenced from arm_startup_nrf52.o(RESET)
 <LI><a href="#[5]">Reset_Handler</a> from arm_startup_nrf52.o(.text) referenced from arm_startup_nrf52.o(RESET)
 <LI><a href="#[16]">SAADC_IRQHandler</a> from nrf_drv_saadc.o(i.SAADC_IRQHandler) referenced from arm_startup_nrf52.o(RESET)
 <LI><a href="#[12]">SPIM0_SPIS0_TWIM0_TWIS0_SPI0_TWI0_IRQHandler</a> from nrf_drv_twi.o(i.SPIM0_SPIS0_TWIM0_TWIS0_SPI0_TWI0_IRQHandler) referenced from arm_startup_nrf52.o(RESET)
 <LI><a href="#[13]">SPIM1_SPIS1_TWIM1_TWIS1_SPI1_TWI1_IRQHandler</a> from nrf_drv_twi.o(i.SPIM1_SPIS1_TWIM1_TWIS1_SPI1_TWI1_IRQHandler) referenced from arm_startup_nrf52.o(RESET)
 <LI><a href="#[30]">SPIM2_SPIS2_SPI2_IRQHandler</a> from arm_startup_nrf52.o(.text) referenced from arm_startup_nrf52.o(RESET)
 <LI><a href="#[b]">SVC_Handler</a> from arm_startup_nrf52.o(.text) referenced from arm_startup_nrf52.o(RESET)
 <LI><a href="#[23]">SWI0_EGU0_IRQHandler</a> from app_timer.o(i.SWI0_EGU0_IRQHandler) referenced from arm_startup_nrf52.o(RESET)
 <LI><a href="#[24]">SWI1_EGU1_IRQHandler</a> from main.o(i.SWI1_EGU1_IRQHandler) referenced from arm_startup_nrf52.o(RESET)
 <LI><a href="#[25]">SWI2_EGU2_IRQHandler</a> from nrf_sdh.o(i.SWI2_EGU2_IRQHandler) referenced from arm_startup_nrf52.o(RESET)
 <LI><a href="#[26]">SWI3_EGU3_IRQHandler</a> from main.o(i.SWI3_EGU3_IRQHandler) referenced from arm_startup_nrf52.o(RESET)
 <LI><a href="#[27]">SWI4_EGU4_IRQHandler</a> from arm_startup_nrf52.o(.text) referenced from arm_startup_nrf52.o(RESET)
 <LI><a href="#[28]">SWI5_EGU5_IRQHandler</a> from arm_startup_nrf52.o(.text) referenced from arm_startup_nrf52.o(RESET)
 <LI><a href="#[e]">SysTick_Handler</a> from arm_startup_nrf52.o(.text) referenced from arm_startup_nrf52.o(RESET)
 <LI><a href="#[37]">SystemInit</a> from system_nrf52.o(i.SystemInit) referenced from arm_startup_nrf52.o(.text)
 <LI><a href="#[1b]">TEMP_IRQHandler</a> from arm_startup_nrf52.o(.text) referenced from arm_startup_nrf52.o(RESET)
 <LI><a href="#[17]">TIMER0_IRQHandler</a> from arm_startup_nrf52.o(.text) referenced from arm_startup_nrf52.o(RESET)
 <LI><a href="#[18]">TIMER1_IRQHandler</a> from arm_startup_nrf52.o(.text) referenced from arm_startup_nrf52.o(RESET)
 <LI><a href="#[19]">TIMER2_IRQHandler</a> from arm_startup_nrf52.o(.text) referenced from arm_startup_nrf52.o(RESET)
 <LI><a href="#[29]">TIMER3_IRQHandler</a> from arm_startup_nrf52.o(.text) referenced from arm_startup_nrf52.o(RESET)
 <LI><a href="#[2a]">TIMER4_IRQHandler</a> from hal_nfc_t2t.o(i.TIMER4_IRQHandler) referenced from arm_startup_nrf52.o(RESET)
 <LI><a href="#[11]">UARTE0_UART0_IRQHandler</a> from arm_startup_nrf52.o(.text) referenced from arm_startup_nrf52.o(RESET)
 <LI><a href="#[a]">UsageFault_Handler</a> from arm_startup_nrf52.o(.text) referenced from arm_startup_nrf52.o(RESET)
 <LI><a href="#[1f]">WDT_IRQHandler</a> from nrf_drv_wdt.o(i.WDT_IRQHandler) referenced from arm_startup_nrf52.o(RESET)
 <LI><a href="#[38]">__main</a> from entry.o(.ARM.Collect$$$$00000000) referenced from arm_startup_nrf52.o(.text)
 <LI><a href="#[56]">adv_start_handler</a> from m_coms_ble_adv.o(i.adv_start_handler) referenced from m_coms_ble_adv.o(i.m_coms_ble_adv_on_ble_evt)
 <LI><a href="#[56]">adv_start_handler</a> from m_coms_ble_adv.o(i.adv_start_handler) referenced from m_coms_ble_adv.o(i.m_coms_ble_adv_on_sys_evt)
 <LI><a href="#[56]">adv_start_handler</a> from m_coms_ble_adv.o(i.adv_start_handler) referenced from m_coms_ble_adv.o(i.m_coms_ble_adv_pm_evt_handler)
 <LI><a href="#[56]">adv_start_handler</a> from m_coms_ble_adv.o(i.adv_start_handler) referenced from m_coms_ble_adv.o(i.set_lesc_key)
 <LI><a href="#[83]">app_error_fault_handler</a> from app_error_handler.o(i.app_error_fault_handler) referenced from nrf_sdh.o(i.nrf_sdh_enable_request)
 <LI><a href="#[3c]">app_sched_event_handler</a> from app_scheduler.o(i.app_sched_event_handler) referenced from app_scheduler.o(i.app_sched_event_put)
 <LI><a href="#[79]">app_timer_cnt_get</a> from app_timer.o(i.app_timer_cnt_get) referenced from main.o(i.main)
 <LI><a href="#[3a]">appsh_events_poll</a> from nrf_sdh.o(i.appsh_events_poll) referenced from nrf_sdh.o(i.SWI2_EGU2_IRQHandler)
 <LI><a href="#[78]">bg_scheduler_post_put_hook</a> from main.o(i.bg_scheduler_post_put_hook) referenced from main.o(i.main)
 <LI><a href="#[f9]">ble_bas_on_ble_evt</a> from ble_bas.o(i.ble_bas_on_ble_evt) referenced from m_coms_ble.o(sdh_ble_observers1)
 <LI><a href="#[f7]">ble_evt_handler</a> from ble_conn_params.o(i.ble_evt_handler) referenced 2 times from ble_conn_params.o(sdh_ble_observers0)
 <LI><a href="#[fe]">ble_evt_handler</a> from peer_manager.o(i.ble_evt_handler) referenced from peer_manager.o(sdh_ble_observers1)
 <LI><a href="#[5a]">ble_hids_error_handler</a> from m_coms_ble.o(i.ble_hids_error_handler) referenced from m_coms_ble.o(i.m_coms_ble_init)
 <LI><a href="#[59]">ble_hids_evt_handler</a> from m_coms_ble.o(i.ble_hids_evt_handler) referenced from m_coms_ble.o(i.m_coms_ble_init)
 <LI><a href="#[fa]">ble_ias_on_ble_evt</a> from ble_ias.o(i.ble_ias_on_ble_evt) referenced from m_coms_ble.o(sdh_ble_observers1)
 <LI><a href="#[ff]">ble_nus_on_ble_evt</a> from ble_nus.o(i.ble_nus_on_ble_evt) referenced from nrf_cli_ble_uart.o(sdh_ble_observers1)
 <LI><a href="#[63]">ble_stack_disable</a> from m_coms_ble.o(i.ble_stack_disable) referenced from m_coms_ble.o(i.m_coms_ble_shutdown)
 <LI><a href="#[f4]">board_shutdown</a> from m_init.o(i.board_shutdown) referenced from m_init.o(pwr_mgmt_data4)
 <LI><a href="#[c2]">cli_ble_uart_enable</a> from nrf_cli_ble_uart.o(i.cli_ble_uart_enable) referenced from nrf_cli_ble_uart.o(.constdata)
 <LI><a href="#[c0]">cli_ble_uart_init</a> from nrf_cli_ble_uart.o(i.cli_ble_uart_init) referenced from nrf_cli_ble_uart.o(.constdata)
 <LI><a href="#[c4]">cli_ble_uart_read</a> from nrf_cli_ble_uart.o(i.cli_ble_uart_read) referenced from nrf_cli_ble_uart.o(.constdata)
 <LI><a href="#[c1]">cli_ble_uart_uninit</a> from nrf_cli_ble_uart.o(i.cli_ble_uart_uninit) referenced from nrf_cli_ble_uart.o(.constdata)
 <LI><a href="#[c3]">cli_ble_uart_write</a> from nrf_cli_ble_uart.o(i.cli_ble_uart_write) referenced from nrf_cli_ble_uart.o(.constdata)
 <LI><a href="#[c7]">cli_rtt_enable</a> from nrf_cli_rtt.o(i.cli_rtt_enable) referenced from nrf_cli_rtt.o(.constdata)
 <LI><a href="#[c5]">cli_rtt_init</a> from nrf_cli_rtt.o(i.cli_rtt_init) referenced from nrf_cli_rtt.o(.constdata)
 <LI><a href="#[c9]">cli_rtt_read</a> from nrf_cli_rtt.o(i.cli_rtt_read) referenced from nrf_cli_rtt.o(.constdata)
 <LI><a href="#[c6]">cli_rtt_uninit</a> from nrf_cli_rtt.o(i.cli_rtt_uninit) referenced from nrf_cli_rtt.o(.constdata)
 <LI><a href="#[c8]">cli_rtt_write</a> from nrf_cli_rtt.o(i.cli_rtt_write) referenced from nrf_cli_rtt.o(.constdata)
 <LI><a href="#[7d]">cli_transport_evt_handler</a> from nrf_cli.o(i.cli_transport_evt_handler) referenced from nrf_cli.o(i.nrf_cli_init)
 <LI><a href="#[5e]">conn_params_error_handler</a> from m_coms_ble.o(i.conn_params_error_handler) referenced from m_coms_ble.o(i.m_coms_ble_init)
 <LI><a href="#[7f]">console_task</a> from nrf_cli.o(i.console_task) referenced from nrf_cli.o(i.nrf_cli_task_create)
 <LI><a href="#[df]">double_jacobian_default</a> from uECC.c.o(.text.double_jacobian_default) referenced from uECC.c.o(.rodata.curve_secp160r1)
 <LI><a href="#[df]">double_jacobian_default</a> from uECC.c.o(.text.double_jacobian_default) referenced from uECC.c.o(.rodata.curve_secp192r1)
 <LI><a href="#[df]">double_jacobian_default</a> from uECC.c.o(.text.double_jacobian_default) referenced from uECC.c.o(.rodata.curve_secp224r1)
 <LI><a href="#[df]">double_jacobian_default</a> from uECC.c.o(.text.double_jacobian_default) referenced from uECC.c.o(.rodata.curve_secp256r1)
 <LI><a href="#[85]">downmix_int</a> from opus_encoder.o(i.downmix_int) referenced from opus_encoder.o(i.opus_encode)
 <LI><a href="#[8b]">drv_audio_codec_info_cmd</a> from drv_audio_codec_opus.o(i.drv_audio_codec_info_cmd) referenced from drv_audio_codec_opus.o(.constdata)
 <LI><a href="#[89]">drv_audio_codec_set_bitrate_cmd</a> from drv_audio_codec_opus.o(i.drv_audio_codec_set_bitrate_cmd) referenced from drv_audio_codec_opus.o(.constdata)
 <LI><a href="#[8c]">drv_audio_codec_set_cmd</a> from drv_audio_codec_opus.o(i.drv_audio_codec_set_cmd) referenced from drv_audio_codec_opus.o(.constdata)
 <LI><a href="#[8a]">drv_audio_codec_set_complexity_cmd</a> from drv_audio_codec_opus.o(i.drv_audio_codec_set_complexity_cmd) referenced from drv_audio_codec_opus.o(.constdata)
 <LI><a href="#[8e]">drv_audio_info_cmd</a> from drv_audio_pdm.o(i.drv_audio_info_cmd) referenced from drv_audio_pdm.o(.constdata)
 <LI><a href="#[41]">drv_audio_pdm_event_handler</a> from drv_audio_pdm.o(i.drv_audio_pdm_event_handler) referenced from drv_audio_pdm.o(i.drv_audio_init)
 <LI><a href="#[8f]">drv_audio_set_cmd</a> from drv_audio_pdm.o(i.drv_audio_set_cmd) referenced from drv_audio_pdm.o(.constdata)
 <LI><a href="#[8d]">drv_audio_set_gain_cmd</a> from drv_audio_pdm.o(i.drv_audio_set_gain_cmd) referenced from drv_audio_pdm.o(.constdata)
 <LI><a href="#[42]">drv_buzzer_pwm_event_handler</a> from drv_buzzer.o(i.drv_buzzer_pwm_event_handler) referenced from drv_buzzer.o(i.drv_buzzer_init)
 <LI><a href="#[46]">drv_keyboard_interrupt_handler</a> from drv_keyboard_matrix.o(i.drv_keyboard_interrupt_handler) referenced from drv_keyboard_matrix.o(i.drv_keyboard_init)
 <LI><a href="#[45]">drv_keyboard_scan</a> from drv_keyboard_matrix.o(i.drv_keyboard_scan) referenced from drv_keyboard_matrix.o(i.drv_keyboard_init)
 <LI><a href="#[45]">drv_keyboard_scan</a> from drv_keyboard_matrix.o(i.drv_keyboard_scan) referenced from drv_keyboard_matrix.o(i.drv_keyboard_interrupt_handler)
 <LI><a href="#[44]">drv_keyboard_scan_handler</a> from drv_keyboard_matrix.o(i.drv_keyboard_scan_handler) referenced from drv_keyboard_matrix.o(i.drv_keyboard_enable)
 <LI><a href="#[44]">drv_keyboard_scan_handler</a> from drv_keyboard_matrix.o(i.drv_keyboard_scan_handler) referenced from drv_keyboard_matrix.o(i.drv_keyboard_interrupt_handler)
 <LI><a href="#[44]">drv_keyboard_scan_handler</a> from drv_keyboard_matrix.o(i.drv_keyboard_scan_handler) referenced from drv_keyboard_matrix.o(i.drv_keyboard_scan_handler)
 <LI><a href="#[ce]">erase</a> from nrf_fstorage_sd.o(i.erase) referenced from nrf_fstorage_sd.o(.constdata)
 <LI><a href="#[f0]">event_bus_log_statistics</a> from event_bus.o(i.event_bus_log_statistics) referenced from event_bus.o(pwr_mgmt_data3)
 <LI><a href="#[47]">event_process</a> from event_bus.o(i.event_process) referenced from event_bus.o(i.event_send)
 <LI><a href="#[86]">fds_evt_handler</a> from peer_data_storage.o(i.fds_evt_handler) referenced from peer_data_storage.o(i.pds_init)
 <LI><a href="#[77]">fg_scheduler_post_put_hook</a> from main.o(i.fg_scheduler_post_put_hook) referenced from main.o(i.main)
 <LI><a href="#[4]">fs_event_handler</a> from fds.o(i.fs_event_handler) referenced 2 times from fds.o(fs_data)
 <LI><a href="#[5c]">gatt_evt_handler</a> from m_coms_ble.o(i.gatt_evt_handler) referenced from m_coms_ble.o(i.m_coms_ble_init)
 <LI><a href="#[a5]">gcm_im_evt_handler</a> from gatt_cache_manager.o(i.gcm_im_evt_handler) referenced from id_manager.o(.constdata)
 <LI><a href="#[aa]">gcm_pdb_evt_handler</a> from gatt_cache_manager.o(i.gcm_pdb_evt_handler) referenced from peer_database.o(.constdata)
 <LI><a href="#[3b]">gpiote_handler</a> from app_gpiote.o(i.gpiote_handler) referenced from app_gpiote.o(i.app_gpiote_user_register)
 <LI><a href="#[a9]">gscm_pdb_evt_handler</a> from gatts_cache_manager.o(i.gscm_pdb_evt_handler) referenced from peer_database.o(.constdata)
 <LI><a href="#[7b]">halNfcCallback</a> from nfc_t2t_lib.o(i.halNfcCallback) referenced from nfc_t2t_lib.o(i.nfc_t2t_setup)
 <LI><a href="#[5d]">ias_evt_handler</a> from m_coms_ble.o(i.ias_evt_handler) referenced from m_coms_ble.o(i.m_coms_ble_init)
 <LI><a href="#[7a]">idle_task</a> from main.o(i.idle_task) referenced from main.o(i.main)
 <LI><a href="#[ca]">init</a> from nrf_fstorage_sd.o(i.init) referenced from nrf_fstorage_sd.o(.constdata)
 <LI><a href="#[d2]">internal_transaction_cb</a> from nrf_twi_mngr.o(i.internal_transaction_cb) referenced from nrf_twi_mngr.o(.constdata)
 <LI><a href="#[d1]">is_busy</a> from nrf_fstorage_sd.o(i.is_busy) referenced from nrf_fstorage_sd.o(.constdata)
 <LI><a href="#[a2]">key_combo_util_key_process</a> from key_combo_util.o(i.key_combo_util_key_process) referenced from m_init.o(.constdata)
 <LI><a href="#[da]">log_cmd</a> from nrf_log_frontend.o(i.log_cmd) referenced from nrf_log_frontend.o(.constdata)
 <LI><a href="#[d6]">log_ctrl</a> from nrf_log_frontend.o(i.log_ctrl) referenced 2 times from nrf_log_frontend.o(.constdata)
 <LI><a href="#[d7]">log_go</a> from nrf_log_frontend.o(i.log_go) referenced from nrf_log_frontend.o(.constdata)
 <LI><a href="#[d8]">log_halt</a> from nrf_log_frontend.o(i.log_halt) referenced from nrf_log_frontend.o(.constdata)
 <LI><a href="#[d9]">log_status</a> from nrf_log_frontend.o(i.log_status) referenced from nrf_log_frontend.o(.constdata)
 <LI><a href="#[49]">m_acc_click_handler</a> from m_acc.o(i.m_acc_click_handler) referenced from m_acc.o(i.m_acc_init)
 <LI><a href="#[40]">m_acc_interupt_handler</a> from drv_acc_lis3dh.o(i.m_acc_interupt_handler) referenced from drv_acc_lis3dh.o(i.drv_acc_init)
 <LI><a href="#[ed]">m_acc_shutdown</a> from m_acc.o(i.m_acc_shutdown) referenced from m_acc.o(pwr_mgmt_data2)
 <LI><a href="#[4d]">m_audio_buffer_handler</a> from m_audio.o(i.m_audio_buffer_handler) referenced from m_audio.o(i.m_audio_init)
 <LI><a href="#[90]">m_audio_cmd</a> from m_audio.o(i.m_audio_cmd) referenced 3 times from m_audio.o(.constdata)
 <LI><a href="#[91]">m_audio_info_cmd</a> from m_audio.o(i.m_audio_info_cmd) referenced from m_audio.o(.constdata)
 <LI><a href="#[4b]">m_audio_log_gauges</a> from m_audio.o(i.m_audio_log_gauges) referenced from m_audio.o(i.m_audio_disable)
 <LI><a href="#[4b]">m_audio_log_gauges</a> from m_audio.o(i.m_audio_log_gauges) referenced from m_audio.o(i.m_audio_shutdown)
 <LI><a href="#[f1]">m_audio_log_statistics</a> from m_audio.o(i.m_audio_log_statistics) referenced from m_audio.o(pwr_mgmt_data3)
 <LI><a href="#[4a]">m_audio_process</a> from m_audio.o(i.m_audio_process) referenced from m_audio.o(i.m_audio_buffer_handler)
 <LI><a href="#[4c]">m_audio_reset_gauges</a> from m_audio.o(i.m_audio_reset_gauges) referenced from m_audio.o(i.m_audio_enable)
 <LI><a href="#[4e]">m_audio_send</a> from m_audio.o(i.m_audio_send) referenced from m_audio.o(i.m_audio_process)
 <LI><a href="#[e7]">m_audio_shutdown</a> from m_audio.o(i.m_audio_shutdown) referenced from m_audio.o(pwr_mgmt_data1)
 <LI><a href="#[51]">m_batt_meas_process</a> from m_batt_meas.o(i.m_batt_meas_process) referenced from m_batt_meas.o(i.m_batt_meas_saadc_event_handler)
 <LI><a href="#[4f]">m_batt_meas_saadc_event_handler</a> from m_batt_meas.o(i.m_batt_meas_saadc_event_handler) referenced from m_batt_meas.o(i.m_batt_meas_init)
 <LI><a href="#[e8]">m_batt_meas_shutdown</a> from m_batt_meas.o(i.m_batt_meas_shutdown) referenced from m_batt_meas.o(pwr_mgmt_data1)
 <LI><a href="#[50]">m_batt_meas_timeout_handler</a> from m_batt_meas.o(i.m_batt_meas_timeout_handler) referenced from m_batt_meas.o(i.m_batt_meas_init)
 <LI><a href="#[50]">m_batt_meas_timeout_handler</a> from m_batt_meas.o(i.m_batt_meas_timeout_handler) referenced from m_batt_meas.o(i.m_batt_meas_saadc_event_handler)
 <LI><a href="#[52]">m_buzzer_ack</a> from m_buzzer.o(i.m_buzzer_ack) referenced from m_buzzer.o(i.m_buzzer_ack_handler)
 <LI><a href="#[53]">m_buzzer_ack_handler</a> from m_buzzer.o(i.m_buzzer_ack_handler) referenced from m_buzzer.o(i.m_buzzer_init)
 <LI><a href="#[a1]">m_buzzer_event_handler</a> from m_buzzer.o(i.m_buzzer_event_handler) referenced from m_init.o(.constdata)
 <LI><a href="#[e9]">m_buzzer_shutdown</a> from m_buzzer.o(i.m_buzzer_shutdown) referenced from m_buzzer.o(pwr_mgmt_data1)
 <LI><a href="#[68]">m_coms_audio_frame_free_func</a> from m_coms.o(i.m_coms_audio_frame_free_func) referenced from m_coms.o(i.m_coms_send_audio)
 <LI><a href="#[fb]">m_coms_ble_adv_on_ble_evt</a> from m_coms_ble_adv.o(i.m_coms_ble_adv_on_ble_evt) referenced from m_coms_ble_adv.o(sdh_ble_observers1)
 <LI><a href="#[105]">m_coms_ble_adv_on_sys_evt</a> from m_coms_ble_adv.o(i.m_coms_ble_adv_on_sys_evt) referenced from m_coms_ble_adv.o(sdh_soc_observers1)
 <LI><a href="#[55]">m_coms_ble_adv_pm_evt_handler</a> from m_coms_ble_adv.o(i.m_coms_ble_adv_pm_evt_handler) referenced from m_coms_ble_adv.o(i.m_coms_ble_adv_init)
 <LI><a href="#[9a]">m_coms_ble_cmd</a> from m_coms_ble.o(i.m_coms_ble_cmd) referenced 2 times from m_coms_ble.o(.constdata)
 <LI><a href="#[3]">m_coms_ble_dfu_fs_evt_handler</a> from m_coms_ble_dfu.o(i.m_coms_ble_dfu_fs_evt_handler) referenced 2 times from m_coms_ble_dfu.o(fs_data)
 <LI><a href="#[fc]">m_coms_ble_dfu_on_ble_evt</a> from m_coms_ble_dfu.o(i.m_coms_ble_dfu_on_ble_evt) referenced from m_coms_ble_dfu.o(sdh_ble_observers1)
 <LI><a href="#[e5]">m_coms_ble_dfu_shutdown</a> from m_coms_ble_dfu.o(i.m_coms_ble_dfu_shutdown) referenced from m_coms_ble_dfu.o(pwr_mgmt_data0)
 <LI><a href="#[92]">m_coms_ble_evt_handler</a> from m_coms.o(i.m_coms_ble_evt_handler) referenced from m_coms.o(.constdata)
 <LI><a href="#[fd]">m_coms_ble_hid_on_ble_evt</a> from m_coms_ble_hid.o(i.m_coms_ble_hid_on_ble_evt) referenced from m_coms_ble_hid.o(sdh_ble_observers1)
 <LI><a href="#[60]">m_coms_ble_lesc_calc_dh_key</a> from m_coms_ble_lesc.o(i.m_coms_ble_lesc_calc_dh_key) referenced from m_coms_ble_lesc.o(i.m_coms_ble_lesc_gen_data)
 <LI><a href="#[61]">m_coms_ble_lesc_calc_keys</a> from m_coms_ble_lesc.o(i.m_coms_ble_lesc_calc_keys) referenced from m_coms_ble_lesc.o(i.m_coms_ble_lesc_gen_data)
 <LI><a href="#[62]">m_coms_ble_lesc_gen_data</a> from m_coms_ble_lesc.o(i.m_coms_ble_lesc_gen_data) referenced from m_coms_ble_lesc.o(i.m_coms_ble_lesc_generate_key)
 <LI><a href="#[62]">m_coms_ble_lesc_gen_data</a> from m_coms_ble_lesc.o(i.m_coms_ble_lesc_gen_data) referenced from m_coms_ble_lesc.o(i.m_coms_ble_lesc_on_ble_evt)
 <LI><a href="#[5f]">m_coms_ble_lesc_notify</a> from m_coms_ble_lesc.o(i.m_coms_ble_lesc_notify) referenced from m_coms_ble_lesc.o(i.m_coms_ble_lesc_calc_keys)
 <LI><a href="#[f6]">m_coms_ble_lesc_on_ble_evt</a> from m_coms_ble_lesc.o(i.m_coms_ble_lesc_on_ble_evt) referenced from m_coms_ble_lesc.o(sdh_ble_observers0)
 <LI><a href="#[100]">m_coms_ble_on_ble_evt</a> from m_coms_ble.o(i.m_coms_ble_on_ble_evt) referenced from m_coms_ble.o(sdh_ble_observers2)
 <LI><a href="#[104]">m_coms_ble_on_sys_evt</a> from m_coms_ble.o(i.m_coms_ble_on_sys_evt) referenced from m_coms_ble.o(sdh_soc_observers1)
 <LI><a href="#[99]">m_coms_ble_sl_disable_cmd</a> from m_coms_ble.o(i.m_coms_ble_sl_disable_cmd) referenced from m_coms_ble.o(.constdata)
 <LI><a href="#[98]">m_coms_ble_sl_enable_cmd</a> from m_coms_ble.o(i.m_coms_ble_sl_enable_cmd) referenced from m_coms_ble.o(.constdata)
 <LI><a href="#[67]">m_coms_create_consumer_ctrl_report</a> from m_coms.o(i.m_coms_create_consumer_ctrl_report) referenced from m_coms.o(i.m_coms_event_handler)
 <LI><a href="#[65]">m_coms_create_keyboard_report</a> from m_coms.o(i.m_coms_create_keyboard_report) referenced from m_coms.o(i.m_coms_event_handler)
 <LI><a href="#[66]">m_coms_create_mouse_btn_report</a> from m_coms.o(i.m_coms_create_mouse_btn_report) referenced from m_coms.o(i.m_coms_event_handler)
 <LI><a href="#[9e]">m_coms_event_handler</a> from m_coms.o(i.m_coms_event_handler) referenced from m_init.o(.constdata)
 <LI><a href="#[93]">m_coms_hid_boot_mode_callback</a> from m_coms.o(i.m_coms_hid_boot_mode_callback) referenced from m_coms.o(.constdata)
 <LI><a href="#[f2]">m_coms_log_statistics</a> from m_coms.o(i.m_coms_log_statistics) referenced from m_coms.o(pwr_mgmt_data3)
 <LI><a href="#[94]">m_coms_process_audio_hid</a> from m_coms.o(i.m_coms_process_audio_hid) referenced from m_coms.o(.constdata)
 <LI><a href="#[96]">m_coms_process_keys</a> from m_coms.o(i.m_coms_process_keys) referenced from m_coms.o(.constdata)
 <LI><a href="#[97]">m_coms_process_wp_motion</a> from m_coms.o(i.m_coms_process_wp_motion) referenced from m_coms.o(.constdata)
 <LI><a href="#[95]">m_coms_process_xy_motion</a> from m_coms.o(i.m_coms_process_xy_motion) referenced 2 times from m_coms.o(.constdata)
 <LI><a href="#[64]">m_coms_report_free_func</a> from m_coms.o(i.m_coms_report_free_func) referenced from m_coms.o(i.m_coms_enqueue_report)
 <LI><a href="#[ea]">m_coms_shutdown</a> from m_coms.o(i.m_coms_shutdown) referenced from m_coms.o(pwr_mgmt_data1)
 <LI><a href="#[69]">m_ir_tx_ack_symbol</a> from m_ir_tx.o(i.m_ir_tx_ack_symbol) referenced from m_ir_tx.o(i.m_ir_tx_drv_ack_handler)
 <LI><a href="#[69]">m_ir_tx_ack_symbol</a> from m_ir_tx.o(i.m_ir_tx_ack_symbol) referenced from m_ir_tx.o(i.m_ir_tx_init)
 <LI><a href="#[6a]">m_ir_tx_drv_ack_handler</a> from m_ir_tx.o(i.m_ir_tx_drv_ack_handler) referenced from m_ir_tx.o(i.m_ir_tx_init)
 <LI><a href="#[a0]">m_ir_tx_event_handler</a> from m_ir_tx.o(i.m_ir_tx_event_handler) referenced from m_init.o(.constdata)
 <LI><a href="#[eb]">m_ir_tx_shutdown</a> from m_ir_tx.o(i.m_ir_tx_shutdown) referenced from m_ir_tx.o(pwr_mgmt_data1)
 <LI><a href="#[6c]">m_keyboard_event_handler</a> from m_keyboard.o(i.m_keyboard_event_handler) referenced from m_keyboard.o(i.m_keyboard_init)
 <LI><a href="#[6d]">m_keyboard_held_timer_timeout_handler</a> from m_keyboard.o(i.m_keyboard_held_timer_timeout_handler) referenced from m_keyboard.o(i.m_keyboard_init)
 <LI><a href="#[6b]">m_keyboard_process</a> from m_keyboard.o(i.m_keyboard_process) referenced from m_keyboard.o(i.m_keyboard_event_handler)
 <LI><a href="#[6b]">m_keyboard_process</a> from m_keyboard.o(i.m_keyboard_process) referenced from m_keyboard.o(i.m_keyboard_init)
 <LI><a href="#[ec]">m_keyboard_shutdown</a> from m_keyboard.o(i.m_keyboard_shutdown) referenced from m_keyboard.o(pwr_mgmt_data1)
 <LI><a href="#[6f]">m_nfc_callback</a> from m_nfc.o(i.m_nfc_callback) referenced from m_nfc.o(i.m_nfc_init)
 <LI><a href="#[9f]">m_nfc_event_handler</a> from m_nfc.o(i.m_nfc_event_handler) referenced from m_init.o(.constdata)
 <LI><a href="#[6e]">m_nfc_handler</a> from m_nfc.o(i.m_nfc_handler) referenced from m_nfc.o(i.m_nfc_callback)
 <LI><a href="#[70]">m_nfc_prepare_pairing_keys</a> from m_nfc.o(i.m_nfc_prepare_pairing_keys) referenced from m_nfc.o(i.m_nfc_prepare_pairing_keys)
 <LI><a href="#[e6]">m_nfc_shutdown</a> from m_nfc.o(i.m_nfc_shutdown) referenced from m_nfc.o(pwr_mgmt_data0)
 <LI><a href="#[9c]">m_protocol_hid_event_handler</a> from m_protocol_hid.o(i.m_protocol_hid_event_handler) referenced from m_init.o(.constdata)
 <LI><a href="#[71]">m_protocol_hid_keymap_compare</a> from m_protocol_hid.o(i.m_protocol_hid_keymap_compare) referenced from m_protocol_hid.o(i.m_protocol_hid_key_event_handler)
 <LI><a href="#[f3]">m_protocol_hid_state_log_statistics</a> from m_protocol_hid_state.o(i.m_protocol_hid_state_log_statistics) referenced from m_protocol_hid_state.o(pwr_mgmt_data3)
 <LI><a href="#[72]">m_protocol_hid_state_report_issued</a> from m_protocol_hid_state.o(i.m_protocol_hid_state_report_issued) referenced from m_protocol_hid_state.o(i.m_protocol_hid_state_connect)
 <LI><a href="#[72]">m_protocol_hid_state_report_issued</a> from m_protocol_hid_state.o(i.m_protocol_hid_state_report_issued) referenced from m_protocol_hid_state.o(i.m_protocol_hid_state_report_issued)
 <LI><a href="#[72]">m_protocol_hid_state_report_issued</a> from m_protocol_hid_state.o(i.m_protocol_hid_state_report_issued) referenced from m_protocol_hid_state.o(i.m_protocol_hid_state_update)
 <LI><a href="#[73]">m_protocol_hid_state_usage_compare</a> from m_protocol_hid_state.o(i.m_protocol_hid_state_usage_compare) referenced from m_protocol_hid_state.o(i.m_protocol_hid_state_get)
 <LI><a href="#[73]">m_protocol_hid_state_usage_compare</a> from m_protocol_hid_state.o(i.m_protocol_hid_state_usage_compare) referenced from m_protocol_hid_state.o(i.m_protocol_hid_state_set_value)
 <LI><a href="#[74]">m_protocol_hid_state_usage_page_compare</a> from m_protocol_hid_state.o(i.m_protocol_hid_state_usage_page_compare) referenced from m_protocol_hid_state.o(i.m_protocol_hid_state_page_it_init)
 <LI><a href="#[9d]">m_protocol_ir_event_handler</a> from m_protocol_ir.o(i.m_protocol_ir_event_handler) referenced from m_init.o(.constdata)
 <LI><a href="#[75]">m_protocol_ir_keymap_compare</a> from m_protocol_ir.o(i.m_protocol_ir_keymap_compare) referenced from m_protocol_ir.o(i.m_protocol_ir_event_handler)
 <LI><a href="#[9b]">m_system_state_event_handler</a> from m_system_state.o(i.m_system_state_event_handler) referenced from m_init.o(.constdata)
 <LI><a href="#[34]">main</a> from main.o(i.main) referenced from entry9a.o(.ARM.Collect$$$$0000000B)
 <LI><a href="#[d4]">module_name_get</a> from nrf_log_frontend.o(i.module_name_get) referenced from nrf_log_frontend.o(.constdata)
 <LI><a href="#[dd]">nfc_ac_rec_payload_constructor</a> from nfc_ac_rec.o(i.nfc_ac_rec_payload_constructor) referenced 2 times from nfc_ble_pair_msg.o(.constdata)
 <LI><a href="#[dc]">nfc_ep_oob_payload_constructor</a> from nfc_ep_oob_rec.o(i.nfc_ep_oob_payload_constructor) referenced 2 times from nfc_ble_pair_msg.o(.constdata)
 <LI><a href="#[de]">nfc_hs_rec_payload_constructor</a> from nfc_hs_rec.o(i.nfc_hs_rec_payload_constructor) referenced from nfc_ble_pair_msg.o(.constdata)
 <LI><a href="#[db]">nfc_le_oob_payload_constructor</a> from nfc_le_oob_rec.o(i.nfc_le_oob_payload_constructor) referenced 2 times from nfc_ble_pair_msg.o(.constdata)
 <LI><a href="#[a3]">nfc_text_rec_payload_constructor</a> from nfc_text_rec.o(i.nfc_text_rec_payload_constructor) referenced from m_nfc.o(.constdata)
 <LI><a href="#[f5]">nrf_ble_gatt_on_ble_evt</a> from nrf_ble_gatt.o(i.nrf_ble_gatt_on_ble_evt) referenced from m_coms_ble.o(sdh_ble_observers0)
 <LI><a href="#[b3]">nrf_cli_cmd_clear</a> from nrf_cli.o(i.nrf_cli_cmd_clear) referenced from nrf_cli.o(.constdata)
 <LI><a href="#[bf]">nrf_cli_cmd_cli_stats</a> from nrf_cli.o(i.nrf_cli_cmd_cli_stats) referenced from nrf_cli.o(.constdata)
 <LI><a href="#[bd]">nrf_cli_cmd_cli_stats_get</a> from nrf_cli.o(i.nrf_cli_cmd_cli_stats_get) referenced from nrf_cli.o(.constdata)
 <LI><a href="#[be]">nrf_cli_cmd_cli_stats_reset</a> from nrf_cli.o(i.nrf_cli_cmd_cli_stats_reset) referenced from nrf_cli.o(.constdata)
 <LI><a href="#[b6]">nrf_cli_cmd_colors</a> from nrf_cli.o(i.nrf_cli_cmd_colors) referenced from nrf_cli.o(.constdata)
 <LI><a href="#[b4]">nrf_cli_cmd_colors_off</a> from nrf_cli.o(i.nrf_cli_cmd_colors_off) referenced from nrf_cli.o(.constdata)
 <LI><a href="#[b5]">nrf_cli_cmd_colors_on</a> from nrf_cli.o(i.nrf_cli_cmd_colors_on) referenced from nrf_cli.o(.constdata)
 <LI><a href="#[b9]">nrf_cli_cmd_echo</a> from nrf_cli.o(i.nrf_cli_cmd_echo) referenced from nrf_cli.o(.constdata)
 <LI><a href="#[b7]">nrf_cli_cmd_echo_off</a> from nrf_cli.o(i.nrf_cli_cmd_echo_off) referenced from nrf_cli.o(.constdata)
 <LI><a href="#[b8]">nrf_cli_cmd_echo_on</a> from nrf_cli.o(i.nrf_cli_cmd_echo_on) referenced from nrf_cli.o(.constdata)
 <LI><a href="#[ba]">nrf_cli_cmd_history</a> from nrf_cli.o(i.nrf_cli_cmd_history) referenced from nrf_cli.o(.constdata)
 <LI><a href="#[bc]">nrf_cli_cmd_resize</a> from nrf_cli.o(i.nrf_cli_cmd_resize) referenced from nrf_cli.o(.constdata)
 <LI><a href="#[bb]">nrf_cli_cmd_resize_default</a> from nrf_cli.o(i.nrf_cli_cmd_resize_default) referenced from nrf_cli.o(.constdata)
 <LI><a href="#[1]">nrf_cli_print_stream</a> from nrf_cli.o(i.nrf_cli_print_stream) referenced 4 times from main.o(.data)
 <LI><a href="#[101]">nrf_fstorage_sdh_req_handler</a> from nrf_fstorage_sd.o(i.nrf_fstorage_sdh_req_handler) referenced from nrf_fstorage_sd.o(sdh_req_observers0)
 <LI><a href="#[10a]">nrf_fstorage_sdh_state_handler</a> from nrf_fstorage_sd.o(i.nrf_fstorage_sdh_state_handler) referenced from nrf_fstorage_sd.o(sdh_state_observers0)
 <LI><a href="#[103]">nrf_fstorage_sys_evt_handler</a> from nrf_fstorage_sd.o(i.nrf_fstorage_sys_evt_handler) referenced from nrf_fstorage_sd.o(sdh_soc_observers0)
 <LI><a href="#[b2]">nrf_log_backend_cli_flush</a> from nrf_cli.o(i.nrf_log_backend_cli_flush) referenced from nrf_cli.o(.constdata)
 <LI><a href="#[b1]">nrf_log_backend_cli_panic_set</a> from nrf_cli.o(i.nrf_log_backend_cli_panic_set) referenced from nrf_cli.o(.constdata)
 <LI><a href="#[b0]">nrf_log_backend_cli_put</a> from nrf_cli.o(i.nrf_log_backend_cli_put) referenced from nrf_cli.o(.constdata)
 <LI><a href="#[ad]">nrf_mpu_cmd_dump</a> from nrf_mpu.o(i.nrf_mpu_cmd_dump) referenced from nrf_mpu.o(.constdata)
 <LI><a href="#[ae]">nrf_mpu_cmd_info</a> from nrf_mpu.o(i.nrf_mpu_cmd_info) referenced from nrf_mpu.o(.constdata)
 <LI><a href="#[af]">nrf_mpu_cmd_unknown</a> from nrf_mpu.o(i.nrf_mpu_cmd_unknown) referenced from nrf_mpu.o(.constdata)
 <LI><a href="#[48]">nrf_nfct_clock_event_handler</a> from hal_nfc_t2t.o(i.nrf_nfct_clock_event_handler) referenced from hal_nfc_t2t.o(i.hal_nfc_setup)
 <LI><a href="#[88]">nrf_pwr_mgmt_run</a> from nrf_pwr_mgmt.o(i.nrf_pwr_mgmt_run) referenced from twi_common.o(i.twi_perform)
 <LI><a href="#[81]">nrf_pwr_mgmt_timeout_handler</a> from nrf_pwr_mgmt.o(i.nrf_pwr_mgmt_timeout_handler) referenced from nrf_pwr_mgmt.o(i.nrf_pwr_mgmt_init)
 <LI><a href="#[106]">nrf_sdh_ble_evts_poll</a> from nrf_sdh_ble.o(i.nrf_sdh_ble_evts_poll) referenced from nrf_sdh_ble.o(sdh_stack_observers0)
 <LI><a href="#[107]">nrf_sdh_soc_evts_poll</a> from nrf_sdh_soc.o(i.nrf_sdh_soc_evts_poll) referenced from nrf_sdh_soc.o(sdh_stack_observers0)
 <LI><a href="#[7c]">nus_data_handler</a> from nrf_cli_ble_uart.o(i.nus_data_handler) referenced from nrf_cli_ble_uart.o(i.nrf_cli_ble_uart_service_init)
 <LI><a href="#[58]">on_encrypt_timeout</a> from m_coms_ble.o(i.on_encrypt_timeout) referenced from m_coms_ble.o(i.m_coms_ble_init)
 <LI><a href="#[57]">on_hids_evt</a> from m_coms_ble_hid.o(i.on_hids_evt) referenced from m_coms_ble_hid.o(i.m_coms_ble_hid_init)
 <LI><a href="#[a6]">pdb_pds_evt_handler</a> from peer_database.o(i.pdb_pds_evt_handler) referenced from peer_data_storage.o(.constdata)
 <LI><a href="#[5b]">peer_manager_evt_handler</a> from m_coms_ble.o(i.peer_manager_evt_handler) referenced from m_coms_ble.o(i.m_coms_ble_init)
 <LI><a href="#[2]">pm_gcm_evt_handler</a> from peer_manager.o(i.pm_gcm_evt_handler) referenced 2 times from gatt_cache_manager.o(.data)
 <LI><a href="#[a4]">pm_im_evt_handler</a> from peer_manager.o(i.pm_im_evt_handler) referenced from id_manager.o(.constdata)
 <LI><a href="#[a7]">pm_pdb_evt_handler</a> from peer_manager.o(i.pm_pdb_evt_handler) referenced from peer_database.o(.constdata)
 <LI><a href="#[ac]">pm_sm_evt_handler</a> from peer_manager.o(i.pm_sm_evt_handler) referenced from security_manager.o(.constdata)
 <LI><a href="#[43]">pwm_handler</a> from drv_ir_sirc.o(i.pwm_handler) referenced from drv_ir_sirc.o(i.drv_ir_init)
 <LI><a href="#[cc]">read</a> from nrf_fstorage_sd.o(i.read) referenced from nrf_fstorage_sd.o(.constdata)
 <LI><a href="#[cf]">rmap</a> from nrf_fstorage_sd.o(i.rmap) referenced from nrf_fstorage_sd.o(.constdata)
 <LI><a href="#[80]">rng_func</a> from nrf_crypto_sw_rng.o(i.rng_func) referenced from nrf_crypto_sw_rng.o(i.nrf_crypto_rng_init)
 <LI><a href="#[87]">rng_monitor_process_requests</a> from rng_monitor.o(i.rng_monitor_process_requests) referenced from rng_monitor.o(i.rng_monitor_init)
 <LI><a href="#[87]">rng_monitor_process_requests</a> from rng_monitor.o(i.rng_monitor_process_requests) referenced from rng_monitor.o(i.rng_monitor_request)
 <LI><a href="#[82]">scheduler_shutdown_handler</a> from nrf_pwr_mgmt.o(i.scheduler_shutdown_handler) referenced from nrf_pwr_mgmt.o(i.nrf_pwr_mgmt_shutdown)
 <LI><a href="#[108]">sd_state_evt_handler</a> from nrf_drv_clock.o(i.sd_state_evt_handler) referenced 2 times from nrf_drv_clock.o(sdh_state_observers0)
 <LI><a href="#[54]">set_lesc_key</a> from m_coms_ble_adv.o(i.set_lesc_key) referenced from m_coms_ble_adv.o(i.m_coms_ble_adv_determine)
 <LI><a href="#[54]">set_lesc_key</a> from m_coms_ble_adv.o(i.set_lesc_key) referenced from m_coms_ble_adv.o(i.m_coms_ble_adv_pm_evt_handler)
 <LI><a href="#[d5]">severity_lvl_get</a> from nrf_log_frontend.o(i.severity_lvl_get) referenced from nrf_log_frontend.o(.constdata)
 <LI><a href="#[a8]">sm_pdb_evt_handler</a> from security_manager.o(i.sm_pdb_evt_handler) referenced from peer_database.o(.constdata)
 <LI><a href="#[ab]">sm_smd_evt_handler</a> from security_manager.o(i.sm_smd_evt_handler) referenced from security_dispatcher.o(.constdata)
 <LI><a href="#[102]">soc_evt_handler</a> from nrf_drv_clock.o(i.soc_evt_handler) referenced from nrf_drv_clock.o(sdh_soc_observers0)
 <LI><a href="#[ee]">sr3_core_log_statistics</a> from main.o(i.sr3_core_log_statistics) referenced from main.o(pwr_mgmt_data3)
 <LI><a href="#[7e]">string_cmp</a> from nrf_cli.o(i.string_cmp) referenced from nrf_cli.o(i.nrf_cli_init)
 <LI><a href="#[d3]">task_mnanager_info</a> from task_manager.o(i.task_mnanager_info) referenced from task_manager.o(.constdata)
 <LI><a href="#[36]">task_schedule</a> from task_manager.o(i.task_schedule) referenced from task_manager_core_keil.o(.text)
 <LI><a href="#[39]">timeout_handler_scheduled_exec</a> from app_timer.o(i.timeout_handler_scheduled_exec) referenced from app_timer.o(i.RTC1_IRQHandler)
 <LI><a href="#[3e]">timer_handler</a> from nrf_cli_ble_uart.o(i.timer_handler) referenced from nrf_cli_ble_uart.o(i.cli_ble_uart_enable)
 <LI><a href="#[3f]">timer_handler</a> from nrf_cli_rtt.o(i.timer_handler) referenced from nrf_cli_rtt.o(i.cli_rtt_enable)
 <LI><a href="#[84]">twi_event_handler</a> from nrf_twi_mngr.o(i.twi_event_handler) referenced from nrf_twi_mngr.o(i.nrf_twi_mngr_init)
 <LI><a href="#[84]">twi_event_handler</a> from nrf_twi_mngr.o(i.twi_event_handler) referenced from nrf_twi_mngr.o(i.start_pending_transaction)
 <LI><a href="#[ef]">twi_shutdown</a> from twi_common.o(i.twi_shutdown) referenced from twi_common.o(pwr_mgmt_data3)
 <LI><a href="#[cb]">uninit</a> from nrf_fstorage_sd.o(i.uninit) referenced from nrf_fstorage_sd.o(.constdata)
 <LI><a href="#[3d]">update_timeout_handler</a> from ble_conn_params.o(i.update_timeout_handler) referenced from ble_conn_params.o(i.ble_conn_params_init)
 <LI><a href="#[e1]">vli_mmod_fast_secp160r1</a> from uECC.c.o(.text.vli_mmod_fast_secp160r1) referenced from uECC.c.o(.rodata.curve_secp160r1)
 <LI><a href="#[e2]">vli_mmod_fast_secp192r1</a> from uECC.c.o(.text.vli_mmod_fast_secp192r1) referenced from uECC.c.o(.rodata.curve_secp192r1)
 <LI><a href="#[e3]">vli_mmod_fast_secp224r1</a> from uECC.c.o(.text.vli_mmod_fast_secp224r1) referenced from uECC.c.o(.rodata.curve_secp224r1)
 <LI><a href="#[e4]">vli_mmod_fast_secp256r1</a> from uECC.c.o(.text.vli_mmod_fast_secp256r1) referenced from uECC.c.o(.rodata.curve_secp256r1)
 <LI><a href="#[76]">watchdog_event_handler</a> from main.o(i.watchdog_event_handler) referenced from main.o(i.main)
 <LI><a href="#[d0]">wmap</a> from nrf_fstorage_sd.o(i.wmap) referenced from nrf_fstorage_sd.o(.constdata)
 <LI><a href="#[cd]">write</a> from nrf_fstorage_sd.o(i.write) referenced from nrf_fstorage_sd.o(.constdata)
 <LI><a href="#[e0]">x_side_default</a> from uECC.c.o(.text.x_side_default) referenced from uECC.c.o(.rodata.curve_secp160r1)
 <LI><a href="#[e0]">x_side_default</a> from uECC.c.o(.text.x_side_default) referenced from uECC.c.o(.rodata.curve_secp192r1)
 <LI><a href="#[e0]">x_side_default</a> from uECC.c.o(.text.x_side_default) referenced from uECC.c.o(.rodata.curve_secp224r1)
 <LI><a href="#[e0]">x_side_default</a> from uECC.c.o(.text.x_side_default) referenced from uECC.c.o(.rodata.curve_secp256r1)
</UL>
<P>
<H3>
Global Symbols
</H3>
<P><STRONG><a name="[38]"></a>__main</STRONG> (Thumb, 0 bytes, Stack size unknown bytes, entry.o(.ARM.Collect$$$$00000000))
<BR>[Address Reference Count : 1]<UL><LI> arm_startup_nrf52.o(.text)
</UL>
<P><STRONG><a name="[3d1]"></a>_main_stk</STRONG> (Thumb, 0 bytes, Stack size unknown bytes, entry2.o(.ARM.Collect$$$$00000001))

<P><STRONG><a name="[10b]"></a>_main_scatterload</STRONG> (Thumb, 0 bytes, Stack size unknown bytes, entry5.o(.ARM.Collect$$$$00000004))
<BR><BR>[Calls]<UL><LI><a href="#[10c]">&gt;&gt;</a>&nbsp;&nbsp;&nbsp;__scatterload
</UL>

<P><STRONG><a name="[11b]"></a>__main_after_scatterload</STRONG> (Thumb, 0 bytes, Stack size unknown bytes, entry5.o(.ARM.Collect$$$$00000004))
<BR><BR>[Called By]<UL><LI><a href="#[10c]">&gt;&gt;</a>&nbsp;&nbsp;&nbsp;__scatterload
</UL>

<P><STRONG><a name="[3d2]"></a>_main_clock</STRONG> (Thumb, 0 bytes, Stack size unknown bytes, entry7b.o(.ARM.Collect$$$$00000008))

<P><STRONG><a name="[3d3]"></a>_main_cpp_init</STRONG> (Thumb, 0 bytes, Stack size unknown bytes, entry8b.o(.ARM.Collect$$$$0000000A))

<P><STRONG><a name="[3d4]"></a>_main_init</STRONG> (Thumb, 0 bytes, Stack size unknown bytes, entry9a.o(.ARM.Collect$$$$0000000B))

<P><STRONG><a name="[3d5]"></a>__rt_final_cpp</STRONG> (Thumb, 0 bytes, Stack size unknown bytes, entry10a.o(.ARM.Collect$$$$0000000D))

<P><STRONG><a name="[3d6]"></a>__rt_final_exit</STRONG> (Thumb, 0 bytes, Stack size unknown bytes, entry11a.o(.ARM.Collect$$$$0000000F))

<P><STRONG><a name="[3d7]"></a>__asm___13_rng_monitor_c_93d8e032__nrf_atomic_internal_mov</STRONG> (Thumb, 24 bytes, Stack size 0 bytes, rng_monitor.o(.emb_text), UNUSED)

<P><STRONG><a name="[3c1]"></a>__asm___13_rng_monitor_c_93d8e032__nrf_atomic_internal_orr</STRONG> (Thumb, 26 bytes, Stack size 0 bytes, rng_monitor.o(.emb_text))
<BR><BR>[Called By]<UL><LI><a href="#[2e5]">&gt;&gt;</a>&nbsp;&nbsp;&nbsp;rng_monitor_request
</UL>

<P><STRONG><a name="[3c0]"></a>__asm___13_rng_monitor_c_93d8e032__nrf_atomic_internal_and</STRONG> (Thumb, 26 bytes, Stack size 0 bytes, rng_monitor.o(.emb_text))
<BR><BR>[Called By]<UL><LI><a href="#[324]">&gt;&gt;</a>&nbsp;&nbsp;&nbsp;rng_monitor_init
<LI><a href="#[87]">&gt;&gt;</a>&nbsp;&nbsp;&nbsp;rng_monitor_process_requests
</UL>

<P><STRONG><a name="[3d8]"></a>__asm___13_rng_monitor_c_93d8e032__nrf_atomic_internal_eor</STRONG> (Thumb, 26 bytes, Stack size 0 bytes, rng_monitor.o(.emb_text), UNUSED)

<P><STRONG><a name="[3d9]"></a>__asm___13_rng_monitor_c_93d8e032__nrf_atomic_internal_add</STRONG> (Thumb, 26 bytes, Stack size 0 bytes, rng_monitor.o(.emb_text), UNUSED)

<P><STRONG><a name="[3da]"></a>__asm___13_rng_monitor_c_93d8e032__nrf_atomic_internal_sub</STRONG> (Thumb, 26 bytes, Stack size 0 bytes, rng_monitor.o(.emb_text), UNUSED)

<P><STRONG><a name="[3db]"></a>__asm___16_m_audio_gauges_c_ea2b1805__nrf_atomic_internal_mov</STRONG> (Thumb, 24 bytes, Stack size 0 bytes, m_audio_gauges.o(.emb_text), UNUSED)

<P><STRONG><a name="[3dc]"></a>__asm___16_m_audio_gauges_c_ea2b1805__nrf_atomic_internal_orr</STRONG> (Thumb, 26 bytes, Stack size 0 bytes, m_audio_gauges.o(.emb_text), UNUSED)

<P><STRONG><a name="[3dd]"></a>__asm___16_m_audio_gauges_c_ea2b1805__nrf_atomic_internal_and</STRONG> (Thumb, 26 bytes, Stack size 0 bytes, m_audio_gauges.o(.emb_text), UNUSED)

<P><STRONG><a name="[3de]"></a>__asm___16_m_audio_gauges_c_ea2b1805__nrf_atomic_internal_eor</STRONG> (Thumb, 26 bytes, Stack size 0 bytes, m_audio_gauges.o(.emb_text), UNUSED)

<P><STRONG><a name="[28d]"></a>__asm___16_m_audio_gauges_c_ea2b1805__nrf_atomic_internal_add</STRONG> (Thumb, 26 bytes, Stack size 0 bytes, m_audio_gauges.o(.emb_text))
<BR><BR>[Called By]<UL><LI><a href="#[20c]">&gt;&gt;</a>&nbsp;&nbsp;&nbsp;m_audio_count_total
<LI><a href="#[20b]">&gt;&gt;</a>&nbsp;&nbsp;&nbsp;m_audio_count_lost
<LI><a href="#[28c]">&gt;&gt;</a>&nbsp;&nbsp;&nbsp;m_audio_count_discarded
</UL>

<P><STRONG><a name="[3df]"></a>__asm___16_m_audio_gauges_c_ea2b1805__nrf_atomic_internal_sub</STRONG> (Thumb, 26 bytes, Stack size 0 bytes, m_audio_gauges.o(.emb_text), UNUSED)

<P><STRONG><a name="[2eb]"></a>__asm___12_m_coms_ble_c_51a43647__nrf_atomic_internal_mov</STRONG> (Thumb, 24 bytes, Stack size 0 bytes, m_coms_ble.o(.emb_text))
<BR><BR>[Called By]<UL><LI><a href="#[100]">&gt;&gt;</a>&nbsp;&nbsp;&nbsp;m_coms_ble_on_ble_evt
</UL>

<P><STRONG><a name="[3e0]"></a>__asm___12_m_coms_ble_c_51a43647__nrf_atomic_internal_orr</STRONG> (Thumb, 26 bytes, Stack size 0 bytes, m_coms_ble.o(.emb_text), UNUSED)

<P><STRONG><a name="[3e1]"></a>__asm___12_m_coms_ble_c_51a43647__nrf_atomic_internal_and</STRONG> (Thumb, 26 bytes, Stack size 0 bytes, m_coms_ble.o(.emb_text), UNUSED)

<P><STRONG><a name="[3e2]"></a>__asm___12_m_coms_ble_c_51a43647__nrf_atomic_internal_eor</STRONG> (Thumb, 26 bytes, Stack size 0 bytes, m_coms_ble.o(.emb_text), UNUSED)

<P><STRONG><a name="[2e8]"></a>__asm___12_m_coms_ble_c_51a43647__nrf_atomic_internal_add</STRONG> (Thumb, 26 bytes, Stack size 0 bytes, m_coms_ble.o(.emb_text))
<BR><BR>[Called By]<UL><LI><a href="#[2f0]">&gt;&gt;</a>&nbsp;&nbsp;&nbsp;m_coms_ble_sl_disable
<LI><a href="#[99]">&gt;&gt;</a>&nbsp;&nbsp;&nbsp;m_coms_ble_sl_disable_cmd
<LI><a href="#[100]">&gt;&gt;</a>&nbsp;&nbsp;&nbsp;m_coms_ble_on_ble_evt
</UL>

<P><STRONG><a name="[2f1]"></a>__asm___12_m_coms_ble_c_51a43647__nrf_atomic_internal_sub</STRONG> (Thumb, 26 bytes, Stack size 0 bytes, m_coms_ble.o(.emb_text))
<BR><BR>[Called By]<UL><LI><a href="#[2ef]">&gt;&gt;</a>&nbsp;&nbsp;&nbsp;m_coms_ble_sl_enable
</UL>

<P><STRONG><a name="[3e3]"></a>__asm___16_m_coms_ble_dfu_c_d6932032__nrf_atomic_internal_mov</STRONG> (Thumb, 24 bytes, Stack size 0 bytes, m_coms_ble_dfu.o(.emb_text), UNUSED)

<P><STRONG><a name="[2c3]"></a>__asm___16_m_coms_ble_dfu_c_d6932032__nrf_atomic_internal_orr</STRONG> (Thumb, 26 bytes, Stack size 0 bytes, m_coms_ble_dfu.o(.emb_text))
<BR><BR>[Called By]<UL><LI><a href="#[fc]">&gt;&gt;</a>&nbsp;&nbsp;&nbsp;m_coms_ble_dfu_on_ble_evt
<LI><a href="#[2c0]">&gt;&gt;</a>&nbsp;&nbsp;&nbsp;m_coms_ble_dfu_init
</UL>

<P><STRONG><a name="[2bf]"></a>__asm___16_m_coms_ble_dfu_c_d6932032__nrf_atomic_internal_and</STRONG> (Thumb, 26 bytes, Stack size 0 bytes, m_coms_ble_dfu.o(.emb_text))
<BR><BR>[Called By]<UL><LI><a href="#[fc]">&gt;&gt;</a>&nbsp;&nbsp;&nbsp;m_coms_ble_dfu_on_ble_evt
<LI><a href="#[3]">&gt;&gt;</a>&nbsp;&nbsp;&nbsp;m_coms_ble_dfu_fs_evt_handler
<LI><a href="#[2c0]">&gt;&gt;</a>&nbsp;&nbsp;&nbsp;m_coms_ble_dfu_init
</UL>

<P><STRONG><a name="[3e4]"></a>__asm___16_m_coms_ble_dfu_c_d6932032__nrf_atomic_internal_eor</STRONG> (Thumb, 26 bytes, Stack size 0 bytes, m_coms_ble_dfu.o(.emb_text), UNUSED)

<P><STRONG><a name="[3e5]"></a>__asm___16_m_coms_ble_dfu_c_d6932032__nrf_atomic_internal_add</STRONG> (Thumb, 26 bytes, Stack size 0 bytes, m_coms_ble_dfu.o(.emb_text), UNUSED)

<P><STRONG><a name="[3e6]"></a>__asm___16_m_coms_ble_dfu_c_d6932032__nrf_atomic_internal_sub</STRONG> (Thumb, 26 bytes, Stack size 0 bytes, m_coms_ble_dfu.o(.emb_text), UNUSED)

<P><STRONG><a name="[3e7]"></a>__asm___17_m_coms_ble_lesc_c_d078621f__nrf_atomic_internal_mov</STRONG> (Thumb, 24 bytes, Stack size 0 bytes, m_coms_ble_lesc.o(.emb_text), UNUSED)

<P><STRONG><a name="[2e4]"></a>__asm___17_m_coms_ble_lesc_c_d078621f__nrf_atomic_internal_orr</STRONG> (Thumb, 26 bytes, Stack size 0 bytes, m_coms_ble_lesc.o(.emb_text))
<BR><BR>[Called By]<UL><LI><a href="#[2ad]">&gt;&gt;</a>&nbsp;&nbsp;&nbsp;m_coms_ble_lesc_generate_key
<LI><a href="#[f6]">&gt;&gt;</a>&nbsp;&nbsp;&nbsp;m_coms_ble_lesc_on_ble_evt
</UL>

<P><STRONG><a name="[2e1]"></a>__asm___17_m_coms_ble_lesc_c_d078621f__nrf_atomic_internal_and</STRONG> (Thumb, 26 bytes, Stack size 0 bytes, m_coms_ble_lesc.o(.emb_text))
<BR><BR>[Called By]<UL><LI><a href="#[2ad]">&gt;&gt;</a>&nbsp;&nbsp;&nbsp;m_coms_ble_lesc_generate_key
<LI><a href="#[2db]">&gt;&gt;</a>&nbsp;&nbsp;&nbsp;m_coms_ble_lesc_init
<LI><a href="#[5f]">&gt;&gt;</a>&nbsp;&nbsp;&nbsp;m_coms_ble_lesc_notify
<LI><a href="#[60]">&gt;&gt;</a>&nbsp;&nbsp;&nbsp;m_coms_ble_lesc_calc_dh_key
</UL>

<P><STRONG><a name="[3e8]"></a>__asm___17_m_coms_ble_lesc_c_d078621f__nrf_atomic_internal_eor</STRONG> (Thumb, 26 bytes, Stack size 0 bytes, m_coms_ble_lesc.o(.emb_text), UNUSED)

<P><STRONG><a name="[3e9]"></a>__asm___17_m_coms_ble_lesc_c_d078621f__nrf_atomic_internal_add</STRONG> (Thumb, 26 bytes, Stack size 0 bytes, m_coms_ble_lesc.o(.emb_text), UNUSED)

<P><STRONG><a name="[3ea]"></a>__asm___17_m_coms_ble_lesc_c_d078621f__nrf_atomic_internal_sub</STRONG> (Thumb, 26 bytes, Stack size 0 bytes, m_coms_ble_lesc.o(.emb_text), UNUSED)

<P><STRONG><a name="[3eb]"></a>__asm___5_fds_c_m_fs__nrf_atomic_internal_mov</STRONG> (Thumb, 24 bytes, Stack size 0 bytes, fds.o(.emb_text), UNUSED)

<P><STRONG><a name="[23c]"></a>__asm___5_fds_c_m_fs__nrf_atomic_internal_orr</STRONG> (Thumb, 26 bytes, Stack size 0 bytes, fds.o(.emb_text))
<BR><BR>[Called By]<UL><LI><a href="#[23b]">&gt;&gt;</a>&nbsp;&nbsp;&nbsp;fds_init
</UL>

<P><STRONG><a name="[3ec]"></a>__asm___5_fds_c_m_fs__nrf_atomic_internal_and</STRONG> (Thumb, 26 bytes, Stack size 0 bytes, fds.o(.emb_text), UNUSED)

<P><STRONG><a name="[3ed]"></a>__asm___5_fds_c_m_fs__nrf_atomic_internal_eor</STRONG> (Thumb, 26 bytes, Stack size 0 bytes, fds.o(.emb_text), UNUSED)

<P><STRONG><a name="[238]"></a>__asm___5_fds_c_m_fs__nrf_atomic_internal_add</STRONG> (Thumb, 26 bytes, Stack size 0 bytes, fds.o(.emb_text))
<BR><BR>[Called By]<UL><LI><a href="#[23a]">&gt;&gt;</a>&nbsp;&nbsp;&nbsp;fds_gc
<LI><a href="#[24a]">&gt;&gt;</a>&nbsp;&nbsp;&nbsp;fds_register
<LI><a href="#[245]">&gt;&gt;</a>&nbsp;&nbsp;&nbsp;fds_record_open
<LI><a href="#[23b]">&gt;&gt;</a>&nbsp;&nbsp;&nbsp;fds_init
<LI><a href="#[237]">&gt;&gt;</a>&nbsp;&nbsp;&nbsp;fds_file_delete
<LI><a href="#[247]">&gt;&gt;</a>&nbsp;&nbsp;&nbsp;write_enqueue
</UL>

<P><STRONG><a name="[3be]"></a>__asm___5_fds_c_m_fs__nrf_atomic_internal_sub</STRONG> (Thumb, 26 bytes, Stack size 0 bytes, fds.o(.emb_text))
<BR><BR>[Called By]<UL><LI><a href="#[239]">&gt;&gt;</a>&nbsp;&nbsp;&nbsp;queue_process
</UL>

<P><STRONG><a name="[7]"></a>HardFault_Handler</STRONG> (Thumb, 40 bytes, Stack size 0 bytes, hardfault_handler_keil.o(.emb_text))
<BR>[Address Reference Count : 1]<UL><LI> arm_startup_nrf52.o(RESET)
</UL>
<P><STRONG><a name="[33f]"></a>__asm___12_nrf_atfifo_c_51f461e1__nrf_atfifo_wspace_req</STRONG> (Thumb, 56 bytes, Stack size 0 bytes, nrf_atfifo.o(.emb_text))
<BR><BR>[Called By]<UL><LI><a href="#[22b]">&gt;&gt;</a>&nbsp;&nbsp;&nbsp;nrf_atfifo_item_alloc
</UL>

<P><STRONG><a name="[10d]"></a>__asm___12_nrf_atfifo_c_51f461e1__nrf_atfifo_wspace_close</STRONG> (Thumb, 18 bytes, Stack size 0 bytes, nrf_atfifo.o(.emb_text))
<BR><BR>[Calls]<UL><LI><a href="#[10d]">&gt;&gt;</a>&nbsp;&nbsp;&nbsp;__asm___12_nrf_atfifo_c_51f461e1__nrf_atfifo_wspace_close
</UL>
<BR>[Called By]<UL><LI><a href="#[10d]">&gt;&gt;</a>&nbsp;&nbsp;&nbsp;__asm___12_nrf_atfifo_c_51f461e1__nrf_atfifo_wspace_close
<LI><a href="#[22c]">&gt;&gt;</a>&nbsp;&nbsp;&nbsp;nrf_atfifo_item_put
</UL>

<P><STRONG><a name="[342]"></a>__asm___12_nrf_atfifo_c_51f461e1__nrf_atfifo_rspace_req</STRONG> (Thumb, 58 bytes, Stack size 0 bytes, nrf_atfifo.o(.emb_text))
<BR><BR>[Called By]<UL><LI><a href="#[341]">&gt;&gt;</a>&nbsp;&nbsp;&nbsp;nrf_atfifo_item_get
</UL>

<P><STRONG><a name="[10e]"></a>__asm___12_nrf_atfifo_c_51f461e1__nrf_atfifo_rspace_close</STRONG> (Thumb, 18 bytes, Stack size 0 bytes, nrf_atfifo.o(.emb_text))
<BR><BR>[Calls]<UL><LI><a href="#[10e]">&gt;&gt;</a>&nbsp;&nbsp;&nbsp;__asm___12_nrf_atfifo_c_51f461e1__nrf_atfifo_rspace_close
</UL>
<BR>[Called By]<UL><LI><a href="#[10e]">&gt;&gt;</a>&nbsp;&nbsp;&nbsp;__asm___12_nrf_atfifo_c_51f461e1__nrf_atfifo_rspace_close
<LI><a href="#[340]">&gt;&gt;</a>&nbsp;&nbsp;&nbsp;nrf_atfifo_item_free
</UL>

<P><STRONG><a name="[33e]"></a>__asm___12_nrf_atfifo_c_51f461e1__nrf_atfifo_space_clear</STRONG> (Thumb, 50 bytes, Stack size 0 bytes, nrf_atfifo.o(.emb_text))
<BR><BR>[Called By]<UL><LI><a href="#[33d]">&gt;&gt;</a>&nbsp;&nbsp;&nbsp;nrf_atfifo_clear
</UL>

<P><STRONG><a name="[22d]"></a>__asm___17_nrf_fstorage_sd_c_6e7dbfe9__nrf_atomic_internal_mov</STRONG> (Thumb, 24 bytes, Stack size 0 bytes, nrf_fstorage_sd.o(.emb_text))
<BR><BR>[Called By]<UL><LI><a href="#[cd]">&gt;&gt;</a>&nbsp;&nbsp;&nbsp;write
<LI><a href="#[ce]">&gt;&gt;</a>&nbsp;&nbsp;&nbsp;erase
</UL>

<P><STRONG><a name="[281]"></a>__asm___17_nrf_fstorage_sd_c_6e7dbfe9__nrf_atomic_internal_orr</STRONG> (Thumb, 26 bytes, Stack size 0 bytes, nrf_fstorage_sd.o(.emb_text))
<BR><BR>[Called By]<UL><LI><a href="#[ca]">&gt;&gt;</a>&nbsp;&nbsp;&nbsp;init
</UL>

<P><STRONG><a name="[3ee]"></a>__asm___17_nrf_fstorage_sd_c_6e7dbfe9__nrf_atomic_internal_and</STRONG> (Thumb, 26 bytes, Stack size 0 bytes, nrf_fstorage_sd.o(.emb_text), UNUSED)

<P><STRONG><a name="[3ef]"></a>__asm___17_nrf_fstorage_sd_c_6e7dbfe9__nrf_atomic_internal_eor</STRONG> (Thumb, 26 bytes, Stack size 0 bytes, nrf_fstorage_sd.o(.emb_text), UNUSED)

<P><STRONG><a name="[3f0]"></a>__asm___17_nrf_fstorage_sd_c_6e7dbfe9__nrf_atomic_internal_add</STRONG> (Thumb, 26 bytes, Stack size 0 bytes, nrf_fstorage_sd.o(.emb_text), UNUSED)

<P><STRONG><a name="[3f1]"></a>__asm___17_nrf_fstorage_sd_c_6e7dbfe9__nrf_atomic_internal_sub</STRONG> (Thumb, 26 bytes, Stack size 0 bytes, nrf_fstorage_sd.o(.emb_text), UNUSED)

<P><STRONG><a name="[3f2]"></a>__asm___12_nrf_memobj_c_9bb9f865__nrf_atomic_internal_mov</STRONG> (Thumb, 24 bytes, Stack size 0 bytes, nrf_memobj.o(.emb_text), UNUSED)

<P><STRONG><a name="[3f3]"></a>__asm___12_nrf_memobj_c_9bb9f865__nrf_atomic_internal_orr</STRONG> (Thumb, 26 bytes, Stack size 0 bytes, nrf_memobj.o(.emb_text), UNUSED)

<P><STRONG><a name="[3f4]"></a>__asm___12_nrf_memobj_c_9bb9f865__nrf_atomic_internal_and</STRONG> (Thumb, 26 bytes, Stack size 0 bytes, nrf_memobj.o(.emb_text), UNUSED)

<P><STRONG><a name="[3f5]"></a>__asm___12_nrf_memobj_c_9bb9f865__nrf_atomic_internal_eor</STRONG> (Thumb, 26 bytes, Stack size 0 bytes, nrf_memobj.o(.emb_text), UNUSED)

<P><STRONG><a name="[368]"></a>__asm___12_nrf_memobj_c_9bb9f865__nrf_atomic_internal_add</STRONG> (Thumb, 26 bytes, Stack size 0 bytes, nrf_memobj.o(.emb_text))
<BR><BR>[Called By]<UL><LI><a href="#[365]">&gt;&gt;</a>&nbsp;&nbsp;&nbsp;nrf_memobj_get
</UL>

<P><STRONG><a name="[369]"></a>__asm___12_nrf_memobj_c_9bb9f865__nrf_atomic_internal_sub</STRONG> (Thumb, 26 bytes, Stack size 0 bytes, nrf_memobj.o(.emb_text))
<BR><BR>[Called By]<UL><LI><a href="#[1cb]">&gt;&gt;</a>&nbsp;&nbsp;&nbsp;nrf_memobj_put
</UL>

<P><STRONG><a name="[36c]"></a>__asm___14_nrf_pwr_mgmt_c_f22138a6__nrf_atomic_internal_mov</STRONG> (Thumb, 24 bytes, Stack size 0 bytes, nrf_pwr_mgmt.o(.emb_text))
<BR><BR>[Called By]<UL><LI><a href="#[2a5]">&gt;&gt;</a>&nbsp;&nbsp;&nbsp;nrf_pwr_mgmt_shutdown
</UL>

<P><STRONG><a name="[3f6]"></a>__asm___14_nrf_pwr_mgmt_c_f22138a6__nrf_atomic_internal_orr</STRONG> (Thumb, 26 bytes, Stack size 0 bytes, nrf_pwr_mgmt.o(.emb_text), UNUSED)

<P><STRONG><a name="[3f7]"></a>__asm___14_nrf_pwr_mgmt_c_f22138a6__nrf_atomic_internal_and</STRONG> (Thumb, 26 bytes, Stack size 0 bytes, nrf_pwr_mgmt.o(.emb_text), UNUSED)

<P><STRONG><a name="[3f8]"></a>__asm___14_nrf_pwr_mgmt_c_f22138a6__nrf_atomic_internal_eor</STRONG> (Thumb, 26 bytes, Stack size 0 bytes, nrf_pwr_mgmt.o(.emb_text), UNUSED)

<P><STRONG><a name="[3f9]"></a>__asm___14_nrf_pwr_mgmt_c_f22138a6__nrf_atomic_internal_add</STRONG> (Thumb, 26 bytes, Stack size 0 bytes, nrf_pwr_mgmt.o(.emb_text), UNUSED)

<P><STRONG><a name="[3fa]"></a>__asm___14_nrf_pwr_mgmt_c_f22138a6__nrf_atomic_internal_sub</STRONG> (Thumb, 26 bytes, Stack size 0 bytes, nrf_pwr_mgmt.o(.emb_text), UNUSED)

<P><STRONG><a name="[3fb]"></a>__asm___13_nrf_ringbuf_c_bac3c598__nrf_atomic_internal_mov</STRONG> (Thumb, 24 bytes, Stack size 0 bytes, nrf_ringbuf.o(.emb_text), UNUSED)

<P><STRONG><a name="[36d]"></a>__asm___13_nrf_ringbuf_c_bac3c598__nrf_atomic_internal_orr</STRONG> (Thumb, 26 bytes, Stack size 0 bytes, nrf_ringbuf.o(.emb_text))
<BR><BR>[Called By]<UL><LI><a href="#[370]">&gt;&gt;</a>&nbsp;&nbsp;&nbsp;nrf_ringbuf_get
<LI><a href="#[1c9]">&gt;&gt;</a>&nbsp;&nbsp;&nbsp;nrf_ringbuf_cpy_put
<LI><a href="#[1c8]">&gt;&gt;</a>&nbsp;&nbsp;&nbsp;nrf_ringbuf_cpy_get
</UL>

<P><STRONG><a name="[36e]"></a>__asm___13_nrf_ringbuf_c_bac3c598__nrf_atomic_internal_and</STRONG> (Thumb, 26 bytes, Stack size 0 bytes, nrf_ringbuf.o(.emb_text))
<BR><BR>[Called By]<UL><LI><a href="#[370]">&gt;&gt;</a>&nbsp;&nbsp;&nbsp;nrf_ringbuf_get
<LI><a href="#[36f]">&gt;&gt;</a>&nbsp;&nbsp;&nbsp;nrf_ringbuf_free
<LI><a href="#[1c9]">&gt;&gt;</a>&nbsp;&nbsp;&nbsp;nrf_ringbuf_cpy_put
<LI><a href="#[1c8]">&gt;&gt;</a>&nbsp;&nbsp;&nbsp;nrf_ringbuf_cpy_get
</UL>

<P><STRONG><a name="[3fc]"></a>__asm___13_nrf_ringbuf_c_bac3c598__nrf_atomic_internal_eor</STRONG> (Thumb, 26 bytes, Stack size 0 bytes, nrf_ringbuf.o(.emb_text), UNUSED)

<P><STRONG><a name="[3fd]"></a>__asm___13_nrf_ringbuf_c_bac3c598__nrf_atomic_internal_add</STRONG> (Thumb, 26 bytes, Stack size 0 bytes, nrf_ringbuf.o(.emb_text), UNUSED)

<P><STRONG><a name="[3fe]"></a>__asm___13_nrf_ringbuf_c_bac3c598__nrf_atomic_internal_sub</STRONG> (Thumb, 26 bytes, Stack size 0 bytes, nrf_ringbuf.o(.emb_text), UNUSED)

<P><STRONG><a name="[3ff]"></a>__asm___14_task_manager_c_fb9fd7a8__nrf_atomic_internal_mov</STRONG> (Thumb, 24 bytes, Stack size 0 bytes, task_manager.o(.emb_text), UNUSED)

<P><STRONG><a name="[3ca]"></a>__asm___14_task_manager_c_fb9fd7a8__nrf_atomic_internal_orr</STRONG> (Thumb, 26 bytes, Stack size 0 bytes, task_manager.o(.emb_text))
<BR><BR>[Called By]<UL><LI><a href="#[1db]">&gt;&gt;</a>&nbsp;&nbsp;&nbsp;task_events_set
<LI><a href="#[34a]">&gt;&gt;</a>&nbsp;&nbsp;&nbsp;task_create
</UL>

<P><STRONG><a name="[3cb]"></a>__asm___14_task_manager_c_fb9fd7a8__nrf_atomic_internal_and</STRONG> (Thumb, 26 bytes, Stack size 0 bytes, task_manager.o(.emb_text))
<BR><BR>[Called By]<UL><LI><a href="#[1dd]">&gt;&gt;</a>&nbsp;&nbsp;&nbsp;task_events_wait
<LI><a href="#[36]">&gt;&gt;</a>&nbsp;&nbsp;&nbsp;task_schedule
</UL>

<P><STRONG><a name="[400]"></a>__asm___14_task_manager_c_fb9fd7a8__nrf_atomic_internal_eor</STRONG> (Thumb, 26 bytes, Stack size 0 bytes, task_manager.o(.emb_text), UNUSED)

<P><STRONG><a name="[401]"></a>__asm___14_task_manager_c_fb9fd7a8__nrf_atomic_internal_add</STRONG> (Thumb, 26 bytes, Stack size 0 bytes, task_manager.o(.emb_text), UNUSED)

<P><STRONG><a name="[402]"></a>__asm___14_task_manager_c_fb9fd7a8__nrf_atomic_internal_sub</STRONG> (Thumb, 26 bytes, Stack size 0 bytes, task_manager.o(.emb_text), UNUSED)

<P><STRONG><a name="[403]"></a>__asm___18_nrf_log_frontend_c_bc460776__nrf_atomic_internal_mov</STRONG> (Thumb, 24 bytes, Stack size 0 bytes, nrf_log_frontend.o(.emb_text), UNUSED)

<P><STRONG><a name="[19d]"></a>__asm___18_nrf_log_frontend_c_bc460776__nrf_atomic_internal_orr</STRONG> (Thumb, 26 bytes, Stack size 0 bytes, nrf_log_frontend.o(.emb_text))
<BR><BR>[Called By]<UL><LI><a href="#[19c]">&gt;&gt;</a>&nbsp;&nbsp;&nbsp;buf_prealloc
</UL>

<P><STRONG><a name="[19e]"></a>__asm___18_nrf_log_frontend_c_bc460776__nrf_atomic_internal_and</STRONG> (Thumb, 26 bytes, Stack size 0 bytes, nrf_log_frontend.o(.emb_text))
<BR><BR>[Called By]<UL><LI><a href="#[19c]">&gt;&gt;</a>&nbsp;&nbsp;&nbsp;buf_prealloc
</UL>

<P><STRONG><a name="[404]"></a>__asm___18_nrf_log_frontend_c_bc460776__nrf_atomic_internal_eor</STRONG> (Thumb, 26 bytes, Stack size 0 bytes, nrf_log_frontend.o(.emb_text), UNUSED)

<P><STRONG><a name="[405]"></a>__asm___18_nrf_log_frontend_c_bc460776__nrf_atomic_internal_add</STRONG> (Thumb, 26 bytes, Stack size 0 bytes, nrf_log_frontend.o(.emb_text), UNUSED)

<P><STRONG><a name="[406]"></a>__asm___18_nrf_log_frontend_c_bc460776__nrf_atomic_internal_sub</STRONG> (Thumb, 26 bytes, Stack size 0 bytes, nrf_log_frontend.o(.emb_text), UNUSED)

<P><STRONG><a name="[156]"></a>celt_pitch_xcorr_edsp</STRONG> (Thumb, 530 bytes, Stack size 0 bytes, celt_pitch_xcorr_arm_keil.o(.text))
<BR><BR>[Called By]<UL><LI><a href="#[155]">&gt;&gt;</a>&nbsp;&nbsp;&nbsp;_celt_autocorr
<LI><a href="#[3ac]">&gt;&gt;</a>&nbsp;&nbsp;&nbsp;pitch_search
</UL>

<P><STRONG><a name="[31d]"></a>stack_profiler_init</STRONG> (Thumb, 14 bytes, Stack size 0 bytes, stack_profiler_keil.o(.text))
<BR><BR>[Called By]<UL><LI><a href="#[34]">&gt;&gt;</a>&nbsp;&nbsp;&nbsp;main
</UL>

<P><STRONG><a name="[3c8]"></a>stack_profiler_get_max_stack_usage</STRONG> (Thumb, 18 bytes, Stack size 0 bytes, stack_profiler_keil.o(.text))
<BR><BR>[Called By]<UL><LI><a href="#[ee]">&gt;&gt;</a>&nbsp;&nbsp;&nbsp;sr3_core_log_statistics
</UL>

<P><STRONG><a name="[3cc]"></a>task_switch</STRONG> (Thumb, 72 bytes, Stack size 0 bytes, task_manager_core_keil.o(.text))
<BR><BR>[Called By]<UL><LI><a href="#[270]">&gt;&gt;</a>&nbsp;&nbsp;&nbsp;task_yield
<LI><a href="#[326]">&gt;&gt;</a>&nbsp;&nbsp;&nbsp;task_manager_start
<LI><a href="#[1f0]">&gt;&gt;</a>&nbsp;&nbsp;&nbsp;task_exit
<LI><a href="#[1dd]">&gt;&gt;</a>&nbsp;&nbsp;&nbsp;task_events_wait
</UL>

<P><STRONG><a name="[5]"></a>Reset_Handler</STRONG> (Thumb, 8 bytes, Stack size 0 bytes, arm_startup_nrf52.o(.text))
<BR>[Address Reference Count : 1]<UL><LI> arm_startup_nrf52.o(RESET)
</UL>
<P><STRONG><a name="[6]"></a>NMI_Handler</STRONG> (Thumb, 2 bytes, Stack size 0 bytes, arm_startup_nrf52.o(.text))
<BR><BR>[Calls]<UL><LI><a href="#[6]">&gt;&gt;</a>&nbsp;&nbsp;&nbsp;NMI_Handler
</UL>
<BR>[Called By]<UL><LI><a href="#[6]">&gt;&gt;</a>&nbsp;&nbsp;&nbsp;NMI_Handler
</UL>
<BR>[Address Reference Count : 1]<UL><LI> arm_startup_nrf52.o(RESET)
</UL>
<P><STRONG><a name="[8]"></a>MemoryManagement_Handler</STRONG> (Thumb, 2 bytes, Stack size 0 bytes, arm_startup_nrf52.o(.text))
<BR><BR>[Calls]<UL><LI><a href="#[8]">&gt;&gt;</a>&nbsp;&nbsp;&nbsp;MemoryManagement_Handler
</UL>
<BR>[Called By]<UL><LI><a href="#[8]">&gt;&gt;</a>&nbsp;&nbsp;&nbsp;MemoryManagement_Handler
</UL>
<BR>[Address Reference Count : 1]<UL><LI> arm_startup_nrf52.o(RESET)
</UL>
<P><STRONG><a name="[9]"></a>BusFault_Handler</STRONG> (Thumb, 2 bytes, Stack size 0 bytes, arm_startup_nrf52.o(.text))
<BR><BR>[Calls]<UL><LI><a href="#[9]">&gt;&gt;</a>&nbsp;&nbsp;&nbsp;BusFault_Handler
</UL>
<BR>[Called By]<UL><LI><a href="#[9]">&gt;&gt;</a>&nbsp;&nbsp;&nbsp;BusFault_Handler
</UL>
<BR>[Address Reference Count : 1]<UL><LI> arm_startup_nrf52.o(RESET)
</UL>
<P><STRONG><a name="[a]"></a>UsageFault_Handler</STRONG> (Thumb, 2 bytes, Stack size 0 bytes, arm_startup_nrf52.o(.text))
<BR><BR>[Calls]<UL><LI><a href="#[a]">&gt;&gt;</a>&nbsp;&nbsp;&nbsp;UsageFault_Handler
</UL>
<BR>[Called By]<UL><LI><a href="#[a]">&gt;&gt;</a>&nbsp;&nbsp;&nbsp;UsageFault_Handler
</UL>
<BR>[Address Reference Count : 1]<UL><LI> arm_startup_nrf52.o(RESET)
</UL>
<P><STRONG><a name="[b]"></a>SVC_Handler</STRONG> (Thumb, 2 bytes, Stack size 0 bytes, arm_startup_nrf52.o(.text))
<BR><BR>[Calls]<UL><LI><a href="#[b]">&gt;&gt;</a>&nbsp;&nbsp;&nbsp;SVC_Handler
</UL>
<BR>[Called By]<UL><LI><a href="#[b]">&gt;&gt;</a>&nbsp;&nbsp;&nbsp;SVC_Handler
</UL>
<BR>[Address Reference Count : 1]<UL><LI> arm_startup_nrf52.o(RESET)
</UL>
<P><STRONG><a name="[c]"></a>DebugMon_Handler</STRONG> (Thumb, 2 bytes, Stack size 0 bytes, arm_startup_nrf52.o(.text))
<BR><BR>[Calls]<UL><LI><a href="#[c]">&gt;&gt;</a>&nbsp;&nbsp;&nbsp;DebugMon_Handler
</UL>
<BR>[Called By]<UL><LI><a href="#[c]">&gt;&gt;</a>&nbsp;&nbsp;&nbsp;DebugMon_Handler
</UL>
<BR>[Address Reference Count : 1]<UL><LI> arm_startup_nrf52.o(RESET)
</UL>
<P><STRONG><a name="[d]"></a>PendSV_Handler</STRONG> (Thumb, 2 bytes, Stack size 0 bytes, arm_startup_nrf52.o(.text))
<BR><BR>[Calls]<UL><LI><a href="#[d]">&gt;&gt;</a>&nbsp;&nbsp;&nbsp;PendSV_Handler
</UL>
<BR>[Called By]<UL><LI><a href="#[d]">&gt;&gt;</a>&nbsp;&nbsp;&nbsp;PendSV_Handler
</UL>
<BR>[Address Reference Count : 1]<UL><LI> arm_startup_nrf52.o(RESET)
</UL>
<P><STRONG><a name="[e]"></a>SysTick_Handler</STRONG> (Thumb, 2 bytes, Stack size 0 bytes, arm_startup_nrf52.o(.text))
<BR><BR>[Calls]<UL><LI><a href="#[e]">&gt;&gt;</a>&nbsp;&nbsp;&nbsp;SysTick_Handler
</UL>
<BR>[Called By]<UL><LI><a href="#[e]">&gt;&gt;</a>&nbsp;&nbsp;&nbsp;SysTick_Handler
</UL>
<BR>[Address Reference Count : 1]<UL><LI> arm_startup_nrf52.o(RESET)
</UL>
<P><STRONG><a name="[1e]"></a>CCM_AAR_IRQHandler</STRONG> (Thumb, 0 bytes, Stack size 0 bytes, arm_startup_nrf52.o(.text))
<BR><BR>[Calls]<UL><LI><a href="#[1e]">&gt;&gt;</a>&nbsp;&nbsp;&nbsp;CCM_AAR_IRQHandler
</UL>
<BR>[Called By]<UL><LI><a href="#[1e]">&gt;&gt;</a>&nbsp;&nbsp;&nbsp;CCM_AAR_IRQHandler
</UL>
<BR>[Address Reference Count : 1]<UL><LI> arm_startup_nrf52.o(RESET)
</UL>
<P><STRONG><a name="[22]"></a>COMP_LPCOMP_IRQHandler</STRONG> (Thumb, 0 bytes, Stack size 0 bytes, arm_startup_nrf52.o(.text))
<BR>[Address Reference Count : 1]<UL><LI> arm_startup_nrf52.o(RESET)
</UL>
<P><STRONG><a name="[1d]"></a>ECB_IRQHandler</STRONG> (Thumb, 0 bytes, Stack size 0 bytes, arm_startup_nrf52.o(.text))
<BR>[Address Reference Count : 1]<UL><LI> arm_startup_nrf52.o(RESET)
</UL>
<P><STRONG><a name="[33]"></a>FPU_IRQHandler</STRONG> (Thumb, 0 bytes, Stack size 0 bytes, arm_startup_nrf52.o(.text))
<BR>[Address Reference Count : 1]<UL><LI> arm_startup_nrf52.o(RESET)
</UL>
<P><STRONG><a name="[32]"></a>I2S_IRQHandler</STRONG> (Thumb, 0 bytes, Stack size 0 bytes, arm_startup_nrf52.o(.text))
<BR>[Address Reference Count : 1]<UL><LI> arm_startup_nrf52.o(RESET)
</UL>
<P><STRONG><a name="[2d]"></a>MWU_IRQHandler</STRONG> (Thumb, 0 bytes, Stack size 0 bytes, arm_startup_nrf52.o(.text))
<BR>[Address Reference Count : 1]<UL><LI> arm_startup_nrf52.o(RESET)
</UL>
<P><STRONG><a name="[2f]"></a>PWM2_IRQHandler</STRONG> (Thumb, 0 bytes, Stack size 0 bytes, arm_startup_nrf52.o(.text))
<BR>[Address Reference Count : 1]<UL><LI> arm_startup_nrf52.o(RESET)
</UL>
<P><STRONG><a name="[21]"></a>QDEC_IRQHandler</STRONG> (Thumb, 0 bytes, Stack size 0 bytes, arm_startup_nrf52.o(.text))
<BR>[Address Reference Count : 1]<UL><LI> arm_startup_nrf52.o(RESET)
</UL>
<P><STRONG><a name="[10]"></a>RADIO_IRQHandler</STRONG> (Thumb, 0 bytes, Stack size 0 bytes, arm_startup_nrf52.o(.text))
<BR>[Address Reference Count : 1]<UL><LI> arm_startup_nrf52.o(RESET)
</UL>
<P><STRONG><a name="[1a]"></a>RTC0_IRQHandler</STRONG> (Thumb, 0 bytes, Stack size 0 bytes, arm_startup_nrf52.o(.text))
<BR>[Address Reference Count : 1]<UL><LI> arm_startup_nrf52.o(RESET)
</UL>
<P><STRONG><a name="[31]"></a>RTC2_IRQHandler</STRONG> (Thumb, 0 bytes, Stack size 0 bytes, arm_startup_nrf52.o(.text))
<BR>[Address Reference Count : 1]<UL><LI> arm_startup_nrf52.o(RESET)
</UL>
<P><STRONG><a name="[30]"></a>SPIM2_SPIS2_SPI2_IRQHandler</STRONG> (Thumb, 0 bytes, Stack size 0 bytes, arm_startup_nrf52.o(.text))
<BR>[Address Reference Count : 1]<UL><LI> arm_startup_nrf52.o(RESET)
</UL>
<P><STRONG><a name="[27]"></a>SWI4_EGU4_IRQHandler</STRONG> (Thumb, 0 bytes, Stack size 0 bytes, arm_startup_nrf52.o(.text))
<BR>[Address Reference Count : 1]<UL><LI> arm_startup_nrf52.o(RESET)
</UL>
<P><STRONG><a name="[28]"></a>SWI5_EGU5_IRQHandler</STRONG> (Thumb, 0 bytes, Stack size 0 bytes, arm_startup_nrf52.o(.text))
<BR>[Address Reference Count : 1]<UL><LI> arm_startup_nrf52.o(RESET)
</UL>
<P><STRONG><a name="[1b]"></a>TEMP_IRQHandler</STRONG> (Thumb, 0 bytes, Stack size 0 bytes, arm_startup_nrf52.o(.text))
<BR>[Address Reference Count : 1]<UL><LI> arm_startup_nrf52.o(RESET)
</UL>
<P><STRONG><a name="[17]"></a>TIMER0_IRQHandler</STRONG> (Thumb, 0 bytes, Stack size 0 bytes, arm_startup_nrf52.o(.text))
<BR>[Address Reference Count : 1]<UL><LI> arm_startup_nrf52.o(RESET)
</UL>
<P><STRONG><a name="[18]"></a>TIMER1_IRQHandler</STRONG> (Thumb, 0 bytes, Stack size 0 bytes, arm_startup_nrf52.o(.text))
<BR>[Address Reference Count : 1]<UL><LI> arm_startup_nrf52.o(RESET)
</UL>
<P><STRONG><a name="[19]"></a>TIMER2_IRQHandler</STRONG> (Thumb, 0 bytes, Stack size 0 bytes, arm_startup_nrf52.o(.text))
<BR>[Address Reference Count : 1]<UL><LI> arm_startup_nrf52.o(RESET)
</UL>
<P><STRONG><a name="[29]"></a>TIMER3_IRQHandler</STRONG> (Thumb, 0 bytes, Stack size 0 bytes, arm_startup_nrf52.o(.text))
<BR>[Address Reference Count : 1]<UL><LI> arm_startup_nrf52.o(RESET)
</UL>
<P><STRONG><a name="[11]"></a>UARTE0_UART0_IRQHandler</STRONG> (Thumb, 0 bytes, Stack size 0 bytes, arm_startup_nrf52.o(.text))
<BR>[Address Reference Count : 1]<UL><LI> arm_startup_nrf52.o(RESET)
</UL>
<P><STRONG><a name="[10f]"></a>__aeabi_uldivmod</STRONG> (Thumb, 98 bytes, Stack size 40 bytes, uldiv.o(.text))
<BR><BR>[Stack]<UL><LI>Max Depth = 40<LI>Call Chain = __aeabi_uldivmod
</UL>
<BR>[Calls]<UL><LI><a href="#[110]">&gt;&gt;</a>&nbsp;&nbsp;&nbsp;__aeabi_llsr
<LI><a href="#[111]">&gt;&gt;</a>&nbsp;&nbsp;&nbsp;__aeabi_llsl
</UL>
<BR>[Called By]<UL><LI><a href="#[319]">&gt;&gt;</a>&nbsp;&nbsp;&nbsp;nrf_drv_wdt_init
<LI><a href="#[28e]">&gt;&gt;</a>&nbsp;&nbsp;&nbsp;m_audio_cpu_gauge_log
<LI><a href="#[28a]">&gt;&gt;</a>&nbsp;&nbsp;&nbsp;m_audio_bitrate_gauge_log
<LI><a href="#[91]">&gt;&gt;</a>&nbsp;&nbsp;&nbsp;m_audio_info_cmd
</UL>

<P><STRONG><a name="[111]"></a>__aeabi_llsl</STRONG> (Thumb, 30 bytes, Stack size 0 bytes, llshl.o(.text))
<BR><BR>[Called By]<UL><LI><a href="#[10f]">&gt;&gt;</a>&nbsp;&nbsp;&nbsp;__aeabi_uldivmod
</UL>

<P><STRONG><a name="[407]"></a>_ll_shift_l</STRONG> (Thumb, 0 bytes, Stack size 0 bytes, llshl.o(.text), UNUSED)

<P><STRONG><a name="[117]"></a>__rt_ctype_table</STRONG> (Thumb, 4 bytes, Stack size 0 bytes, ctype_o.o(.text))
<BR><BR>[Called By]<UL><LI><a href="#[8d]">&gt;&gt;</a>&nbsp;&nbsp;&nbsp;drv_audio_set_gain_cmd
<LI><a href="#[1ce]">&gt;&gt;</a>&nbsp;&nbsp;&nbsp;nrf_log_hexdump_entry_process
<LI><a href="#[1d5]">&gt;&gt;</a>&nbsp;&nbsp;&nbsp;make_argv
<LI><a href="#[24c]">&gt;&gt;</a>&nbsp;&nbsp;&nbsp;format_offset_string_print
<LI><a href="#[1cf]">&gt;&gt;</a>&nbsp;&nbsp;&nbsp;cli_state_collect
<LI><a href="#[116]">&gt;&gt;</a>&nbsp;&nbsp;&nbsp;strtol
</UL>

<P><STRONG><a name="[112]"></a>qsort</STRONG> (Thumb, 156 bytes, Stack size 40 bytes, qsort.o(.text))
<BR><BR>[Stack]<UL><LI>Max Depth = 40 + In Cycle
<LI>Call Chain = qsort &rArr;  qsort (Cycle)
</UL>
<BR>[Calls]<UL><LI><a href="#[112]">&gt;&gt;</a>&nbsp;&nbsp;&nbsp;qsort
</UL>
<BR>[Called By]<UL><LI><a href="#[2e9]">&gt;&gt;</a>&nbsp;&nbsp;&nbsp;nrf_cli_init
<LI><a href="#[112]">&gt;&gt;</a>&nbsp;&nbsp;&nbsp;qsort
</UL>

<P><STRONG><a name="[315]"></a>bsearch</STRONG> (Thumb, 70 bytes, Stack size 40 bytes, bsearch.o(.text))
<BR><BR>[Stack]<UL><LI>Max Depth = 40<LI>Call Chain = bsearch
</UL>
<BR>[Called By]<UL><LI><a href="#[2f4]">&gt;&gt;</a>&nbsp;&nbsp;&nbsp;m_protocol_hid_state_page_it_init
<LI><a href="#[2f8]">&gt;&gt;</a>&nbsp;&nbsp;&nbsp;m_protocol_hid_state_get
<LI><a href="#[318]">&gt;&gt;</a>&nbsp;&nbsp;&nbsp;m_protocol_hid_state_set_value
<LI><a href="#[312]">&gt;&gt;</a>&nbsp;&nbsp;&nbsp;m_protocol_hid_key_event_handler
<LI><a href="#[9d]">&gt;&gt;</a>&nbsp;&nbsp;&nbsp;m_protocol_ir_event_handler
</UL>

<P><STRONG><a name="[408]"></a>___aeabi_memcpy8$move</STRONG> (Thumb, 0 bytes, Stack size 8 bytes, memmovea.o(.text), UNUSED)

<P><STRONG><a name="[14c]"></a>__aeabi_memcpy</STRONG> (Thumb, 64 bytes, Stack size 8 bytes, memmovea.o(.text))
<BR><BR>[Stack]<UL><LI>Max Depth = 8<LI>Call Chain = __aeabi_memcpy
</UL>
<BR>[Called By]<UL><LI><a href="#[1b6]">&gt;&gt;</a>&nbsp;&nbsp;&nbsp;quant_all_bands
<LI><a href="#[3ba]">&gt;&gt;</a>&nbsp;&nbsp;&nbsp;quant_band_stereo
<LI><a href="#[3b9]">&gt;&gt;</a>&nbsp;&nbsp;&nbsp;quant_band
<LI><a href="#[282]">&gt;&gt;</a>&nbsp;&nbsp;&nbsp;interleave_hadamard
<LI><a href="#[1f4]">&gt;&gt;</a>&nbsp;&nbsp;&nbsp;deinterleave_hadamard
<LI><a href="#[1ae]">&gt;&gt;</a>&nbsp;&nbsp;&nbsp;quant_coarse_energy
<LI><a href="#[19f]">&gt;&gt;</a>&nbsp;&nbsp;&nbsp;celt_encode_with_ec
<LI><a href="#[1ad]">&gt;&gt;</a>&nbsp;&nbsp;&nbsp;tf_analysis
<LI><a href="#[228]">&gt;&gt;</a>&nbsp;&nbsp;&nbsp;opus_encode_native
<LI><a href="#[1f7]">&gt;&gt;</a>&nbsp;&nbsp;&nbsp;lis3dh_write_regs
<LI><a href="#[147]">&gt;&gt;</a>&nbsp;&nbsp;&nbsp;app_sched_event_put
<LI><a href="#[144]">&gt;&gt;</a>&nbsp;&nbsp;&nbsp;nrf_queue_push
<LI><a href="#[16f]">&gt;&gt;</a>&nbsp;&nbsp;&nbsp;nrf_queue_generic_pop
<LI><a href="#[a3]">&gt;&gt;</a>&nbsp;&nbsp;&nbsp;nfc_text_rec_payload_constructor
<LI><a href="#[35b]">&gt;&gt;</a>&nbsp;&nbsp;&nbsp;nrf_queue_read
<LI><a href="#[2e0]">&gt;&gt;</a>&nbsp;&nbsp;&nbsp;nrf_crypto_ecdh_shared_secret_compute
<LI><a href="#[2e3]">&gt;&gt;</a>&nbsp;&nbsp;&nbsp;nrf_crypto_ecc_public_key_to_raw
<LI><a href="#[2e7]">&gt;&gt;</a>&nbsp;&nbsp;&nbsp;nrf_crypto_ecc_public_key_from_raw
<LI><a href="#[2e6]">&gt;&gt;</a>&nbsp;&nbsp;&nbsp;m_coms_ble_lesc_generate_oob_data
<LI><a href="#[193]">&gt;&gt;</a>&nbsp;&nbsp;&nbsp;ble_hids_boot_mouse_inp_rep_send
<LI><a href="#[276]">&gt;&gt;</a>&nbsp;&nbsp;&nbsp;pds_peer_data_read
<LI><a href="#[280]">&gt;&gt;</a>&nbsp;&nbsp;&nbsp;im_whitelist_set
<LI><a href="#[17b]">&gt;&gt;</a>&nbsp;&nbsp;&nbsp;ble_advdata_encode
<LI><a href="#[cc]">&gt;&gt;</a>&nbsp;&nbsp;&nbsp;read
<LI><a href="#[14b]">&gt;&gt;</a>&nbsp;&nbsp;&nbsp;SEGGER_RTT_Read
<LI><a href="#[1c9]">&gt;&gt;</a>&nbsp;&nbsp;&nbsp;nrf_ringbuf_cpy_put
<LI><a href="#[1c8]">&gt;&gt;</a>&nbsp;&nbsp;&nbsp;nrf_ringbuf_cpy_get
<LI><a href="#[1d3]">&gt;&gt;</a>&nbsp;&nbsp;&nbsp;nrf_memobj_write
<LI><a href="#[1cc]">&gt;&gt;</a>&nbsp;&nbsp;&nbsp;nrf_memobj_read
<LI><a href="#[14e]">&gt;&gt;</a>&nbsp;&nbsp;&nbsp;SEGGER_RTT_WriteNoLock
<LI><a href="#[338]">&gt;&gt;</a>&nbsp;&nbsp;&nbsp;nfc_ndef_record_encode
<LI><a href="#[dd]">&gt;&gt;</a>&nbsp;&nbsp;&nbsp;nfc_ac_rec_payload_constructor
<LI><a href="#[32d]">&gt;&gt;</a>&nbsp;&nbsp;&nbsp;nfcAddBytesToBuffer
<LI><a href="#[14f]">&gt;&gt;</a>&nbsp;&nbsp;&nbsp;_WriteBlocking
</UL>

<P><STRONG><a name="[18d]"></a>__aeabi_memcpy4</STRONG> (Thumb, 0 bytes, Stack size 8 bytes, memmovea.o(.text))
<BR><BR>[Stack]<UL><LI>Max Depth = 8<LI>Call Chain = __aeabi_memcpy4
</UL>
<BR>[Called By]<UL><LI><a href="#[1a5]">&gt;&gt;</a>&nbsp;&nbsp;&nbsp;run_prefilter
<LI><a href="#[2c0]">&gt;&gt;</a>&nbsp;&nbsp;&nbsp;m_coms_ble_dfu_init
<LI><a href="#[184]">&gt;&gt;</a>&nbsp;&nbsp;&nbsp;sdk_mapped_flags_key_list_get
<LI><a href="#[f8]">&gt;&gt;</a>&nbsp;&nbsp;&nbsp;ble_evt_handler
<LI><a href="#[1cf]">&gt;&gt;</a>&nbsp;&nbsp;&nbsp;cli_state_collect
</UL>

<P><STRONG><a name="[1c3]"></a>__aeabi_memmove</STRONG> (Thumb, 0 bytes, Stack size 8 bytes, memmovea.o(.text))
<BR><BR>[Stack]<UL><LI>Max Depth = 8<LI>Call Chain = __aeabi_memmove
</UL>
<BR>[Called By]<UL><LI><a href="#[1a2]">&gt;&gt;</a>&nbsp;&nbsp;&nbsp;ec_enc_shrink
<LI><a href="#[22a]">&gt;&gt;</a>&nbsp;&nbsp;&nbsp;opus_repacketizer_out_range_impl
<LI><a href="#[378]">&gt;&gt;</a>&nbsp;&nbsp;&nbsp;opus_packet_pad
<LI><a href="#[228]">&gt;&gt;</a>&nbsp;&nbsp;&nbsp;opus_encode_native
<LI><a href="#[1d5]">&gt;&gt;</a>&nbsp;&nbsp;&nbsp;make_argv
<LI><a href="#[1d8]">&gt;&gt;</a>&nbsp;&nbsp;&nbsp;completion_insert
<LI><a href="#[1cf]">&gt;&gt;</a>&nbsp;&nbsp;&nbsp;cli_state_collect
<LI><a href="#[1c2]">&gt;&gt;</a>&nbsp;&nbsp;&nbsp;char_insert
<LI><a href="#[335]">&gt;&gt;</a>&nbsp;&nbsp;&nbsp;nfc_ble_oob_adv_data_encode
</UL>

<P><STRONG><a name="[1e1]"></a>__aeabi_memmove4</STRONG> (Thumb, 0 bytes, Stack size 8 bytes, memmovea.o(.text))
<BR><BR>[Stack]<UL><LI>Max Depth = 8<LI>Call Chain = __aeabi_memmove4
</UL>
<BR>[Called By]<UL><LI><a href="#[1a5]">&gt;&gt;</a>&nbsp;&nbsp;&nbsp;run_prefilter
<LI><a href="#[1e0]">&gt;&gt;</a>&nbsp;&nbsp;&nbsp;comb_filter
</UL>

<P><STRONG><a name="[409]"></a>__aeabi_memmove8</STRONG> (Thumb, 0 bytes, Stack size 8 bytes, memmovea.o(.text), UNUSED)

<P><STRONG><a name="[114]"></a>__aeabi_memset</STRONG> (Thumb, 14 bytes, Stack size 0 bytes, memseta.o(.text))
<BR><BR>[Called By]<UL><LI><a href="#[168]">&gt;&gt;</a>&nbsp;&nbsp;&nbsp;nrf_drv_gpiote_init
<LI><a href="#[32e]">&gt;&gt;</a>&nbsp;&nbsp;&nbsp;nfcAddFixedValueToBuffer
<LI><a href="#[115]">&gt;&gt;</a>&nbsp;&nbsp;&nbsp;memset
<LI><a href="#[113]">&gt;&gt;</a>&nbsp;&nbsp;&nbsp;__aeabi_memclr
</UL>

<P><STRONG><a name="[40a]"></a>__aeabi_memset4</STRONG> (Thumb, 0 bytes, Stack size 0 bytes, memseta.o(.text), UNUSED)

<P><STRONG><a name="[40b]"></a>__aeabi_memset8</STRONG> (Thumb, 0 bytes, Stack size 0 bytes, memseta.o(.text), UNUSED)

<P><STRONG><a name="[113]"></a>__aeabi_memclr</STRONG> (Thumb, 4 bytes, Stack size 0 bytes, memseta.o(.text))
<BR><BR>[Calls]<UL><LI><a href="#[114]">&gt;&gt;</a>&nbsp;&nbsp;&nbsp;__aeabi_memset
</UL>
<BR>[Called By]<UL><LI><a href="#[3bb]">&gt;&gt;</a>&nbsp;&nbsp;&nbsp;quant_partition
<LI><a href="#[1b8]">&gt;&gt;</a>&nbsp;&nbsp;&nbsp;ec_enc_done
<LI><a href="#[19f]">&gt;&gt;</a>&nbsp;&nbsp;&nbsp;celt_encode_with_ec
<LI><a href="#[200]">&gt;&gt;</a>&nbsp;&nbsp;&nbsp;opus_encoder_ctl
<LI><a href="#[258]">&gt;&gt;</a>&nbsp;&nbsp;&nbsp;pm_mutex_init
<LI><a href="#[39b]">&gt;&gt;</a>&nbsp;&nbsp;&nbsp;peer_id_init
<LI><a href="#[384]">&gt;&gt;</a>&nbsp;&nbsp;&nbsp;smd_params_reply
<LI><a href="#[32f]">&gt;&gt;</a>&nbsp;&nbsp;&nbsp;nfcPrepareTxBuffer
</UL>

[...]
<LI><a href="#[19c]">&gt;&gt;</a>&nbsp;&nbsp;&nbsp;buf_prealloc
</UL>
<BR>[Called By]<UL><LI><a href="#[13f]">&gt;&gt;</a>&nbsp;&nbsp;&nbsp;nrf_log_frontend_std_3
<LI><a href="#[13d]">&gt;&gt;</a>&nbsp;&nbsp;&nbsp;nrf_log_frontend_std_1
<LI><a href="#[140]">&gt;&gt;</a>&nbsp;&nbsp;&nbsp;nrf_log_frontend_std_0
<LI><a href="#[13e]">&gt;&gt;</a>&nbsp;&nbsp;&nbsp;nrf_log_frontend_std_4
<LI><a href="#[164]">&gt;&gt;</a>&nbsp;&nbsp;&nbsp;nrf_log_frontend_std_2
<LI><a href="#[202]">&gt;&gt;</a>&nbsp;&nbsp;&nbsp;nrf_log_frontend_std_5
<LI><a href="#[298]">&gt;&gt;</a>&nbsp;&nbsp;&nbsp;nrf_log_frontend_std_6
</UL>

<P><STRONG><a name="[269]"></a>hal_nfc_internal_bytes_setup</STRONG> (Thumb, 146 bytes, Stack size 32 bytes, hal_nfc_t2t.o(i.hal_nfc_internal_bytes_setup))
<BR><BR>[Stack]<UL><LI>Max Depth = 40<LI>Call Chain = hal_nfc_internal_bytes_setup &rArr; nfc_t2t_internal_set
</UL>
<BR>[Calls]<UL><LI><a href="#[26b]">&gt;&gt;</a>&nbsp;&nbsp;&nbsp;nfc_t2t_internal_set
<LI><a href="#[26a]">&gt;&gt;</a>&nbsp;&nbsp;&nbsp;__ARM_common_memset4_4
</UL>
<BR>[Called By]<UL><LI><a href="#[26c]">&gt;&gt;</a>&nbsp;&nbsp;&nbsp;hal_nfc_setup
</UL>

<P><STRONG><a name="[48]"></a>nrf_nfct_clock_event_handler</STRONG> (Thumb, 14 bytes, Stack size 0 bytes, hal_nfc_t2t.o(i.nrf_nfct_clock_event_handler))
<BR>[Address Reference Count : 1]<UL><LI> hal_nfc_t2t.o(i.hal_nfc_setup)
</UL>
<P><STRONG><a name="[14a]"></a>_DoInit</STRONG> (Thumb, 74 bytes, Stack size 16 bytes, segger_rtt.o(i._DoInit))
<BR><BR>[Stack]<UL><LI>Max Depth = 16<LI>Call Chain = _DoInit
</UL>
<BR>[Calls]<UL><LI><a href="#[154]">&gt;&gt;</a>&nbsp;&nbsp;&nbsp;__ARM_common_memcpy4_7
</UL>
<BR>[Called By]<UL><LI><a href="#[14d]">&gt;&gt;</a>&nbsp;&nbsp;&nbsp;SEGGER_RTT_Write
<LI><a href="#[14b]">&gt;&gt;</a>&nbsp;&nbsp;&nbsp;SEGGER_RTT_Read
<LI><a href="#[149]">&gt;&gt;</a>&nbsp;&nbsp;&nbsp;SEGGER_RTT_Init
</UL>

<P><STRONG><a name="[14f]"></a>_WriteBlocking</STRONG> (Thumb, 88 bytes, Stack size 32 bytes, segger_rtt.o(i._WriteBlocking))
<BR><BR>[Stack]<UL><LI>Max Depth = 40<LI>Call Chain = _WriteBlocking &rArr; __aeabi_memcpy
</UL>
<BR>[Calls]<UL><LI><a href="#[14c]">&gt;&gt;</a>&nbsp;&nbsp;&nbsp;__aeabi_memcpy
</UL>
<BR>[Called By]<UL><LI><a href="#[14e]">&gt;&gt;</a>&nbsp;&nbsp;&nbsp;SEGGER_RTT_WriteNoLock
</UL>

<P><STRONG><a name="[3a]"></a>appsh_events_poll</STRONG> (Thumb, 46 bytes, Stack size 16 bytes, nrf_sdh.o(i.appsh_events_poll))
<BR><BR>[Stack]<UL><LI>Max Depth = 288<LI>Call Chain = appsh_events_poll &rArr; nrf_section_iter_init &rArr; assert_nrf_callback &rArr; app_error_fault_handler &rArr; nrf_log_frontend_std_1 &rArr; std_n &rArr;  assert_nrf_callback (Cycle)
</UL>
<BR>[Calls]<UL><LI><a href="#[179]">&gt;&gt;</a>&nbsp;&nbsp;&nbsp;nrf_section_iter_next
<LI><a href="#[178]">&gt;&gt;</a>&nbsp;&nbsp;&nbsp;nrf_section_iter_init
</UL>
<BR>[Address Reference Count : 1]<UL><LI> nrf_sdh.o(i.SWI2_EGU2_IRQHandler)
</UL>
<P><STRONG><a name="[106]"></a>nrf_sdh_ble_evts_poll</STRONG> (Thumb, 82 bytes, Stack size 88 bytes, nrf_sdh_ble.o(i.nrf_sdh_ble_evts_poll))
<BR><BR>[Stack]<UL><LI>Max Depth = 360<LI>Call Chain = nrf_sdh_ble_evts_poll &rArr; nrf_section_iter_init &rArr; assert_nrf_callback &rArr; app_error_fault_handler &rArr; nrf_log_frontend_std_1 &rArr; std_n &rArr;  assert_nrf_callback (Cycle)
</UL>
<BR>[Calls]<UL><LI><a href="#[148]">&gt;&gt;</a>&nbsp;&nbsp;&nbsp;app_error_handler
<LI><a href="#[179]">&gt;&gt;</a>&nbsp;&nbsp;&nbsp;nrf_section_iter_next
<LI><a href="#[178]">&gt;&gt;</a>&nbsp;&nbsp;&nbsp;nrf_section_iter_init
</UL>
<BR>[Address Reference Count : 1]<UL><LI> nrf_sdh_ble.o(sdh_stack_observers0)
</UL>
<P><STRONG><a name="[107]"></a>nrf_sdh_soc_evts_poll</STRONG> (Thumb, 70 bytes, Stack size 24 bytes, nrf_sdh_soc.o(i.nrf_sdh_soc_evts_poll))
<BR><BR>[Stack]<UL><LI>Max Depth = 296<LI>Call Chain = nrf_sdh_soc_evts_poll &rArr; nrf_section_iter_init &rArr; assert_nrf_callback &rArr; app_error_fault_handler &rArr; nrf_log_frontend_std_1 &rArr; std_n &rArr;  assert_nrf_callback (Cycle)
</UL>
<BR>[Calls]<UL><LI><a href="#[148]">&gt;&gt;</a>&nbsp;&nbsp;&nbsp;app_error_handler
<LI><a href="#[179]">&gt;&gt;</a>&nbsp;&nbsp;&nbsp;nrf_section_iter_next
<LI><a href="#[178]">&gt;&gt;</a>&nbsp;&nbsp;&nbsp;nrf_section_iter_init
</UL>
<BR>[Address Reference Count : 1]<UL><LI> nrf_sdh_soc.o(sdh_stack_observers0)
</UL>
<P><STRONG><a name="[7b]"></a>halNfcCallback</STRONG> (Thumb, 152 bytes, Stack size 16 bytes, nfc_t2t_lib.o(i.halNfcCallback))
<BR><BR>[Stack]<UL><LI>Max Depth = 72<LI>Call Chain = halNfcCallback &rArr; nfcHandleT2ReadCommand &rArr; nfcPrepareTxBuffer &rArr; nfcAddBytesToBuffer &rArr; __aeabi_memcpy
</UL>
<BR>[Calls]<UL><LI><a href="#[268]">&gt;&gt;</a>&nbsp;&nbsp;&nbsp;nfcResetReadState
<LI><a href="#[267]">&gt;&gt;</a>&nbsp;&nbsp;&nbsp;nfcHandleT2ReadCommand
<LI><a href="#[266]">&gt;&gt;</a>&nbsp;&nbsp;&nbsp;nfcChangeState
</UL>
<BR>[Address Reference Count : 1]<UL><LI> nfc_t2t_lib.o(i.nfc_t2t_setup)
</UL>
<P><STRONG><a name="[32d]"></a>nfcAddBytesToBuffer</STRONG> (Thumb, 20 bytes, Stack size 8 bytes, nfc_t2t_lib.o(i.nfcAddBytesToBuffer))
<BR><BR>[Stack]<UL><LI>Max Depth = 16<LI>Call Chain = nfcAddBytesToBuffer &rArr; __aeabi_memcpy
</UL>
<BR>[Calls]<UL><LI><a href="#[14c]">&gt;&gt;</a>&nbsp;&nbsp;&nbsp;__aeabi_memcpy
</UL>
<BR>[Called By]<UL><LI><a href="#[32f]">&gt;&gt;</a>&nbsp;&nbsp;&nbsp;nfcPrepareTxBuffer
</UL>

<P><STRONG><a name="[32e]"></a>nfcAddFixedValueToBuffer</STRONG> (Thumb, 22 bytes, Stack size 8 bytes, nfc_t2t_lib.o(i.nfcAddFixedValueToBuffer))
<BR><BR>[Stack]<UL><LI>Max Depth = 8<LI>Call Chain = nfcAddFixedValueToBuffer
</UL>
<BR>[Calls]<UL><LI><a href="#[114]">&gt;&gt;</a>&nbsp;&nbsp;&nbsp;__aeabi_memset
</UL>
<BR>[Called By]<UL><LI><a href="#[32f]">&gt;&gt;</a>&nbsp;&nbsp;&nbsp;nfcPrepareTxBuffer
</UL>

<P><STRONG><a name="[33c]"></a>nfcCalculateAddresses</STRONG> (Thumb, 48 bytes, Stack size 0 bytes, nfc_t2t_lib.o(i.nfcCalculateAddresses))
<BR><BR>[Called By]<UL><LI><a href="#[30a]">&gt;&gt;</a>&nbsp;&nbsp;&nbsp;nfc_t2t_payload_set
</UL>

<P><STRONG><a name="[266]"></a>nfcChangeState</STRONG> (Thumb, 54 bytes, Stack size 16 bytes, nfc_t2t_lib.o(i.nfcChangeState))
<BR><BR>[Stack]<UL><LI>Max Depth = 16<LI>Call Chain = nfcChangeState
</UL>
<BR>[Called By]<UL><LI><a href="#[30c]">&gt;&gt;</a>&nbsp;&nbsp;&nbsp;nfc_t2t_setup
<LI><a href="#[306]">&gt;&gt;</a>&nbsp;&nbsp;&nbsp;nfc_t2t_emulation_stop
<LI><a href="#[30b]">&gt;&gt;</a>&nbsp;&nbsp;&nbsp;nfc_t2t_emulation_start
<LI><a href="#[332]">&gt;&gt;</a>&nbsp;&nbsp;&nbsp;nfcRegisterPayload
<LI><a href="#[267]">&gt;&gt;</a>&nbsp;&nbsp;&nbsp;nfcHandleT2ReadCommand
<LI><a href="#[7b]">&gt;&gt;</a>&nbsp;&nbsp;&nbsp;halNfcCallback
</UL>

<P><STRONG><a name="[267]"></a>nfcHandleT2ReadCommand</STRONG> (Thumb, 76 bytes, Stack size 16 bytes, nfc_t2t_lib.o(i.nfcHandleT2ReadCommand))
<BR><BR>[Stack]<UL><LI>Max Depth = 56<LI>Call Chain = nfcHandleT2ReadCommand &rArr; nfcPrepareTxBuffer &rArr; nfcAddBytesToBuffer &rArr; __aeabi_memcpy
</UL>
<BR>[Calls]<UL><LI><a href="#[330]">&gt;&gt;</a>&nbsp;&nbsp;&nbsp;hal_nfc_send
<LI><a href="#[331]">&gt;&gt;</a>&nbsp;&nbsp;&nbsp;nfcUpdateReadState
<LI><a href="#[32f]">&gt;&gt;</a>&nbsp;&nbsp;&nbsp;nfcPrepareTxBuffer
<LI><a href="#[266]">&gt;&gt;</a>&nbsp;&nbsp;&nbsp;nfcChangeState
</UL>
<BR>[Called By]<UL><LI><a href="#[7b]">&gt;&gt;</a>&nbsp;&nbsp;&nbsp;halNfcCallback
</UL>

<P><STRONG><a name="[33b]"></a>nfcPrepareInternalBytes</STRONG> (Thumb, 16 bytes, Stack size 0 bytes, nfc_t2t_lib.o(i.nfcPrepareInternalBytes))
<BR><BR>[Called By]<UL><LI><a href="#[30c]">&gt;&gt;</a>&nbsp;&nbsp;&nbsp;nfc_t2t_setup
<LI><a href="#[26b]">&gt;&gt;</a>&nbsp;&nbsp;&nbsp;nfc_t2t_internal_set
</UL>

<P><STRONG><a name="[32f]"></a>nfcPrepareTxBuffer</STRONG> (Thumb, 158 bytes, Stack size 24 bytes, nfc_t2t_lib.o(i.nfcPrepareTxBuffer))
<BR><BR>[Stack]<UL><LI>Max Depth = 40<LI>Call Chain = nfcPrepareTxBuffer &rArr; nfcAddBytesToBuffer &rArr; __aeabi_memcpy
</UL>
<BR>[Calls]<UL><LI><a href="#[32e]">&gt;&gt;</a>&nbsp;&nbsp;&nbsp;nfcAddFixedValueToBuffer
<LI><a href="#[32d]">&gt;&gt;</a>&nbsp;&nbsp;&nbsp;nfcAddBytesToBuffer
<LI><a href="#[113]">&gt;&gt;</a>&nbsp;&nbsp;&nbsp;__aeabi_memclr
</UL>
<BR>[Called By]<UL><LI><a href="#[267]">&gt;&gt;</a>&nbsp;&nbsp;&nbsp;nfcHandleT2ReadCommand
</UL>

<P><STRONG><a name="[332]"></a>nfcRegisterPayload</STRONG> (Thumb, 40 bytes, Stack size 16 bytes, nfc_t2t_lib.o(i.nfcRegisterPayload))
<BR><BR>[Stack]<UL><LI>Max Depth = 32<LI>Call Chain = nfcRegisterPayload &rArr; nfcChangeState
</UL>
<BR>[Calls]<UL><LI><a href="#[266]">&gt;&gt;</a>&nbsp;&nbsp;&nbsp;nfcChangeState
</UL>
<BR>[Called By]<UL><LI><a href="#[30a]">&gt;&gt;</a>&nbsp;&nbsp;&nbsp;nfc_t2t_payload_set
</UL>

<P><STRONG><a name="[268]"></a>nfcResetReadState</STRONG> (Thumb, 66 bytes, Stack size 16 bytes, nfc_t2t_lib.o(i.nfcResetReadState))
<BR><BR>[Stack]<UL><LI>Max Depth = 16<LI>Call Chain = nfcResetReadState
</UL>
<BR>[Called By]<UL><LI><a href="#[30a]">&gt;&gt;</a>&nbsp;&nbsp;&nbsp;nfc_t2t_payload_set
<LI><a href="#[7b]">&gt;&gt;</a>&nbsp;&nbsp;&nbsp;halNfcCallback
</UL>

<P><STRONG><a name="[331]"></a>nfcUpdateReadState</STRONG> (Thumb, 88 bytes, Stack size 20 bytes, nfc_t2t_lib.o(i.nfcUpdateReadState))
<BR><BR>[Stack]<UL><LI>Max Depth = 20<LI>Call Chain = nfcUpdateReadState
</UL>
<BR>[Called By]<UL><LI><a href="#[267]">&gt;&gt;</a>&nbsp;&nbsp;&nbsp;nfcHandleT2ReadCommand
</UL>

<P><STRONG><a name="[12b]"></a>bcopy</STRONG> (Thumb, 12 bytes, Stack size 0 bytes, uECC.c.o(.text.bcopy))
<BR><BR>[Calls]<UL><LI><a href="#[12b]">&gt;&gt;</a>&nbsp;&nbsp;&nbsp;bcopy
</UL>
<BR>[Called By]<UL><LI><a href="#[133]">&gt;&gt;</a>&nbsp;&nbsp;&nbsp;uECC_shared_secret
<LI><a href="#[12b]">&gt;&gt;</a>&nbsp;&nbsp;&nbsp;bcopy
</UL>

<P><STRONG><a name="[135]"></a>uECC_vli_cmp_unsafe</STRONG> (Thumb, 42 bytes, Stack size 32 bytes, uECC.c.o(.text.uECC_vli_cmp_unsafe))
<BR><BR>[Stack]<UL><LI>Max Depth = 32<LI>Call Chain = uECC_vli_cmp_unsafe
</UL>
<BR>[Called By]<UL><LI><a href="#[128]">&gt;&gt;</a>&nbsp;&nbsp;&nbsp;uECC_vli_modInv
<LI><a href="#[12a]">&gt;&gt;</a>&nbsp;&nbsp;&nbsp;uECC_vli_modAdd
<LI><a href="#[e1]">&gt;&gt;</a>&nbsp;&nbsp;&nbsp;vli_mmod_fast_secp160r1
<LI><a href="#[e4]">&gt;&gt;</a>&nbsp;&nbsp;&nbsp;vli_mmod_fast_secp256r1
<LI><a href="#[e3]">&gt;&gt;</a>&nbsp;&nbsp;&nbsp;vli_mmod_fast_secp224r1
<LI><a href="#[e2]">&gt;&gt;</a>&nbsp;&nbsp;&nbsp;vli_mmod_fast_secp192r1
</UL>

<P><STRONG><a name="[11d]"></a>regularize_k</STRONG> (Thumb, 90 bytes, Stack size 96 bytes, uECC.c.o(.text.regularize_k))
<BR><BR>[Stack]<UL><LI>Max Depth = 160<LI>Call Chain = regularize_k &rArr; uECC_vli_add
</UL>
<BR>[Calls]<UL><LI><a href="#[123]">&gt;&gt;</a>&nbsp;&nbsp;&nbsp;uECC_vli_testBit
<LI><a href="#[12c]">&gt;&gt;</a>&nbsp;&nbsp;&nbsp;uECC_vli_add
</UL>
<BR>[Called By]<UL><LI><a href="#[133]">&gt;&gt;</a>&nbsp;&nbsp;&nbsp;uECC_shared_secret
<LI><a href="#[11c]">&gt;&gt;</a>&nbsp;&nbsp;&nbsp;EccPoint_compute_public_key
</UL>

<P><STRONG><a name="[e2]"></a>vli_mmod_fast_secp192r1</STRONG> (Thumb, 148 bytes, Stack size 192 bytes, uECC.c.o(.text.vli_mmod_fast_secp192r1))
<BR><BR>[Stack]<UL><LI>Max Depth = 256<LI>Call Chain = vli_mmod_fast_secp192r1 &rArr; uECC_vli_sub
</UL>
<BR>[Calls]<UL><LI><a href="#[120]">&gt;&gt;</a>&nbsp;&nbsp;&nbsp;uECC_vli_set
<LI><a href="#[134]">&gt;&gt;</a>&nbsp;&nbsp;&nbsp;uECC_vli_sub
<LI><a href="#[12c]">&gt;&gt;</a>&nbsp;&nbsp;&nbsp;uECC_vli_add
<LI><a href="#[135]">&gt;&gt;</a>&nbsp;&nbsp;&nbsp;uECC_vli_cmp_unsafe
</UL>
<BR>[Address Reference Count : 1]<UL><LI> uECC.c.o(.rodata.curve_secp192r1)
</UL>
<P><STRONG><a name="[e3]"></a>vli_mmod_fast_secp224r1</STRONG> (Thumb, 220 bytes, Stack size 224 bytes, uECC.c.o(.text.vli_mmod_fast_secp224r1))
<BR><BR>[Stack]<UL><LI>Max Depth = 288<LI>Call Chain = vli_mmod_fast_secp224r1 &rArr; uECC_vli_sub
</UL>
<BR>[Calls]<UL><LI><a href="#[120]">&gt;&gt;</a>&nbsp;&nbsp;&nbsp;uECC_vli_set
<LI><a href="#[134]">&gt;&gt;</a>&nbsp;&nbsp;&nbsp;uECC_vli_sub
<LI><a href="#[12c]">&gt;&gt;</a>&nbsp;&nbsp;&nbsp;uECC_vli_add
<LI><a href="#[135]">&gt;&gt;</a>&nbsp;&nbsp;&nbsp;uECC_vli_cmp_unsafe
</UL>
<BR>[Address Reference Count : 1]<UL><LI> uECC.c.o(.rodata.curve_secp224r1)
</UL>
<P><STRONG><a name="[e4]"></a>vli_mmod_fast_secp256r1</STRONG> (Thumb, 432 bytes, Stack size 224 bytes, uECC.c.o(.text.vli_mmod_fast_secp256r1))
<BR><BR>[Stack]<UL><LI>Max Depth = 288<LI>Call Chain = vli_mmod_fast_secp256r1 &rArr; uECC_vli_sub
</UL>
<BR>[Calls]<UL><LI><a href="#[120]">&gt;&gt;</a>&nbsp;&nbsp;&nbsp;uECC_vli_set
<LI><a href="#[134]">&gt;&gt;</a>&nbsp;&nbsp;&nbsp;uECC_vli_sub
<LI><a href="#[12c]">&gt;&gt;</a>&nbsp;&nbsp;&nbsp;uECC_vli_add
<LI><a href="#[135]">&gt;&gt;</a>&nbsp;&nbsp;&nbsp;uECC_vli_cmp_unsafe
</UL>
<BR>[Address Reference Count : 1]<UL><LI> uECC.c.o(.rodata.curve_secp256r1)
</UL>
<P><STRONG><a name="[136]"></a>vli_modInv_update</STRONG> (Thumb, 58 bytes, Stack size 96 bytes, uECC.c.o(.text.vli_modInv_update))
<BR><BR>[Stack]<UL><LI>Max Depth = 160<LI>Call Chain = vli_modInv_update &rArr; uECC_vli_add
</UL>
<BR>[Calls]<UL><LI><a href="#[12d]">&gt;&gt;</a>&nbsp;&nbsp;&nbsp;uECC_vli_rshift1
<LI><a href="#[12c]">&gt;&gt;</a>&nbsp;&nbsp;&nbsp;uECC_vli_add
</UL>
<BR>[Called By]<UL><LI><a href="#[128]">&gt;&gt;</a>&nbsp;&nbsp;&nbsp;uECC_vli_modInv
</UL>

<P><STRONG><a name="[12e]"></a>omega_mult_secp160r1</STRONG> (Thumb, 66 bytes, Stack size 64 bytes, uECC.c.o(.text.omega_mult_secp160r1))
<BR><BR>[Stack]<UL><LI>Max Depth = 128<LI>Call Chain = omega_mult_secp160r1 &rArr; uECC_vli_add
</UL>
<BR>[Calls]<UL><LI><a href="#[12d]">&gt;&gt;</a>&nbsp;&nbsp;&nbsp;uECC_vli_rshift1
<LI><a href="#[120]">&gt;&gt;</a>&nbsp;&nbsp;&nbsp;uECC_vli_set
<LI><a href="#[12c]">&gt;&gt;</a>&nbsp;&nbsp;&nbsp;uECC_vli_add
</UL>
<BR>[Called By]<UL><LI><a href="#[e1]">&gt;&gt;</a>&nbsp;&nbsp;&nbsp;vli_mmod_fast_secp160r1
</UL>

<P><STRONG><a name="[e1]"></a>vli_mmod_fast_secp160r1</STRONG> (Thumb, 132 bytes, Stack size 224 bytes, uECC.c.o(.text.vli_mmod_fast_secp160r1))
<BR><BR>[Stack]<UL><LI>Max Depth = 352<LI>Call Chain = vli_mmod_fast_secp160r1 &rArr; omega_mult_secp160r1 &rArr; uECC_vli_add
</UL>
<BR>[Calls]<UL><LI><a href="#[121]">&gt;&gt;</a>&nbsp;&nbsp;&nbsp;uECC_vli_clear
<LI><a href="#[134]">&gt;&gt;</a>&nbsp;&nbsp;&nbsp;uECC_vli_sub
<LI><a href="#[12c]">&gt;&gt;</a>&nbsp;&nbsp;&nbsp;uECC_vli_add
<LI><a href="#[12e]">&gt;&gt;</a>&nbsp;&nbsp;&nbsp;omega_mult_secp160r1
<LI><a href="#[135]">&gt;&gt;</a>&nbsp;&nbsp;&nbsp;uECC_vli_cmp_unsafe
</UL>
<BR>[Address Reference Count : 1]<UL><LI> uECC.c.o(.rodata.curve_secp160r1)
</UL>
<P><STRONG><a name="[e0]"></a>x_side_default</STRONG> (Thumb, 90 bytes, Stack size 256 bytes, uECC.c.o(.text.x_side_default))
<BR><BR>[Stack]<UL><LI>Max Depth = 720<LI>Call Chain = x_side_default &rArr; uECC_vli_modSquare_fast &rArr; uECC_vli_square
</UL>
<BR>[Calls]<UL><LI><a href="#[129]">&gt;&gt;</a>&nbsp;&nbsp;&nbsp;uECC_vli_modSquare_fast
<LI><a href="#[127]">&gt;&gt;</a>&nbsp;&nbsp;&nbsp;uECC_vli_modMult_fast
<LI><a href="#[126]">&gt;&gt;</a>&nbsp;&nbsp;&nbsp;uECC_vli_modSub
<LI><a href="#[12a]">&gt;&gt;</a>&nbsp;&nbsp;&nbsp;uECC_vli_modAdd
<LI><a href="#[115]">&gt;&gt;</a>&nbsp;&nbsp;&nbsp;memset
</UL>
<BR>[Address Reference Count : 4]<UL><LI> uECC.c.o(.rodata.curve_secp192r1)
<LI> uECC.c.o(.rodata.curve_secp256r1)
<LI> uECC.c.o(.rodata.curve_secp160r1)
<LI> uECC.c.o(.rodata.curve_secp224r1)
</UL>
<P><STRONG><a name="[df]"></a>double_jacobian_default</STRONG> (Thumb, 340 bytes, Stack size 416 bytes, uECC.c.o(.text.double_jacobian_default))
<BR><BR>[Stack]<UL><LI>Max Depth = 880<LI>Call Chain = double_jacobian_default &rArr; uECC_vli_modSquare_fast &rArr; uECC_vli_square
</UL>
<BR>[Calls]<UL><LI><a href="#[129]">&gt;&gt;</a>&nbsp;&nbsp;&nbsp;uECC_vli_modSquare_fast
<LI><a href="#[127]">&gt;&gt;</a>&nbsp;&nbsp;&nbsp;uECC_vli_modMult_fast
<LI><a href="#[126]">&gt;&gt;</a>&nbsp;&nbsp;&nbsp;uECC_vli_modSub
<LI><a href="#[12a]">&gt;&gt;</a>&nbsp;&nbsp;&nbsp;uECC_vli_modAdd
<LI><a href="#[12d]">&gt;&gt;</a>&nbsp;&nbsp;&nbsp;uECC_vli_rshift1
<LI><a href="#[120]">&gt;&gt;</a>&nbsp;&nbsp;&nbsp;uECC_vli_set
<LI><a href="#[11f]">&gt;&gt;</a>&nbsp;&nbsp;&nbsp;uECC_vli_isZero
<LI><a href="#[12c]">&gt;&gt;</a>&nbsp;&nbsp;&nbsp;uECC_vli_add
</UL>
<BR>[Address Reference Count : 4]<UL><LI> uECC.c.o(.rodata.curve_secp192r1)
<LI> uECC.c.o(.rodata.curve_secp256r1)
<LI> uECC.c.o(.rodata.curve_secp160r1)
<LI> uECC.c.o(.rodata.curve_secp224r1)
</UL>
<P><STRONG><a name="[124]"></a>XYcZ_addC</STRONG> (Thumb, 280 bytes, Stack size 544 bytes, uECC.c.o(.text.XYcZ_addC))
<BR><BR>[Stack]<UL><LI>Max Depth = 1008<LI>Call Chain = XYcZ_addC &rArr; uECC_vli_modSquare_fast &rArr; uECC_vli_square
</UL>
<BR>[Calls]<UL><LI><a href="#[129]">&gt;&gt;</a>&nbsp;&nbsp;&nbsp;uECC_vli_modSquare_fast
<LI><a href="#[127]">&gt;&gt;</a>&nbsp;&nbsp;&nbsp;uECC_vli_modMult_fast
<LI><a href="#[126]">&gt;&gt;</a>&nbsp;&nbsp;&nbsp;uECC_vli_modSub
<LI><a href="#[12a]">&gt;&gt;</a>&nbsp;&nbsp;&nbsp;uECC_vli_modAdd
<LI><a href="#[120]">&gt;&gt;</a>&nbsp;&nbsp;&nbsp;uECC_vli_set
</UL>
<BR>[Called By]<UL><LI><a href="#[11e]">&gt;&gt;</a>&nbsp;&nbsp;&nbsp;EccPoint_mult
</UL>

<P><STRONG><a name="[125]"></a>XYcZ_add</STRONG> (Thumb, 202 bytes, Stack size 288 bytes, uECC.c.o(.text.XYcZ_add))
<BR><BR>[Stack]<UL><LI>Max Depth = 752<LI>Call Chain = XYcZ_add &rArr; uECC_vli_modSquare_fast &rArr; uECC_vli_square
</UL>
<BR>[Calls]<UL><LI><a href="#[129]">&gt;&gt;</a>&nbsp;&nbsp;&nbsp;uECC_vli_modSquare_fast
<LI><a href="#[127]">&gt;&gt;</a>&nbsp;&nbsp;&nbsp;uECC_vli_modMult_fast
<LI><a href="#[126]">&gt;&gt;</a>&nbsp;&nbsp;&nbsp;uECC_vli_modSub
<LI><a href="#[120]">&gt;&gt;</a>&nbsp;&nbsp;&nbsp;uECC_vli_set
</UL>
<BR>[Called By]<UL><LI><a href="#[11e]">&gt;&gt;</a>&nbsp;&nbsp;&nbsp;EccPoint_mult
</UL>

<P><STRONG><a name="[122]"></a>apply_z</STRONG> (Thumb, 62 bytes, Stack size 224 bytes, uECC.c.o(.text.apply_z))
<BR><BR>[Stack]<UL><LI>Max Depth = 688<LI>Call Chain = apply_z &rArr; uECC_vli_modSquare_fast &rArr; uECC_vli_square
</UL>
<BR>[Calls]<UL><LI><a href="#[129]">&gt;&gt;</a>&nbsp;&nbsp;&nbsp;uECC_vli_modSquare_fast
<LI><a href="#[127]">&gt;&gt;</a>&nbsp;&nbsp;&nbsp;uECC_vli_modMult_fast
</UL>
<BR>[Called By]<UL><LI><a href="#[11e]">&gt;&gt;</a>&nbsp;&nbsp;&nbsp;EccPoint_mult
</UL>

<P><STRONG><a name="[11e]"></a>EccPoint_mult</STRONG> (Thumb, 418 bytes, Stack size 896 bytes, uECC.c.o(.text.EccPoint_mult))
<BR><BR>[Stack]<UL><LI>Max Depth = 1904<LI>Call Chain = EccPoint_mult &rArr; XYcZ_addC &rArr; uECC_vli_modSquare_fast &rArr; uECC_vli_square
</UL>
<BR>[Calls]<UL><LI><a href="#[128]">&gt;&gt;</a>&nbsp;&nbsp;&nbsp;uECC_vli_modInv
<LI><a href="#[127]">&gt;&gt;</a>&nbsp;&nbsp;&nbsp;uECC_vli_modMult_fast
<LI><a href="#[126]">&gt;&gt;</a>&nbsp;&nbsp;&nbsp;uECC_vli_modSub
<LI><a href="#[120]">&gt;&gt;</a>&nbsp;&nbsp;&nbsp;uECC_vli_set
<LI><a href="#[123]">&gt;&gt;</a>&nbsp;&nbsp;&nbsp;uECC_vli_testBit
<LI><a href="#[121]">&gt;&gt;</a>&nbsp;&nbsp;&nbsp;uECC_vli_clear
<LI><a href="#[122]">&gt;&gt;</a>&nbsp;&nbsp;&nbsp;apply_z
<LI><a href="#[125]">&gt;&gt;</a>&nbsp;&nbsp;&nbsp;XYcZ_add
<LI><a href="#[124]">&gt;&gt;</a>&nbsp;&nbsp;&nbsp;XYcZ_addC
</UL>
<BR>[Called By]<UL><LI><a href="#[133]">&gt;&gt;</a>&nbsp;&nbsp;&nbsp;uECC_shared_secret
<LI><a href="#[11c]">&gt;&gt;</a>&nbsp;&nbsp;&nbsp;EccPoint_compute_public_key
</UL>

<P><STRONG><a name="[11c]"></a>EccPoint_compute_public_key</STRONG> (Thumb, 86 bytes, Stack size 384 bytes, uECC.c.o(.text.EccPoint_compute_public_key))
<BR><BR>[Stack]<UL><LI>Max Depth = 2288<LI>Call Chain = EccPoint_compute_public_key &rArr; EccPoint_mult &rArr; XYcZ_addC &rArr; uECC_vli_modSquare_fast &rArr; uECC_vli_square
</UL>
<BR>[Calls]<UL><LI><a href="#[11f]">&gt;&gt;</a>&nbsp;&nbsp;&nbsp;uECC_vli_isZero
<LI><a href="#[11e]">&gt;&gt;</a>&nbsp;&nbsp;&nbsp;EccPoint_mult
<LI><a href="#[11d]">&gt;&gt;</a>&nbsp;&nbsp;&nbsp;regularize_k
</UL>
<BR>[Called By]<UL><LI><a href="#[132]">&gt;&gt;</a>&nbsp;&nbsp;&nbsp;uECC_make_key
</UL>
<P>
<H3>
Undefined Global Symbols
</H3><HR></body></html>
