<html>
<body>
<pre>
<h1>µVision Build Log</h1>
<h2>Tool Versions:</h2>
IDE-Version: µVision V5.25.2.0
Copyright (C) 2018 ARM Ltd and ARM Germany GmbH. All rights reserved.
License Information: Tuong Pham, VNPT, LIC=ATTFW-QGXL0-8FAIE-5BHWA-5NI09-UJAG8
 
Tool Versions:
Toolchain:       MDK-ARM Plus  Version: 5.25.2.0
Toolchain Path:  C:\Keil_v5\ARM\ARMCC\Bin
C Compiler:      Armcc.exe V5.06 update 6 (build 750)
Assembler:       Armasm.exe V5.06 update 6 (build 750)
Linker/Locator:  ArmLink.exe V5.06 update 6 (build 750)
Library Manager: ArmAr.exe V5.06 update 6 (build 750)
Hex Converter:   FromElf.exe V5.06 update 6 (build 750)
CPU DLL:         
Dialog DLL:      
Target DLL:      Segger\JL2CM3.dll V2.99.29.0
Dialog DLL:      TCM.DLL V1.35.1.0
 
<h2>Project:</h2>
C:\NordicSemiconductor\SmartRemote52\nRF5xSDKv14.2\examples\ble_peripheral\smart_remote_3_nrf52\Projects\Firmware_nRF52832\arm5_no_packs\Smart_Remote_3_nRF52_Firmware_nRF52832.uvprojx
Project File Date:  05/22/2018

<h2>Output:</h2>
*** Using Compiler 'V5.06 update 6 (build 750)', folder: 'C:\Keil_v5\ARM\ARMCC\Bin'
Build target 'CUSTOM-SR3_nRF52832_Custom_Board'
compiling dvi_adpcm.c...
compiling sr3_config.c...
compiling a2lsp.c...
compiling allpole.c...
compiling allzero.c...
compiling autocor.c...
compiling bitpack.c...
compiling bvplc.c...
compiling cmtables.c...
compiling decoder.c...
compiling coarptch.c...
compiling encoder.c...
compiling excdec.c...
compiling fineptch.c...
compiling excquan.c...
compiling gaindec.c...
compiling gainquan.c...
compiling levdur.c...
compiling levelest.c...
compiling lsp2a.c...
compiling lspdec.c...
compiling main.c...
compiling ptdec.c...
compiling ptquan.c...
compiling stblchck.c...
compiling stblzlsp.c...
compiling tables.c...
compiling utility.c...
compiling lspquan.c...
compiling CNG.c...
compiling A2NLSF.c...
compiling HP_variable_cutoff.c...
compiling LPC_fit.c...
compiling LPC_analysis_filter.c...
compiling LPC_inv_pred_gain.c...
compiling LTP_analysis_filter_FIX.c...
compiling LP_variable_cutoff.c...
compiling LTP_scale_ctrl_FIX.c...
compiling NLSF_VQ_weights_laroia.c...
compiling NLSF_VQ.c...
compiling NLSF2A.c...
compiling NLSF_decode.c...
compiling NLSF_encode.c...
compiling NLSF_del_dec_quant.c...
compiling NLSF_stabilize.c...
compiling NLSF_unpack.c...
compiling NSQ.c...
compiling PLC.c...
compiling VAD.c...
compiling NSQ_del_dec.c...
compiling ana_filt_bank_1.c...
compiling VQ_WMat_EC.c...
compiling analysis.c...
compiling autocorr_FIX.c...
compiling apply_sine_window_FIX.c...
compiling bands.c...
compiling biquad_alt.c...
compiling burg_modified_FIX.c...
compiling bwexpander_32.c...
compiling bwexpander.c...
compiling celt.c...
compiling celt_lpc.c...
assembling celt_pitch_xcorr_arm_keil.s...
compiling celt_decoder.c...
compiling check_control_input.c...
compiling code_signs.c...
compiling celt_encoder.c...
compiling control_SNR.c...
compiling control_audio_bandwidth.c...
compiling control_codec.c...
compiling cwrs.c...
compiling corrMatrix_FIX.c...
compiling debug.c...
compiling decode_core.c...
compiling dec_API.c...
compiling decode_frame.c...
compiling decode_pitch.c...
compiling decode_indices.c...
compiling decode_parameters.c...
compiling decode_pulses.c...
compiling decoder_set_fs.c...
compiling enc_API.c...
compiling encode_indices.c...
compiling encode_pulses.c...
compiling encode_frame_FIX.c...
compiling entcode.c...
compiling entdec.c...
compiling entenc.c...
compiling find_LPC_FIX.c...
compiling find_LTP_FIX.c...
compiling find_pitch_lags_FIX.c...
compiling init_decoder.c...
compiling find_pred_coefs_FIX.c...
compiling gain_quant.c...
compiling inner_prod_aligned.c...
compiling interpolate.c...
compiling init_encoder.c...
compiling k2a_Q16_FIX.c...
compiling k2a_FIX.c...
compiling kiss_fft.c...
compiling lin2log.c...
compiling laplace.c...
compiling log2lin.c...
compiling mathops.c...
compiling mdct.c...
compiling mlp.c...
compiling mlp_data.c...
compiling modes.c...
compiling noise_shape_analysis_FIX.c...
compiling opus.c...
compiling opus_decoder.c...
compiling opus_multistream.c...
compiling opus_multistream_decoder.c...
compiling opus_encoder.c...
compiling opus_multistream_encoder.c...
compiling pitch.c...
compiling pitch_est_tables.c...
compiling pitch_analysis_core_FIX.c...
compiling process_NLSFs.c...
compiling process_gains_FIX.c...
compiling quant_LTP_gains.c...
compiling quant_bands.c...
compiling regularize_correlations_FIX.c...
compiling rate.c...
compiling repacketizer.c...
compiling resampler_down2.c...
compiling resampler.c...
compiling resampler_private_AR2.c...
compiling resampler_private_IIR_FIR.c...
compiling resampler_down2_3.c...
compiling resampler_private_up2_HQ.c...
compiling resampler_rom.c...
compiling resampler_private_down_FIR.c...
compiling schur64_FIX.c...
compiling residual_energy_FIX.c...
compiling residual_energy16_FIX.c...
compiling schur_FIX.c...
compiling sigm_Q15.c...
compiling shell_coder.c...
compiling sort.c...
compiling stereo_LR_to_MS.c...
compiling stereo_MS_to_LR.c...
compiling stereo_decode_pred.c...
compiling stereo_encode_pred.c...
compiling stereo_find_predictor.c...
compiling sum_sqr_shift.c...
compiling table_LSF_cos.c...
compiling stereo_quant_pred.c...
compiling tables_LTP.c...
compiling tables_NLSF_CB_WB.c...
compiling tables_NLSF_CB_NB_MB.c...
compiling tables_gain.c...
compiling tables_other.c...
compiling tables_pitch_lag.c...
compiling tables_pulses_per_block.c...
compiling vector_ops_FIX.c...
compiling vq.c...
compiling sbc_dct.c...
compiling sbc_analysis.c...
compiling sbc_dct_coeffs.c...
compiling sbc_enc_bit_alloc_mono.c...
compiling sbc_enc_coeffs.c...
compiling sbc_enc_bit_alloc_ste.c...
compiling sbc_encoder.c...
compiling sbc_packing.c...
compiling warped_autocorrelation_FIX.c...
compiling app_isched.c...
compiling app_error_handler.c...
compiling app_scheduler.c...
compiling key_combo_util.c...
compiling rng_monitor.c...
compiling twi_common.c...
assembling stack_profiler_keil.s...
compiling drv_audio_anr.c...
compiling app_debug_pin.c...
compiling drv_acc_lis3dh.c...
compiling drv_audio_codec_adpcm.c...
compiling drv_audio_codec_bv32fp.c...
compiling drv_audio_codec_opus.c...
compiling drv_audio_dsp.c...
compiling drv_audio_codec_sbc.c...
compiling drv_audio_pdm.c...
compiling drv_board.c...
compiling drv_buzzer.c...
compiling drv_gyro_icm20608.c...
compiling drv_ir_nec.c...
compiling drv_ir_sirc.c...
compiling drv_keyboard_matrix.c...
compiling drv_leds_gpio.c...
compiling drv_keyboard_sx1509.c...
assembling JLINK_MONITOR_ISR_ARM.s...
compiling drv_touchpad_synaptics.c...
compiling event_bus.c...
compiling m_acc.c...
compiling m_audio.c...
compiling m_audio_gauges.c...
compiling m_audio_frame.c...
compiling m_audio_probe.c...
compiling m_buzzer.c...
compiling m_batt_meas.c...
compiling m_coms_ble_addr.c...
compiling m_coms.c...
compiling m_coms_ble_atvv.c...
compiling m_coms_ble_adv.c...
compiling m_coms_ble.c...
compiling m_coms_ble_atvv_srv.c...
compiling m_coms_ble_hid.c...
compiling m_coms_ble_dfu.c...
compiling m_gyro.c...
compiling m_coms_ble_lesc.c...
compiling m_init.c...
compiling m_ir_tx.c...
compiling m_leds.c...
compiling m_keyboard.c...
compiling m_protocol_hid.c...
compiling m_nfc.c...
compiling m_protocol_hid_state.c...
compiling m_protocol_ir.c...
compiling m_system_state.c...
compiling m_touchpad.c...
compiling ble_advdata.c...
compiling ble_conn_state.c...
compiling ble_conn_params.c...
compiling ble_srv_common.c...
compiling gatts_cache_manager.c...
compiling gatt_cache_manager.c...
compiling id_manager.c...
compiling peer_data_storage.c...
compiling nrf_ble_gatt.c...
compiling peer_database.c...
compiling pm_buffer.c...
compiling peer_id.c...
compiling peer_manager.c...
compiling pm_mutex.c...
compiling security_manager.c...
compiling security_dispatcher.c...
compiling ble_bas.c...
compiling ble_dis.c...
compiling ble_hids.c...
compiling ble_ias.c...
compiling nrf_mpu.c...
compiling ble_nus.c...
compiling nrf_stack_guard.c...
compiling nrf_crypto_ecdh.c...
compiling nrf_crypto_ecdsa.c...
compiling nrf_crypto_hash.c...
compiling nrf_crypto_init.c...
compiling nrf_crypto_keys.c...
compiling nrf_crypto_mem.c...
compiling cc310_lib_ecdh.c...
compiling nrf_crypto_rng.c...
compiling cc310_lib_ecdsa.c...
compiling cc310_lib_hash.c...
compiling cc310_lib_init.c...
compiling cc310_lib_keys.c...
compiling cc310_lib_rng.c...
compiling cc310_lib_shared.c...
compiling micro_ecc_lib_ecdh.c...
compiling micro_ecc_lib_ecdsa.c...
compiling micro_ecc_lib_init.c...
compiling micro_ecc_lib_keys.c...
compiling micro_ecc_lib_shared.c...
compiling nrf_crypto_sw_hash.c...
compiling nrf_crypto_sw_rng.c...
compiling ble_flash.c...
compiling nrf_drv_clock.c...
compiling nrf_drv_common.c...
compiling nrf_drv_pdm.c...
compiling nrf_drv_gpiote.c...
compiling nrf_drv_ppi.c...
compiling nrf_drv_pwm.c...
compiling nrf_drv_rng.c...
compiling nrf_drv_saadc.c...
compiling nrf_drv_twi.c...
compiling nrf_drv_uart.c...
compiling nrf_drv_wdt.c...
compiling nrf_saadc.c...
compiling app_error.c...
compiling app_error_weak.c...
compiling app_gpiote.c...
compiling app_timer.c...
compiling app_util_platform.c...
compiling crc32.c...
compiling crc16.c...
compiling ecc.c...
compiling hardfault_handler_keil.c...
compiling hardfault_implementation.c...
compiling fds.c...
compiling mem_manager.c...
compiling nrf_assert.c...
compiling nrf_atfifo.c...
compiling nrf_balloc.c...
compiling nrf_cli_ble_uart.c...
compiling nrf_cli.c...
compiling nrf_fprintf.c...
compiling nrf_cli_uart.c...
compiling nrf_cli_rtt.c...
compiling nrf_fstorage.c...
compiling nrf_fprintf_format.c...
compiling nrf_fstorage_sd.c...
compiling nrf_memobj.c...
compiling nrf_queue.c...
compiling nrf_pwr_mgmt.c...
compiling nrf_strerror.c...
compiling nrf_ringbuf.c...
compiling nrf_section_iter.c...
compiling nrf_twi_mngr.c...
compiling sha256.c...
compiling sdk_mapped_flags.c...
assembling task_manager_core_keil.s...
compiling nrf_log_backend_rtt.c...
compiling task_manager.c...
compiling nrf_log_backend_serial.c...
compiling nrf_log_backend_uart.c...
compiling nrf_log_frontend.c...
compiling nrf_log_str_formatter.c...
compiling hal_nfc_t2t.c...
compiling nfc_ac_rec.c...
compiling nfc_ble_oob_advdata.c...
compiling nfc_ble_pair_common.c...
compiling nfc_ble_pair_msg.c...
compiling nfc_ep_oob_rec.c...
compiling nfc_hs_rec.c...
compiling nfc_le_oob_rec.c...
compiling nfc_ndef_msg.c...
compiling nfc_ndef_record.c...
compiling nfc_text_rec.c...
compiling SEGGER_RTT.c...
compiling SEGGER_RTT_Syscalls_KEIL.c...
compiling SEGGER_RTT_printf.c...
compiling nrf_sdh.c...
assembling arm_startup_nrf52.s...
compiling nrf_sdh_ble.c...
compiling nrf_sdh_soc.c...
compiling system_nrf52.c...
linking...
Program Size: Code=205024 RO-data=29712 RW-data=1948 ZI-data=43716  
FromELF: creating hex file...
".\_build\CUSTOM-SR3_nRF52832_Custom_Board.axf" - 0 Error(s), 0 Warning(s).

<h2>Software Packages used:</h2>

Package Vendor: ARM
                http://www.keil.com/pack/ARM.CMSIS.4.5.0.pack
                ARM.CMSIS.4.5.0
                CMSIS (Cortex Microcontroller Software Interface Standard)
   * Component: CORE Version: 4.3.0

Package Vendor: NordicSemiconductor
                http://developer.nordicsemi.com/nRF5_SDK/pieces/nRF_DeviceFamilyPack/NordicSemiconductor.nRF_DeviceFamilyPack.8.15.0.pack
                NordicSemiconductor.nRF_DeviceFamilyPack.8.15.0
                Nordic Semiconductor nRF ARM devices Device Family Pack with Nordic License.
   * Component: Startup Version: 8.15.0

<h2>Collection of Component include folders:</h2>
  .\RTE\_CUSTOM-SR3_nRF52832_Custom_Board
  C:\Keil_v5\ARM\PACK\ARM\CMSIS\4.5.0\CMSIS\Include
  C:\Keil_v5\ARM\PACK\NordicSemiconductor\nRF_DeviceFamilyPack\8.15.0\Device\Include

<h2>Collection of Component Files used:</h2>

   * Component: ARM::CMSIS:CORE:4.3.0

   * Component: NordicSemiconductor::Device:Startup:8.15.0
      Source file:   Device\Source\system_nrf52.c
      Include file:  Device\Include\system_nrf52.h
      Source file:   Device\Source\arm\arm_startup_nrf52.s
Build Time Elapsed:  00:05:26
</pre>
</body>
</html>
