


ARM Macro Assembler    Page 1 


    1 00000000         #line   1                "..\\..\\..\\Source\\Debug\\sta
ck_profiler_keil.s"
    1 00000000         ; Copyright (c) 2016 - 2017, Nordic Semiconductor ASA
    2 00000000         ; 
    3 00000000         ; All rights reserved.
    4 00000000         ; 
    5 00000000         ; Redistribution and use in source and binary forms, wit
                       h or without modification,
    6 00000000         ; are permitted provided that the following conditions a
                       re met:
    7 00000000         ; 
    8 00000000         ; 1. Redistributions of source code must retain the abov
                       e copyright notice, this
    9 00000000         ;    list of conditions and the following disclaimer.
   10 00000000         ; 
   11 00000000         ; 2. Redistributions in binary form, except as embedded 
                       into a Nordic
   12 00000000         ;    Semiconductor ASA integrated circuit in a product o
                       r a software update for
   13 00000000         ;    such product, must reproduce the above copyright no
                       tice, this list of
   14 00000000         ;    conditions and the following disclaimer in the docu
                       mentation and/or other
   15 00000000         ;    materials provided with the distribution.
   16 00000000         ; 
   17 00000000         ; 3. Neither the name of Nordic Semiconductor ASA nor th
                       e names of its
   18 00000000         ;    contributors may be used to endorse or promote prod
                       ucts derived from this
   19 00000000         ;    software without specific prior written permission.
                       
   20 00000000         ; 
   21 00000000         ; 4. This software, with or without modification, must o
                       nly be used with a
   22 00000000         ;    Nordic Semiconductor ASA integrated circuit.
   23 00000000         ; 
   24 00000000         ; 5. Any software provided in binary form under this lic
                       ense must not be reverse
   25 00000000         ;    engineered, decompiled, modified and/or disassemble
                       d.
   26 00000000         ; 
   27 00000000         ; THIS SOFTWARE IS PROVIDED BY NORDIC SEMICONDUCTOR ASA 
                       "AS IS" AND ANY EXPRESS
   28 00000000         ; OR IMPLIED WARRANTIES, INCLUDING, BUT NOT LIMITED TO, 
                       THE IMPLIED WARRANTIES
   29 00000000         ; OF MERCHANTABILITY, NONINFRINGEMENT, AND FITNESS FOR A
                        PARTICULAR PURPOSE ARE
   30 00000000         ; DISCLAIMED. IN NO EVENT SHALL NORDIC SEMICONDUCTOR ASA
                        OR CONTRIBUTORS BE
   31 00000000         ; LIABLE FOR ANY DIRECT, INDIRECT, INCIDENTAL, SPECIAL, 
                       EXEMPLARY, OR
   32 00000000         ; CONSEQUENTIAL DAMAGES (INCLUDING, BUT NOT LIMITED TO, 
                       PROCUREMENT OF SUBSTITUTE
   33 00000000         ; GOODS OR SERVICES; LOSS OF USE, DATA, OR PROFITS; OR B
                       USINESS INTERRUPTION)
   34 00000000         ; HOWEVER CAUSED AND ON ANY THEORY OF LIABILITY, WHETHER
                        IN CONTRACT, STRICT
   35 00000000         ; LIABILITY, OR TORT (INCLUDING NEGLIGENCE OR OTHERWISE)
                        ARISING IN ANY WAY OUT



ARM Macro Assembler    Page 2 


   36 00000000         ; OF THE USE OF THIS SOFTWARE, EVEN IF ADVISED OF THE PO
                       SSIBILITY OF SUCH DAMAGE.
   37 00000000         ;
   38 00000000         
   39 00000000 DEADDEAD 
                       MAGIC_WORD
                               EQU              0xDEADDEAD
   40 00000000         
   41 00000000                 THUMB
   42 00000000                 AREA             |.text|, CODE, READONLY
   43 00000000                 IMPORT           |STACK$$Base|
   44 00000000                 IMPORT           |STACK$$Length|
   45 00000000         
   46 00000000         stack_profiler_init
                               PROC
   47 00000000                 EXPORT           stack_profiler_init
   48 00000000         
   49 00000000 4807            LDR              R0, =|STACK$$Base|
   50 00000002 4908            LDR              R1, =MAGIC_WORD
   51 00000004 466A            MOV              R2, SP
   52 00000006         
   53 00000006         stack_profiler_init_loop
   54 00000006 C002            STMIA            R0!, {R1}
   55 00000008 4290            CMP              R0, R2
   56 0000000A D1FC            BNE              stack_profiler_init_loop
   57 0000000C         
   58 0000000C 4770            BX               LR
   59 0000000E                 ENDP
   60 0000000E         
   61 0000000E         stack_profiler_get_max_stack_usage
                               PROC
   62 0000000E                 EXPORT           stack_profiler_get_max_stack_us
age
   63 0000000E         
   64 0000000E 4A04            LDR              R2, =|STACK$$Base|
   65 00000010 4904            LDR              R1, =MAGIC_WORD
   66 00000012 4805            LDR              R0, =|STACK$$Length|
   67 00000014         
   68 00000014         stack_profiler_get_max_stack_usage_loop
   69 00000014 CA08            LDMIA            R2!, {R3}
   70 00000016 428B            CMP              R3, R1
   71 00000018 D101            BNE              stack_profiler_get_max_stack_us
age_end
   72 0000001A 3804            SUBS             R0, #0x04
   73 0000001C D1FA            BNE              stack_profiler_get_max_stack_us
age_loop
   74 0000001E         
   75 0000001E         stack_profiler_get_max_stack_usage_end
   76 0000001E 4770            BX               LR
   77 00000020                 ENDP
   78 00000020         
   79 00000020                 END
              00000000 
              DEADDEAD 
              00000000 
Command Line: --debug --xref --cpreproc --diag_suppress=9931 --cpu=Cortex-M4.fp
 --apcs=interwork --depend=.\_build\stack_profiler_keil.d -o.\_build\stack_prof
iler_keil.o -I..\..\..\Source\Bootloader -I..\..\..\Source\Common -I..\..\..\So
urce\Configuration -I..\..\..\Source\Debug -I..\..\..\Source\Drivers -I..\..\..



ARM Macro Assembler    Page 3 


\Source\Libraries -I..\..\..\Source\Libraries\bv32fp-1.2 -I..\..\..\Source\Libr
aries\opus-1.2.1 -I..\..\..\Source\Libraries\sbc-0025\include -I..\..\..\Source
\Modules -I..\..\..\..\..\..\components\ble\ble_services\ble_bas -I..\..\..\..\
..\..\components\ble\ble_services\ble_dis -I..\..\..\..\..\..\components\ble\bl
e_services\ble_hids -I..\..\..\..\..\..\components\ble\ble_services\ble_ias -I.
.\..\..\..\..\..\components\ble\ble_services\ble_nus -I..\..\..\..\..\..\compon
ents\ble\common -I..\..\..\..\..\..\components\ble\nrf_ble_gatt -I..\..\..\..\.
.\..\components\ble\peer_manager -I..\..\..\..\..\..\components\drivers_nrf\ble
_flash -I..\..\..\..\..\..\components\drivers_nrf\clock -I..\..\..\..\..\..\com
ponents\drivers_nrf\common -I..\..\..\..\..\..\components\drivers_nrf\delay -I.
.\..\..\..\..\..\components\drivers_nrf\gpiote -I..\..\..\..\..\..\components\d
rivers_nrf\hal -I..\..\..\..\..\..\components\drivers_nrf\pdm -I..\..\..\..\..\
..\components\drivers_nrf\ppi -I..\..\..\..\..\..\components\drivers_nrf\pwm -I
..\..\..\..\..\..\components\drivers_nrf\rng -I..\..\..\..\..\..\components\dri
vers_nrf\saadc -I..\..\..\..\..\..\components\drivers_nrf\twi_master -I..\..\..
\..\..\..\components\drivers_nrf\uart -I..\..\..\..\..\..\components\drivers_nr
f\wdt -I..\..\..\..\..\..\components\libraries\atomic -I..\..\..\..\..\..\compo
nents\libraries\atomic_fifo -I..\..\..\..\..\..\components\libraries\balloc -I.
.\..\..\..\..\..\components\libraries\cli -I..\..\..\..\..\..\components\librar
ies\cli\ble_uart -I..\..\..\..\..\..\components\libraries\cli\rtt -I..\..\..\..
\..\..\components\libraries\cli\uart -I..\..\..\..\..\..\components\libraries\c
rc16 -I..\..\..\..\..\..\components\libraries\crc32 -I..\..\..\..\..\..\compone
nts\libraries\crypto -I..\..\..\..\..\..\components\libraries\crypto\backend\cc
310_lib -I..\..\..\..\..\..\components\libraries\crypto\backend\micro_ecc -I..\
..\..\..\..\..\components\libraries\crypto\backend\nrf_crypto_sw -I..\..\..\..\
..\..\components\libraries\ecc -I..\..\..\..\..\..\components\libraries\experim
ental_log -I..\..\..\..\..\..\components\libraries\experimental_log\src -I..\..
\..\..\..\..\components\libraries\experimental_memobj -I..\..\..\..\..\..\compo
nents\libraries\experimental_mpu -I..\..\..\..\..\..\components\libraries\exper
imental_ringbuf -I..\..\..\..\..\..\components\libraries\experimental_section_v
ars -I..\..\..\..\..\..\components\libraries\experimental_stack_guard -I..\..\.
.\..\..\..\components\libraries\experimental_task_manager -I..\..\..\..\..\..\c
omponents\libraries\fds -I..\..\..\..\..\..\components\libraries\fstorage -I..\
..\..\..\..\..\components\libraries\gpiote -I..\..\..\..\..\..\components\libra
ries\hardfault -I..\..\..\..\..\..\components\libraries\hardfault\nrf52 -I..\..
\..\..\..\..\components\libraries\mem_manager -I..\..\..\..\..\..\components\li
braries\mutex -I..\..\..\..\..\..\components\libraries\pwr_mgmt -I..\..\..\..\.
.\..\components\libraries\queue -I..\..\..\..\..\..\components\libraries\sha256
 -I..\..\..\..\..\..\components\libraries\strerror -I..\..\..\..\..\..\componen
ts\libraries\svc -I..\..\..\..\..\..\components\libraries\timer -I..\..\..\..\.
.\..\components\libraries\twi_mngr -I..\..\..\..\..\..\components\libraries\uti
l -I..\..\..\..\..\..\components\nfc\ndef\connection_handover\ac_rec -I..\..\..
\..\..\..\components\nfc\ndef\connection_handover\ble_oob_advdata -I..\..\..\..
\..\..\components\nfc\ndef\connection_handover\ble_pair_msg -I..\..\..\..\..\..
\components\nfc\ndef\connection_handover\common -I..\..\..\..\..\..\components\
nfc\ndef\connection_handover\ep_oob_rec -I..\..\..\..\..\..\components\nfc\ndef
\connection_handover\hs_rec -I..\..\..\..\..\..\components\nfc\ndef\connection_
handover\le_oob_rec -I..\..\..\..\..\..\components\nfc\ndef\generic\message -I.
.\..\..\..\..\..\components\nfc\ndef\generic\record -I..\..\..\..\..\..\compone
nts\nfc\ndef\text -I..\..\..\..\..\..\components\nfc\t2t_lib -I..\..\..\..\..\.
.\components\nfc\t2t_lib\hal_t2t -I..\..\..\..\..\..\components\softdevice\comm
on -I..\..\..\..\..\..\components\softdevice\s132\headers -I..\..\..\..\..\..\c
omponents\softdevice\s132\headers\nrf52 -I..\..\..\..\..\..\components\toolchai
n -I..\..\..\..\..\..\external\fprintf -I..\..\..\..\..\..\external\micro-ecc\m
icro-ecc -I..\..\..\..\..\..\external\nrf_cc310\include -I..\..\..\..\..\..\ext
ernal\segger_rtt -I..\config -I.\RTE\_CUSTOM-SR3_nRF52832_Custom_Board -IC:\Kei
l_v5\ARM\PACK\ARM\CMSIS\4.5.0\CMSIS\Include -IC:\Keil_v5\ARM\PACK\NordicSemicon
ductor\nRF_DeviceFamilyPack\8.15.0\Device\Include --predefine="__MICROLIB SETA 
1" --predefine="__UVISION_VERSION SETA 525" --predefine="_RTE_ SETA 1" --predef



ARM Macro Assembler    Page 4 


ine="NRF52 SETA 1" --predefine="APP_SCHEDULER_ENABLED SETA 1" --predefine="ARM_
MATH_CM4 SETA 1" --predefine="BLE_STACK_SUPPORT_REQD SETA 1" --predefine="CONFI
G_BOARD_NRF52832_CUSTOM SETA 1" --predefine="DISABLE_FLOAT_API SETA 1" --predef
ine="ENABLE_ASSERTIONS SETA 1" --predefine="FIXED_POINT SETA 1" --predefine="FL
OAT_ABI_HARD SETA 1" --predefine="HAL_NFC_ENGINEERING_BC_FTPAN_WORKAROUND SETA 
1" --predefine="HAVE_ALLOCA_H SETA 1" --predefine="HAVE_LRINT SETA 1" --predefi
ne="HAVE_LRINTF SETA 1" --predefine="NRF52 SETA 1" --predefine="NRF52832_XXAA S
ETA 1" --predefine="NRF_SD_BLE_API_VERSION SETA 5" --predefine="OPUS_ARM_ASM SE
TA 1" --predefine="OPUS_ARM_INLINE_ASM SETA 1" --predefine="OPUS_ARM_INLINE_EDS
P SETA 1" --predefine="OPUS_ARM_INLINE_MEDIA SETA 1" --predefine="OPUS_ARM_MAY_
HAVE_EDSP SETA 1" --predefine="OPUS_ARM_PRESUME_EDSP SETA 1" --predefine="OPUS_
BUILD SETA 1" --predefine="S132 SETA 1" --predefine="SOFTDEVICE_PRESENT SETA 1"
 --predefine="SWI_DISABLE0 SETA 1" --predefine="USE_ALLOCA SETA 1" --predefine=
"USE_APP_CONFIG SETA 1" --predefine="__STARTUP_CONFIG SETA 1" --cpreproc_opts=-
D__ASSEMBLER__,-DCONFIG_BOARD_NRF52832_CUSTOM --list=.\_build\stack_profiler_ke
il.lst ..\..\..\Source\Debug\stack_profiler_keil.s



ARM Macro Assembler    Page 1 Alphabetic symbol ordering
Relocatable symbols

.text 00000000

Symbol: .text
   Definitions
      At line 42 in file ..\\..\\..\\Source\\Debug\\stack_profiler_keil.s
   Uses
      None
Comment: .text unused
stack_profiler_get_max_stack_usage 0000000E

Symbol: stack_profiler_get_max_stack_usage
   Definitions
      At line 61 in file ..\\..\\..\\Source\\Debug\\stack_profiler_keil.s
   Uses
      At line 62 in file ..\\..\\..\\Source\\Debug\\stack_profiler_keil.s
Comment: stack_profiler_get_max_stack_usage used once
stack_profiler_get_max_stack_usage_end 0000001E

Symbol: stack_profiler_get_max_stack_usage_end
   Definitions
      At line 75 in file ..\\..\\..\\Source\\Debug\\stack_profiler_keil.s
   Uses
      At line 71 in file ..\\..\\..\\Source\\Debug\\stack_profiler_keil.s
Comment: stack_profiler_get_max_stack_usage_end used once
stack_profiler_get_max_stack_usage_loop 00000014

Symbol: stack_profiler_get_max_stack_usage_loop
   Definitions
      At line 68 in file ..\\..\\..\\Source\\Debug\\stack_profiler_keil.s
   Uses
      At line 73 in file ..\\..\\..\\Source\\Debug\\stack_profiler_keil.s
Comment: stack_profiler_get_max_stack_usage_loop used once
stack_profiler_init 00000000

Symbol: stack_profiler_init
   Definitions
      At line 46 in file ..\\..\\..\\Source\\Debug\\stack_profiler_keil.s
   Uses
      At line 47 in file ..\\..\\..\\Source\\Debug\\stack_profiler_keil.s
Comment: stack_profiler_init used once
stack_profiler_init_loop 00000006

Symbol: stack_profiler_init_loop
   Definitions
      At line 53 in file ..\\..\\..\\Source\\Debug\\stack_profiler_keil.s
   Uses
      At line 56 in file ..\\..\\..\\Source\\Debug\\stack_profiler_keil.s
Comment: stack_profiler_init_loop used once
6 symbols



ARM Macro Assembler    Page 1 Alphabetic symbol ordering
Absolute symbols

MAGIC_WORD DEADDEAD

Symbol: MAGIC_WORD
   Definitions
      At line 39 in file ..\\..\\..\\Source\\Debug\\stack_profiler_keil.s
   Uses
      At line 50 in file ..\\..\\..\\Source\\Debug\\stack_profiler_keil.s
      At line 65 in file ..\\..\\..\\Source\\Debug\\stack_profiler_keil.s

1 symbol



ARM Macro Assembler    Page 1 Alphabetic symbol ordering
External symbols

STACK$$Base 00000000

Symbol: STACK$$Base
   Definitions
      At line 43 in file ..\\..\\..\\Source\\Debug\\stack_profiler_keil.s
   Uses
      At line 49 in file ..\\..\\..\\Source\\Debug\\stack_profiler_keil.s
      At line 64 in file ..\\..\\..\\Source\\Debug\\stack_profiler_keil.s

STACK$$Length 00000000

Symbol: STACK$$Length
   Definitions
      At line 44 in file ..\\..\\..\\Source\\Debug\\stack_profiler_keil.s
   Uses
      At line 66 in file ..\\..\\..\\Source\\Debug\\stack_profiler_keil.s
Comment: STACK$$Length used once
2 symbols
373 symbols in table
