###############################################################################
#
# IAR ELF Linker V7.80.2.11947/W32 for ARM                20/May/2018  23:42:23
# Copyright 2007-2016 IAR Systems AB.
#
#    Output file  =  
#        C:\NordicSemiconductor\SmartRemote52\nRF5xSDKv14.2\examples\peripheral\blinky_freertos\pca10040\blank\iar\_build\blinky_FreeRTOS_pca10040.out
#    Map file     =  
#        C:\NordicSemiconductor\SmartRemote52\nRF5xSDKv14.2\examples\peripheral\blinky_freertos\pca10040\blank\iar\_build\blinky_FreeRTOS_pca10040.map
#    Command line =  
#        C:\NordicSemiconductor\SmartRemote52\nRF5xSDKv14.2\examples\peripheral\blinky_freertos\pca10040\blank\iar\_build\app_button.o
#        C:\NordicSemiconductor\SmartRemote52\nRF5xSDKv14.2\examples\peripheral\blinky_freertos\pca10040\blank\iar\_build\app_error.o
#        C:\NordicSemiconductor\SmartRemote52\nRF5xSDKv14.2\examples\peripheral\blinky_freertos\pca10040\blank\iar\_build\app_error_weak.o
#        C:\NordicSemiconductor\SmartRemote52\nRF5xSDKv14.2\examples\peripheral\blinky_freertos\pca10040\blank\iar\_build\app_timer_freertos.o
#        C:\NordicSemiconductor\SmartRemote52\nRF5xSDKv14.2\examples\peripheral\blinky_freertos\pca10040\blank\iar\_build\app_util_platform.o
#        C:\NordicSemiconductor\SmartRemote52\nRF5xSDKv14.2\examples\peripheral\blinky_freertos\pca10040\blank\iar\_build\boards.o
#        C:\NordicSemiconductor\SmartRemote52\nRF5xSDKv14.2\examples\peripheral\blinky_freertos\pca10040\blank\iar\_build\bsp.o
#        C:\NordicSemiconductor\SmartRemote52\nRF5xSDKv14.2\examples\peripheral\blinky_freertos\pca10040\blank\iar\_build\bsp_nfc.o
#        C:\NordicSemiconductor\SmartRemote52\nRF5xSDKv14.2\examples\peripheral\blinky_freertos\pca10040\blank\iar\_build\croutine.o
#        C:\NordicSemiconductor\SmartRemote52\nRF5xSDKv14.2\examples\peripheral\blinky_freertos\pca10040\blank\iar\_build\event_groups.o
#        C:\NordicSemiconductor\SmartRemote52\nRF5xSDKv14.2\examples\peripheral\blinky_freertos\pca10040\blank\iar\_build\heap_1.o
#        C:\NordicSemiconductor\SmartRemote52\nRF5xSDKv14.2\examples\peripheral\blinky_freertos\pca10040\blank\iar\_build\iar_startup_nrf52.o
#        C:\NordicSemiconductor\SmartRemote52\nRF5xSDKv14.2\examples\peripheral\blinky_freertos\pca10040\blank\iar\_build\list.o
#        C:\NordicSemiconductor\SmartRemote52\nRF5xSDKv14.2\examples\peripheral\blinky_freertos\pca10040\blank\iar\_build\main.o
#        C:\NordicSemiconductor\SmartRemote52\nRF5xSDKv14.2\examples\peripheral\blinky_freertos\pca10040\blank\iar\_build\nrf_assert.o
#        C:\NordicSemiconductor\SmartRemote52\nRF5xSDKv14.2\examples\peripheral\blinky_freertos\pca10040\blank\iar\_build\nrf_balloc.o
#        C:\NordicSemiconductor\SmartRemote52\nRF5xSDKv14.2\examples\peripheral\blinky_freertos\pca10040\blank\iar\_build\nrf_drv_clock.o
#        C:\NordicSemiconductor\SmartRemote52\nRF5xSDKv14.2\examples\peripheral\blinky_freertos\pca10040\blank\iar\_build\nrf_drv_common.o
#        C:\NordicSemiconductor\SmartRemote52\nRF5xSDKv14.2\examples\peripheral\blinky_freertos\pca10040\blank\iar\_build\nrf_drv_gpiote.o
#        C:\NordicSemiconductor\SmartRemote52\nRF5xSDKv14.2\examples\peripheral\blinky_freertos\pca10040\blank\iar\_build\nrf_log_frontend.o
#        C:\NordicSemiconductor\SmartRemote52\nRF5xSDKv14.2\examples\peripheral\blinky_freertos\pca10040\blank\iar\_build\nrf_memobj.o
#        C:\NordicSemiconductor\SmartRemote52\nRF5xSDKv14.2\examples\peripheral\blinky_freertos\pca10040\blank\iar\_build\nrf_nvic.o
#        C:\NordicSemiconductor\SmartRemote52\nRF5xSDKv14.2\examples\peripheral\blinky_freertos\pca10040\blank\iar\_build\nrf_soc.o
#        C:\NordicSemiconductor\SmartRemote52\nRF5xSDKv14.2\examples\peripheral\blinky_freertos\pca10040\blank\iar\_build\nrf_strerror.o
#        C:\NordicSemiconductor\SmartRemote52\nRF5xSDKv14.2\examples\peripheral\blinky_freertos\pca10040\blank\iar\_build\port.o
#        C:\NordicSemiconductor\SmartRemote52\nRF5xSDKv14.2\examples\peripheral\blinky_freertos\pca10040\blank\iar\_build\port_cmsis.o
#        C:\NordicSemiconductor\SmartRemote52\nRF5xSDKv14.2\examples\peripheral\blinky_freertos\pca10040\blank\iar\_build\port_cmsis_systick.o
#        C:\NordicSemiconductor\SmartRemote52\nRF5xSDKv14.2\examples\peripheral\blinky_freertos\pca10040\blank\iar\_build\queue.o
#        C:\NordicSemiconductor\SmartRemote52\nRF5xSDKv14.2\examples\peripheral\blinky_freertos\pca10040\blank\iar\_build\system_nrf52.o
#        C:\NordicSemiconductor\SmartRemote52\nRF5xSDKv14.2\examples\peripheral\blinky_freertos\pca10040\blank\iar\_build\tasks.o
#        C:\NordicSemiconductor\SmartRemote52\nRF5xSDKv14.2\examples\peripheral\blinky_freertos\pca10040\blank\iar\_build\timers.o
#        --redirect _Printf=_PrintfFull --redirect _Scanf=_ScanfFull -o
#        C:\NordicSemiconductor\SmartRemote52\nRF5xSDKv14.2\examples\peripheral\blinky_freertos\pca10040\blank\iar\_build\blinky_FreeRTOS_pca10040.out
#        --map
#        C:\NordicSemiconductor\SmartRemote52\nRF5xSDKv14.2\examples\peripheral\blinky_freertos\pca10040\blank\iar\_build\blinky_FreeRTOS_pca10040.map
#        --config
#        C:\NordicSemiconductor\SmartRemote52\nRF5xSDKv14.2\examples\peripheral\blinky_freertos\pca10040\blank\iar\blinky_FreeRTOS_iar_nRF5x.icf
#        --warnings_are_errors --entry __iar_program_start --inline --vfe
#
###############################################################################

*******************************************************************************
*** RUNTIME MODEL ATTRIBUTES
***

CppFlavor       = *
__SystemLibrary = DLib


*******************************************************************************
*** PLACEMENT SUMMARY
***

"A0":  place at 0x00000000 { ro section .intvec };
"P1":  place in [from 0x00000000 to 0x0007ffff] { ro };
"P2":  place in [from 0x20000000 to 0x2000ffff] { rw, block CSTACK, block HEAP };
initialize by copy { rw };
 { section .intvec };

  Section            Kind        Address    Size  Object
  -------            ----        -------    ----  ------
"A0":                                      0x200
  .intvec            ro code  0x00000000   0x200  iar_startup_nrf52.o [1]
                            - 0x00000200   0x200

"P1":                                     0x1c79
  .text              ro code  0x00000200   0x798  tasks.o [1]
  .text              ro code  0x00000998    0x98  port_cmsis.o [1]
  .text              ro code  0x00000a30    0x88  list.o [1]
  .text              ro code  0x00000ab8   0x2fc  timers.o [1]
  .text              ro code  0x00000db4   0x15c  port_cmsis_systick.o [1]
  .text              ro code  0x00000f10    0x4c  heap_1.o [1]
  .text              ro code  0x00000f5c    0x3a  ABImemset48.o [5]
  .text              ro code  0x00000f96     0x2  iar_startup_nrf52.o [1]
  .text              ro code  0x00000f98    0xa2  port.o [1]
  .text              ro code  0x0000103a     0x2  iar_startup_nrf52.o [1]
  .text              ro code  0x0000103c   0x46c  queue.o [1]
  .text              ro code  0x000014a8   0x144  nrf_drv_clock.o [1]
  .text              ro code  0x000015ec    0x76  ABImemcpy_unaligned.o [5]
  .text              ro code  0x00001662     0x2  iar_startup_nrf52.o [1]
  .text              ro code  0x00001664    0x44  nrf_drv_common.o [1]
  .text              ro code  0x000016a8    0x24  app_util_platform.o [1]
  .text              ro code  0x000016cc   0x290  system_nrf52.o [1]
  .text              ro code  0x0000195c   0x200  nrf_drv_gpiote.o [1]
  .text              ro code  0x00001b5c    0xa0  boards.o [1]
  .text              ro code  0x00001bfc    0xa0  main.o [1]
  .text              ro code  0x00001c9c    0x22  app_error.o [1]
  .text              ro code  0x00001cbe     0x2  iar_startup_nrf52.o [1]
  .text              ro code  0x00001cc0    0x30  app_error_weak.o [1]
  .text              ro code  0x00001cf0    0x40  zero_init3.o [5]
  .text              ro code  0x00001d30    0x38  packbits_init_single.o [5]
  .text              ro code  0x00001d68    0x28  data_init.o [5]
  .text              ro code  0x00001d90    0x22  fpinit_M.o [4]
  .iar.init_table    const    0x00001db4    0x20  - Linker created -
  .text              ro code  0x00001dd4     0x2  iar_startup_nrf52.o [1]
  .text              ro code  0x00001dd8    0x1a  cmain.o [5]
  .text              ro code  0x00001df2     0x4  exit.o [3]
  .text              ro code  0x00001df6     0x2  iar_startup_nrf52.o [1]
  .text              ro code  0x00001df8     0xa  cexit.o [5]
  .text              ro code  0x00001e02     0x2  iar_startup_nrf52.o [1]
  .text              ro code  0x00001e04     0xc  XXexit.o [5]
  .text              ro code  0x00001e10    0x10  iar_startup_nrf52.o [1]
  .text              ro code  0x00001e20     0xc  cstartup_M.o [5]
  .text              ro code  0x00001e2c     0x2  iar_startup_nrf52.o [1]
  .text              ro code  0x00001e2e     0x2  iar_startup_nrf52.o [1]
  .text              ro code  0x00001e30     0x2  iar_startup_nrf52.o [1]
  .text              ro code  0x00001e32     0x2  iar_startup_nrf52.o [1]
  .text              ro code  0x00001e34     0x2  iar_startup_nrf52.o [1]
  .text              ro code  0x00001e36     0x2  iar_startup_nrf52.o [1]
  .text              ro code  0x00001e38     0x2  iar_startup_nrf52.o [1]
  .text              ro code  0x00001e3a     0x2  iar_startup_nrf52.o [1]
  .text              ro code  0x00001e3c     0x2  iar_startup_nrf52.o [1]
  .text              ro code  0x00001e3e     0x2  iar_startup_nrf52.o [1]
  .text              ro code  0x00001e40     0x2  iar_startup_nrf52.o [1]
  .text              ro code  0x00001e42     0x2  iar_startup_nrf52.o [1]
  .text              ro code  0x00001e44     0x2  iar_startup_nrf52.o [1]
  .text              ro code  0x00001e46     0x2  iar_startup_nrf52.o [1]
  .text              ro code  0x00001e48     0x2  iar_startup_nrf52.o [1]
  .text              ro code  0x00001e4a     0x2  iar_startup_nrf52.o [1]
  .text              ro code  0x00001e4c     0x2  iar_startup_nrf52.o [1]
  .text              ro code  0x00001e4e     0x2  iar_startup_nrf52.o [1]
  .text              ro code  0x00001e50     0x2  iar_startup_nrf52.o [1]
  .text              ro code  0x00001e52     0x2  iar_startup_nrf52.o [1]
  .text              ro code  0x00001e54     0x2  iar_startup_nrf52.o [1]
  .text              ro code  0x00001e56     0x2  iar_startup_nrf52.o [1]
  .text              ro code  0x00001e58     0x2  iar_startup_nrf52.o [1]
  .text              ro code  0x00001e5a     0x2  iar_startup_nrf52.o [1]
  .text              ro code  0x00001e5c     0x2  iar_startup_nrf52.o [1]
  .text              ro code  0x00001e5e     0x2  iar_startup_nrf52.o [1]
  .text              ro code  0x00001e60     0x2  iar_startup_nrf52.o [1]
  .text              ro code  0x00001e62     0x2  iar_startup_nrf52.o [1]
  .text              ro code  0x00001e64     0x2  iar_startup_nrf52.o [1]
  .text              ro code  0x00001e66     0x2  iar_startup_nrf52.o [1]
  .text              ro code  0x00001e68     0x2  iar_startup_nrf52.o [1]
  .text              ro code  0x00001e6a     0x2  iar_startup_nrf52.o [1]
  .text              ro code  0x00001e6c     0x2  iar_startup_nrf52.o [1]
  .text              ro code  0x00001e6e     0x2  iar_startup_nrf52.o [1]
  .rodata            const    0x00001e70     0x0  zero_init3.o [5]
  .rodata            const    0x00001e70     0x0  packbits_init_single.o [5]
  Initializer bytes  const    0x00001e70     0x9  <for P2-1>
                            - 0x00001e79  0x1c79

"P2", part 1 of 3:                          0x34
  P2-1                        0x20000000    0x34  <Init block>
    .data            inited   0x20000000     0x4  system_nrf52.o [1]
    .data            inited   0x20000004    0x30  tasks.o [1]
                            - 0x20000034    0x34

"P2", part 2 of 3:                         0x800
  CSTACK                      0x20000038   0x800  <Block>
    CSTACK           uninit   0x20000038   0x800  <Block tail>
                            - 0x20000838   0x800

"P2", part 3 of 3:                        0x117c
  .bss               zero     0x20000838  0x1008  heap_1.o [1]
  .bss               zero     0x20001840    0xac  tasks.o [1]
  .bss               zero     0x200018ec    0x58  nrf_drv_gpiote.o [1]
  .bss               zero     0x20001944    0x3c  timers.o [1]
  .bss               zero     0x20001980    0x14  nrf_drv_clock.o [1]
  .bss               zero     0x20001994    0x10  queue.o [1]
  .bss               zero     0x200019a4     0x8  main.o [1]
  .bss               zero     0x200019ac     0x4  app_util_platform.o [1]
  .bss               zero     0x200019b0     0x4  port_cmsis.o [1]
                            - 0x200019b4  0x117c


*******************************************************************************
*** INIT TABLE
***

          Address     Size
          -------     ----
Zero (__iar_zero_init3)
    1 destination range, total size 0x117c:
          0x20000838  0x117c

Copy/packbits (__iar_packbits_init_single3)
    1 source range, total size 0x9 (17% of destination):
          0x00001e70     0x9
    1 destination range, total size 0x34:
          0x20000000    0x34



*******************************************************************************
*** MODULE SUMMARY
***

    Module                  ro code  ro data  rw data
    ------                  -------  -------  -------
C:\NordicSemiconductor\SmartRemote52\nRF5xSDKv14.2\examples\peripheral\blinky_freertos\pca10040\blank\iar\_build: [1]
    app_error.o                  34
    app_error_weak.o             48
    app_util_platform.o          36                 4
    boards.o                    160
    heap_1.o                     76             4 104
    iar_startup_nrf52.o         610
    list.o                      136
    main.o                      160                 8
    nrf_drv_clock.o             324                20
    nrf_drv_common.o             68
    nrf_drv_gpiote.o            512                88
    port.o                      162
    port_cmsis.o                152                 4
    port_cmsis_systick.o        348
    queue.o                   1 132                16
    system_nrf52.o              656                 4
    tasks.o                   1 944        9      220
    timers.o                    764                60
    -------------------------------------------------
    Total:                    7 322        9    4 528

command line: [2]
    -------------------------------------------------
    Total:

dl7M_tlf.a: [3]
    exit.o                        4
    -------------------------------------------------
    Total:                        4

m7M_tls.a: [4]
    fpinit_M.o                   34
    -------------------------------------------------
    Total:                       34

rt7M_tl.a: [5]
    ABImemcpy_unaligned.o       118
    ABImemset48.o                58
    XXexit.o                     12
    cexit.o                      10
    cmain.o                      26
    cstartup_M.o                 12
    data_init.o                  40
    packbits_init_single.o       56
    zero_init3.o                 64
    -------------------------------------------------
    Total:                      396

    Gaps                          2        2
    Linker created                        32    2 048
-----------------------------------------------------
    Grand Total:              7 758       43    6 576


*******************************************************************************
*** ENTRY LIST
***

Entry                      Address    Size  Type      Object
-----                      -------    ----  ----      ------
.iar.init_table$$Base   0x00001db4           --   Gb  - Linker created -
.iar.init_table$$Limit  0x00001dd4           --   Gb  - Linker created -
?main                   0x00001dd9          Code  Gb  cmain.o [5]
CSTACK$$Base            0x20000038           --   Gb  - Linker created -
CSTACK$$Limit           0x20000838           --   Gb  - Linker created -
GPIOTE_IRQHandler       0x000019dd   0x168  Code  Gb  nrf_drv_gpiote.o [1]
POWER_CLOCK_IRQHandler  0x0000158f    0x46  Code  Gb  nrf_drv_clock.o [1]
PendSV_Handler          0x00000fdd    0x5e  Code  Gb  port.o [1]
RTC1_IRQHandler         0x00000dc5    0x62  Code  Gb  port_cmsis_systick.o [1]
Region$$Table$$Base     0x00001db4           --   Gb  - Linker created -
Region$$Table$$Limit    0x00001dd4           --   Gb  - Linker created -
SVC_Handler             0x00000fb9    0x22  Code  Gb  port.o [1]
SystemCoreClock         0x20000000     0x4  Data  Gb  system_nrf52.o [1]
SystemInit              0x000016cd   0x23a  Code  Gb  system_nrf52.o [1]
__ICFEDIT_region_RAM_end__ {Abs}
                        0x2000ffff          Data  Gb  command line/config [2]
__ICFEDIT_region_RAM_start__ {Abs}
                        0x20000000          Data  Gb  command line/config [2]
__Vectors               0x00000000           --   Gb  iar_startup_nrf52.o [1]
__Vectors_End           0x00000200          Data  Gb  iar_startup_nrf52.o [1]
__Vectors_Size {Abs}    0x00000200           --   Gb  iar_startup_nrf52.o [1]
__aeabi_memset4         0x00000f5d          Code  Gb  ABImemset48.o [5]
__aeabi_memset8         0x00000f5d          Code  Gb  ABImemset48.o [5]
__cmain                 0x00001dd9          Code  Gb  cmain.o [5]
__exit                  0x00001e05          Code  Gb  XXexit.o [5]
__iar_Memset4_word      0x00000f65          Code  Gb  ABImemset48.o [5]
__iar_Memset8_word      0x00000f65          Code  Gb  ABImemset48.o [5]
__iar_data_init3        0x00001d69    0x28  Code  Gb  data_init.o [5]
__iar_init_vfp          0x00001d91          Code  Gb  fpinit_M.o [4]
__iar_packbits_init_single3
                        0x00001d31    0x38  Code  Gb  packbits_init_single.o [5]
__iar_program_start     0x00001e21          Code  Gb  cstartup_M.o [5]
__iar_unaligned___aeabi_memcpy
                        0x000015ed          Code  Gb  ABImemcpy_unaligned.o [5]
__iar_unaligned___aeabi_memcpy4
                        0x0000160d          Code  Gb  ABImemcpy_unaligned.o [5]
__iar_unaligned___aeabi_memcpy8
                        0x0000160d          Code  Gb  ABImemcpy_unaligned.o [5]
__iar_zero_init3        0x00001cf1    0x40  Code  Gb  zero_init3.o [5]
__vector_table          0x00000000          Data  Gb  iar_startup_nrf52.o [1]
_call_main              0x00001de5          Code  Gb  cmain.o [5]
_exit                   0x00001df9          Code  Gb  cexit.o [5]
_main                   0x00001def          Code  Gb  cmain.o [5]
app_error_fault_handler
                        0x00001cc1    0x30  Code  Wk  app_error_weak.o [1]
app_error_handler_bare  0x00001c9d    0x14  Code  Gb  app_error.o [1]
app_util_critical_region_enter
                        0x000016c3     0x2  Code  Gb  app_util_platform.o [1]
app_util_critical_region_exit
                        0x000016c5     0x2  Code  Gb  app_util_platform.o [1]
app_util_disable_irq    0x000016a9     0xc  Code  Gb  app_util_platform.o [1]
app_util_enable_irq     0x000016b5     0xe  Code  Gb  app_util_platform.o [1]
bsp_board_led_invert    0x00001ba7    0x1c  Code  Gb  boards.o [1]
bsp_board_led_off       0x00001b8b     0xa  Code  Gb  boards.o [1]
bsp_board_leds_init     0x00001bd1    0x28  Code  Gb  boards.o [1]
bsp_board_leds_off      0x00001b95    0x12  Code  Gb  boards.o [1]
clock_clk_started_notify
                        0x0000156b    0x24  Code  Lc  nrf_drv_clock.o [1]
eTaskConfirmSleepModeStatus
                        0x00000735    0x14  Code  Gb  tasks.o [1]
exit                    0x00001df3     0x4  Code  Gb  exit.o [3]
item_enqueue            0x000014fd    0x16  Code  Lc  nrf_drv_clock.o [1]
led_toggle_task_function
                        0x00001bfd    0x10  Code  Lc  main.o [1]
led_toggle_task_handle  0x200019a8     0x4  Data  Gb  main.o [1]
led_toggle_timer_callback
                        0x00001c0d     0x6  Code  Lc  main.o [1]
led_toggle_timer_handle
                        0x200019a4     0x4  Data  Gb  main.o [1]
m_board_led_list        0x00001bf8     0x4  Data  Lc  boards.o [1]
m_cb                    0x200018ec    0x58  Data  Lc  nrf_drv_gpiote.o [1]
m_clock_cb              0x20001980    0x14  Data  Lc  nrf_drv_clock.o [1]
m_in_critical_region    0x200019ac     0x4  Data  Lc  app_util_platform.o [1]
main                    0x00001c13    0x6a  Code  Gb  main.o [1]
nrf_bitmask_bit_is_set  0x000019cd    0x10  Code  Lc  nrf_drv_gpiote.o [1]
nrf_clock_event_check   0x000014bd     0xe  Code  Lc  nrf_drv_clock.o [1]
nrf_clock_event_clear   0x000014a9    0x14  Code  Lc  nrf_drv_clock.o [1]
nrf_drv_clock_init      0x000014cb    0x32  Code  Gb  nrf_drv_clock.o [1]
nrf_drv_clock_lfclk_request
                        0x00001513    0x48  Code  Gb  nrf_drv_clock.o [1]
nrf_drv_common_irq_enable
                        0x00001665    0x34  Code  Gb  nrf_drv_common.o [1]
nrf_gpio_cfg            0x00001b5d    0x1c  Code  Lc  boards.o [1]
nrf_gpio_cfg_sense_set  0x00001987    0x22  Code  Lc  nrf_drv_gpiote.o [1]
nrf_gpio_pin_write      0x00001b79    0x12  Code  Lc  boards.o [1]
nrf_gpio_ports_read     0x000019a9    0x24  Code  Lc  nrf_drv_gpiote.o [1]
nrf_gpiote_event_clear  0x0000196f    0x18  Code  Lc  nrf_drv_gpiote.o [1]
nrf_gpiote_event_is_set
                        0x0000195d    0x12  Code  Lc  nrf_drv_gpiote.o [1]
nrf_rtc_event_clear     0x00000db5    0x10  Code  Lc  port_cmsis_systick.o [1]
prvAddCurrentTaskToDelayedList
                        0x0000079d    0x36  Code  Lc  tasks.o [1]
prvAllocateTCBAndStack  0x000007d3    0x38  Code  Lc  tasks.o [1]
prvCheckForValidListAndQueue
                        0x00000d57    0x46  Code  Lc  timers.o [1]
prvCopyDataFromQueue    0x000013c7    0x26  Code  Lc  queue.o [1]
prvCopyDataToQueue      0x00001359    0x6e  Code  Lc  queue.o [1]
prvGetExpectedIdleTime  0x000003c1    0x20  Code  Lc  tasks.o [1]
prvIdleTask             0x000006a5    0x72  Code  Lc  tasks.o [1]
prvInitialiseTCBVariables
                        0x00000749    0x54  Code  Lc  tasks.o [1]
prvInsertTimerInActiveList
                        0x00000c7d    0x34  Code  Lc  timers.o [1]
prvProcessReceivedCommands
                        0x00000cb1    0xa6  Code  Lc  timers.o [1]
prvResetNextTaskUnblockTime
                        0x0000080b    0x1e  Code  Lc  tasks.o [1]
prvSampleTimeNow        0x00000c0b    0x72  Code  Lc  timers.o [1]
prvSampleTimeNow::xLastTime
                        0x20001954     0x4  Data  Lc  timers.o [1]
prvTaskExitError        0x000009bd     0x8  Code  Lc  port_cmsis.o [1]
prvTimerTask            0x00000b6d    0x9e  Code  Lc  timers.o [1]
prvUnlockQueue          0x000013ed    0x5c  Code  Lc  queue.o [1]
pvPortMalloc            0x00000f11    0x48  Code  Gb  heap_1.o [1]
pvPortMalloc::pucAlignedHeap
                        0x2000083c     0x4  Data  Lc  heap_1.o [1]
pvTaskIncrementMutexHeldCount
                        0x00000929    0x12  Code  Gb  tasks.o [1]
pxCurrentTCB            0x20001854     0x4  Data  Gb  tasks.o [1]
pxCurrentTimerList      0x20001944     0x4  Data  Lc  timers.o [1]
pxDelayedTaskList       0x20001894     0x4  Data  Lc  tasks.o [1]
pxOverflowDelayedTaskList
                        0x20000018     0x4  Data  Lc  tasks.o [1]
pxOverflowTimerList     0x20001948     0x4  Data  Lc  timers.o [1]
pxPortInitialiseStack   0x00000999    0x24  Code  Gb  port_cmsis.o [1]
pxReadyTasksLists       0x20001858    0x3c  Data  Lc  tasks.o [1]
ucHeap                  0x20000840  0x1000  Data  Lc  heap_1.o [1]
ulPortRaiseBASEPRI      0x0000103d     0xc  Code  Lc  queue.o [1]
uxCriticalNesting       0x200019b0     0x4  Data  Lc  port_cmsis.o [1]
uxCurrentNumberOfTasks  0x200018b0     0x4  Data  Lc  tasks.o [1]
uxListRemove            0x00000a95    0x24  Code  Gb  list.o [1]
uxPendedTicks           0x20000024     0x4  Data  Lc  tasks.o [1]
uxSchedulerSuspended    0x200018c0     0x4  Data  Lc  tasks.o [1]
uxTaskNumber            0x2000002c     0x4  Data  Lc  tasks.o [1]
uxTasksDeleted          0x20001898     0x4  Data  Lc  tasks.o [1]
uxTopReadyPriority      0x200018b8     0x4  Data  Lc  tasks.o [1]
vListInitialise         0x00000a31    0x1a  Code  Gb  list.o [1]
vListInsert             0x00000a63    0x32  Code  Gb  list.o [1]
vListInsertEnd          0x00000a4b    0x18  Code  Gb  list.o [1]
vPortEnterCritical      0x000009fd    0x10  Code  Gb  port_cmsis.o [1]
vPortExitCritical       0x00000a0d    0x12  Code  Gb  port_cmsis.o [1]
vPortSetupTimerInterrupt
                        0x00000e27    0x30  Code  Gb  port_cmsis_systick.o [1]
vPortStartFirstTask     0x00000f99    0x1e  Code  Gb  port.o [1]
vPortSuppressTicksAndSleep
                        0x00000e57    0x8e  Code  Gb  port_cmsis_systick.o [1]
vQueueAddToRegistry     0x00001449    0x20  Code  Gb  queue.o [1]
vQueueWaitForMessageRestricted
                        0x00001471    0x38  Code  Gb  queue.o [1]
vTaskDelay              0x000002ff    0x26  Code  Gb  tasks.o [1]
vTaskMissedYield        0x00000699     0xa  Code  Gb  tasks.o [1]
vTaskPlaceOnEventList   0x00000571    0x18  Code  Gb  tasks.o [1]
vTaskPlaceOnEventListRestricted
                        0x000005c5    0x1c  Code  Gb  tasks.o [1]
vTaskPriorityInherit    0x00000845    0x7a  Code  Gb  tasks.o [1]
vTaskSetTimeOutState    0x0000063d    0x12  Code  Gb  tasks.o [1]
vTaskStartScheduler     0x00000363    0x4e  Code  Gb  tasks.o [1]
vTaskStepTick           0x0000048f     0xc  Code  Gb  tasks.o [1]
vTaskSuspendAll         0x000003b1    0x10  Code  Gb  tasks.o [1]
vTaskSwitchContext      0x00000531    0x40  Code  Gb  tasks.o [1]
xActiveTimerList1       0x20001958    0x14  Data  Lc  timers.o [1]
xActiveTimerList2       0x2000196c    0x14  Data  Lc  timers.o [1]
xDelayedTaskList1       0x200018c4    0x14  Data  Lc  tasks.o [1]
xDelayedTaskList2       0x200018d8    0x14  Data  Lc  tasks.o [1]
xIdleTaskHandle         0x2000001c     0x4  Data  Lc  tasks.o [1]
xNextFreeByte           0x20000838     0x4  Data  Lc  heap_1.o [1]
xNextTaskUnblockTime    0x20000030     0x4  Data  Lc  tasks.o [1]
xNumOfOverflows         0x20000028     0x4  Data  Lc  tasks.o [1]
xPendingReadyList       0x20001840    0x14  Data  Lc  tasks.o [1]
xPortStartScheduler     0x000009c5    0x38  Code  Gb  port_cmsis.o [1]
xQueueGenericCreate     0x000010b3    0x3a  Code  Gb  queue.o [1]
xQueueGenericReceive    0x0000122f   0x100  Code  Gb  queue.o [1]
xQueueGenericReset      0x00001049    0x6a  Code  Gb  queue.o [1]
xQueueGenericSend       0x000010ed    0xd4  Code  Gb  queue.o [1]
xQueueGenericSendFromISR
                        0x000011c1    0x54  Code  Gb  queue.o [1]
xQueueRegistry          0x20001994    0x10  Data  Gb  queue.o [1]
xSchedulerRunning       0x20000020     0x4  Data  Lc  tasks.o [1]
xSuspendedTaskList      0x2000189c    0x14  Data  Lc  tasks.o [1]
xTaskCheckForTimeOut    0x0000064f    0x42  Code  Gb  tasks.o [1]
xTaskGenericCreate      0x00000201    0xfe  Code  Gb  tasks.o [1]
xTaskGetSchedulerState  0x00000829    0x1c  Code  Gb  tasks.o [1]
xTaskGetTickCount       0x00000485     0x2  Code  Gb  tasks.o [1]
xTaskIncrementTick      0x0000049b    0x96  Code  Gb  tasks.o [1]
xTaskPriorityDisinherit
                        0x000008c5    0x5c  Code  Gb  tasks.o [1]
xTaskRemoveFromEventList
                        0x000005ed    0x50  Code  Gb  tasks.o [1]
xTaskResumeAll          0x000003e1    0x9a  Code  Gb  tasks.o [1]
xTasksWaitingTermination
                        0x20000004    0x14  Data  Lc  tasks.o [1]
xTickCount              0x200018b4     0x4  Data  Lc  tasks.o [1]
xTimerCreate            0x00000aed    0x3a  Code  Gb  timers.o [1]
xTimerCreateTimerTask   0x00000ab9    0x34  Code  Gb  timers.o [1]
xTimerGenericCommand    0x00000b27    0x46  Code  Gb  timers.o [1]
xTimerQueue             0x2000194c     0x4  Data  Lc  timers.o [1]
xTimerTaskHandle        0x20001950     0x4  Data  Lc  timers.o [1]
xYieldPending           0x200018bc     0x4  Data  Lc  tasks.o [1]


[1] = C:\NordicSemiconductor\SmartRemote52\nRF5xSDKv14.2\examples\peripheral\blinky_freertos\pca10040\blank\iar\_build
[2] = command line
[3] = dl7M_tlf.a
[4] = m7M_tls.a
[5] = rt7M_tl.a

  7 758 bytes of readonly  code memory
     43 bytes of readonly  data memory
  6 576 bytes of readwrite data memory

Errors: none
Warnings: none
